Microchip MPLAB XC8 Compiler V2.32

Linker command line:

-W-3 --edf=C:\Program Files\Microchip\xc8\v2.32\pic\dat\en_msgs.txt -cn \
  -h+dist/default/debug\galeoTesterBiModuleMaster.X.debug.sym \
  --cmf=dist/default/debug\galeoTesterBiModuleMaster.X.debug.cmf -z \
  -Q16LF1939 -oC:\Users\Michel\AppData\Local\Temp\xcAs7jg.4 \
  --defsym=__MPLAB_BUILD=1 \
  -Mdist/default/debug/galeoTesterBiModuleMaster.X.debug.map -E1 \
  -ver=XC8 Compiler --acfsm=1493 -ASTACK=02188h-023EFh -pstack=STACK \
  -ACODE=00h-07FFhx8 -ASTRCODE=00h-03FFFh -ASTRING=00h-0FFhx64 \
  -ACONST=00h-0FFhx64 -AENTRY=00h-0FFhx64 -ACOMMON=070h-07Fh \
  -ABANK0=020h-06Fh -ABANK1=0A0h-0EFh -ABANK2=0120h-016Fh \
  -ABANK3=01A0h-01EFh -ABANK4=0220h-026Fh -ABANK5=02A0h-02EFh \
  -ABANK6=0320h-036Fh -ABANK7=03A0h-03EFh -ABANK8=0420h-046Fh \
  -ABANK9=04A0h-04EFh -ABANK10=0520h-056Fh -ABANK11=05A0h-05EFh \
  -ABANK12=0620h-064Fh -ABIGRAM=02000h-023EFh \
  -ARAM=020h-06Fh,0A0h-0EFh,0120h-016Fh,01A0h-01EFh,0220h-026Fh,02A0h-02EFh,0320h-036Fh,03A0h-03EFh,0420h-046Fh,04A0h-04EFh,0520h-056Fh,05A0h-05EFh,0620h-064Fh \
  -AABS1=020h-07Fh,0A0h-0EFh,0120h-016Fh,01A0h-01EFh,0220h-026Fh,02A0h-02EFh,0320h-036Fh,03A0h-03EFh,0420h-046Fh,04A0h-04EFh,0520h-056Fh,05A0h-05EFh,0620h-064Fh \
  -ASFR0=00h-01Fh -ASFR1=080h-09Fh -ASFR2=0100h-011Fh -ASFR3=0180h-019Fh \
  -ASFR4=0200h-021Fh -ASFR5=0280h-029Fh -ASFR6=0300h-031Fh \
  -ASFR7=0380h-039Fh -ASFR8=0400h-041Fh -ASFR9=0480h-049Fh \
  -ASFR10=0500h-051Fh -ASFR11=0580h-059Fh -ASFR12=0600h-061Fh \
  -ASFR13=0680h-06EFh -ASFR14=0700h-076Fh -ASFR15=0780h-07EFh \
  -ASFR16=0800h-086Fh -ASFR17=0880h-08EFh -ASFR18=0900h-096Fh \
  -ASFR19=0980h-09EFh -ASFR20=0A00h-0A6Fh -ASFR21=0A80h-0AEFh \
  -ASFR22=0B00h-0B6Fh -ASFR23=0B80h-0BEFh -ASFR24=0C00h-0C6Fh \
  -ASFR25=0C80h-0CEFh -ASFR26=0D00h-0D6Fh -ASFR27=0D80h-0DEFh \
  -ASFR28=0E00h-0E6Fh -ASFR29=0E80h-0EEFh -ASFR30=0F00h-0F6Fh \
  -ASFR31=0F80h-0FEFh -ACONFIG=08007h-08008h -DCONFIG=2 \
  -AIDLOC=08000h-08003h -DIDLOC=2 -AEEDATA=00h-0FFh/0F000h \
  -peeprom_data=EEDATA -DEEDATA=2 -DCODE=2 -DSTRCODE=2 -DSTRING=2 -DCONST=2 \
  -DENTRY=2 -preset_vec=00h,intentry=04h,init,end_init -ppowerup=CODE \
  -pcinit=CODE -pfunctab=ENTRY -k \
  C:\Users\Michel\AppData\Local\Temp\xcAs7jg.o \
  dist/default/debug\galeoTesterBiModuleMaster.X.debug.o 

Object code version is 3.11

Machine type is 16LF1939



                Name                               Link     Load   Length Selector   Space Scale
C:\Users\Michel\AppData\Local\Temp\xcAs7jg.o
                end_init                             4A       4A        2        8       0
                reset_vec                             0        0        2        0       0
                config                             8007     8007        2        0       4
                idloc                              8000     8000        4        0       5
dist/default/debug\galeoTesterBiModuleMaster.X.debug.o
                cinit                                4C       4C       46        8       0
                intentry                              4        4       46        8       0
                maintext_split_3                    87F      87F      781     10FE       0
                maintext_split_2                     92       92      306        8       0
                maintext_split_1                   108A     108A      115     2114       0
                config                             8007     8007        2        0       4
                idloc                              8000     8000        4        0       5
                text126                            251B     251B       1B     4A36       0
                text125                            2217     2217        4     442E       0
                text124                            1000     1000        1     10FE       0
                text123                            221B     221B        4     4436       0
                text122                            1932     1932       41     3264       0
                text121                            2627     2627       22     4C4E       0
                text120                            2208     2208        3     4410       0
                text119                            220B     220B        3     4416       0
                text118                            23A4     23A4       10     4748       0
                text117                            2750     2750       2A     4EA0       0
                text116                            2304     2304        D     4608       0
                text115                            23D4     23D4       11     47A8       0
                text114                            23E5     23E5       11     47CA       0
                text113                            23F6     23F6       11     47EC       0
                text112                            2407     2407       11     480E       0
                text111                            246E     246E       18     48DC       0
                text110                            2206     2206        2     440C       0
                text109                               2        2        2        0       0
                text108                            220E     220E        3     441C       0
                text107                            221F     221F        4     443E       0
                text106                            2211     2211        3     4422       0
                text105                            2223     2223        4     4446       0
                text104                            222F     222F        5     445E       0
                text103                            227A     227A        6     44F4       0
                text102                            2214     2214        3     4428       0
                text101                            1839     1839       2F     3072       0
                text100                            2234     2234        5     4468       0
                text99                             22B6     22B6        9     456C       0
                text98                             22A6     22A6        8     454C       0
                text97                             1B7C     1B7C       57     36F8       0
                text96                             1973     1973       46     32E6       0
                text95                             2298     2298        7     4530       0
                text94                             2239     2239        5     4472       0
                text93                             223E     223E        5     447C       0
                text92                             2243     2243        5     4486       0
                text91                             2248     2248        5     4490       0
                text90                             224D     224D        5     449A       0
                text89                             2252     2252        5     44A4       0
                text88                             2257     2257        5     44AE       0
                text87                             225C     225C        5     44B8       0
                text86                             27A6     27A6       2D     4F4C       0
                text85                              800      800        3     1000       0
                text84                             180B     180B       2E     3016       0
                text83                             2227     2227        4     444E       0
                text81                             25E5     25E5       21     4BCA       0
                text80                             1800     1800        B     2B06       0
                text79                             2386     2386        F     470C       0
                text78                             22AE     22AE        8     455C       0
                text77                             22BF     22BF        9     457E       0
                text76                             22C8     22C8        9     4590       0
                text75                             22D1     22D1        9     45A2       0
                text74                             22DA     22DA        9     45B4       0
                text73                             22E3     22E3        9     45C6       0
                text72                             19FF     19FF       48     33FE       0
                text71                             22EC     22EC        C     45D8       0
                text70                             2588     2588       1F     4B10       0
                text69                             222B     222B        4     4456       0
                text68                             23B4     23B4       10     4768       0
                text67                             25A7     25A7       1F     4B4E       0
                text66                             2311     2311        D     4622       0
                text65                             22F8     22F8        C     45F0       0
                text64                             2280     2280        6     4500       0
                text63                             2286     2286        6     450C       0
                text62                             23C4     23C4       10     4788       0
                text61                             242C     242C       15     4858       0
                text60                             2486     2486       18     490C       0
                text59                             249E     249E       18     493C       0
                text58                              7F6      7F6        9        8       0
                text57                             1868     1868       2F     30D0       0
                text56                             24B6     24B6       19     496C       0
                text55                             25C6     25C6       1F     4B8C       0
                text54                             1AD9     1AD9       51     35B2       0
                text53                             277A     277A       2C     4EF4       0
                text52                             1A47     1A47       48     348E       0
                text51                             231E     231E        D     463C       0
                text50                             232B     232B        D     4656       0
                text49                             2338     2338        D     4670       0
                text48                             1EFB     1EFB      105     3DF6       0
                text47                             1E0E     1E0E       ED     3C1C       0
                text46                             256C     256C       1C     4AD8       0
                text45                             27D3     27D3       2D     4FA6       0
                text44                             229F     229F        7     453E       0
                text43                             1B2A     1B2A       52     3654       0
                text42                             2727     2727       29     4E4E       0
                text41                             2501     2501       1A     4A02       0
                text40                             1C2A     1C2A       5C     3854       0
                text39                             1413     1413      170     2826       0
                text38                             119F     119F      122     233E       0
                text37                             18C6     18C6       34     318C       0
                text36                             2441     2441       16     4882       0
                text35                             26D8     26D8       27     4DB0       0
                text34                             2457     2457       17     48AE       0
                text33                             1001     1001       89     2002       0
                text32                             1897     1897       2F     312E       0
                text31                             2536     2536       1B     4A6C       0
                text30                             2551     2551       1B     4AA2       0
                text29                             1D79     1D79       95     3AF2       0
                text28                             1C86     1C86       67     390C       0
                text27                             2345     2345        D     468A       0
                text26                             2352     2352        D     46A4       0
                text25                             235F     235F        D     46BE       0
                text24                             236C     236C        D     46D8       0
                text23                             1A8F     1A8F       4A     351E       0
                text22                             1BD3     1BD3       57     37A6       0
                text21                             2649     2649       23     4C92       0
                text20                             266C     266C       23     4CD8       0
                text19                             268F     268F       23     4D1E       0
                text18                             12C1     12C1      152     2582       0
                text17                              618      618      1DE        8       0
                text16                             19B9     19B9       46     3372       0
                text15                             2261     2261        5     44C2       0
                text14                             2266     2266        5     44CC       0
                text13                             226B     226B        5     44D6       0
                text12                             2270     2270        5     44E0       0
                text11                              398      398      280        8       0
                text10                             1CED     1CED       8C     39DA       0
                text9                              24CF     24CF       19     499E       0
                text8                              24E8     24E8       19     49D0       0
                text7                              2395     2395        F     472A       0
                text6                              2275     2275        5     44EA       0
                text5                              26B2     26B2       26     4D64       0
                text4                              2606     2606       21     4C0C       0
                text3                               803      803       7C     1006       0
                text2                              2379     2379        D     46F2       0
                text1                              18FA     18FA       38     31F4       0
                maintext                           1583     1583      27D     2B06       0
                cstackBANK0                          20       20       4A       20       1
                cstackCOMMON                         70       70        D       70       1
                cstackBANK1                          A0       A0       3F       A0       1
                cstackBANK2                         120      120       3B      120       1
                clrtext                            228C     228C        6     4518       0
                inittext                           2292     2292        6     4524       0
                dataBANK4                           220      220       28      220       1
                bssBANK4                            248      248       20      220       1
                dataBANK3                           1CD      1CD       14      1A0       1
                bssBANK3                            1A0      1A0       2D      1A0       1
                bssBANK2                            15B      15B       14      120       1
                dataBANK1                            EE       EE        1       A0       1
                bssBANK1                             DF       DF        F       A0       1
                bssBANK0                             6A       6A        3       20       1
                bssCOMMON                            7D       7D        1       70       1
                stringtext116                      2F0A     2F0A        3     5000       0
                stringtext115                      2F02     2F02        8     5000       0
                stringtext114                      2EFA     2EFA        8     5000       0
                stringtext113                      2EF2     2EF2        8     5000       0
                stringtext112                      2EEA     2EEA        8     5000       0
                stringtext111                      2EE2     2EE2        8     5000       0
                stringtext110                      2EDA     2EDA        8     5000       0
                stringtext109                      2ED2     2ED2        8     5000       0
                stringtext108                      2ECA     2ECA        8     5000       0
                stringtext107                      2EC2     2EC2        8     5000       0
                stringtext106                      2EBA     2EBA        8     5000       0
                stringtext105                      2EB2     2EB2        8     5000       0
                stringtext104                      2EA9     2EA9        9     5000       0
                stringtext103                      2EA0     2EA0        9     5000       0
                stringtext102                      2E97     2E97        9     5000       0
                stringtext101                      2E8E     2E8E        9     5000       0
                stringtext100                      2E85     2E85        9     5000       0
                stringtext99                       2E7C     2E7C        9     5000       0
                stringtext98                       2E73     2E73        9     5000       0
                stringtext97                       2E6A     2E6A        9     5000       0
                stringtext96                       2E61     2E61        9     5000       0
                stringtext95                       2E56     2E56        B     5000       0
                stringtext94                       2E4B     2E4B        B     5000       0
                stringtext93                       2E3F     2E3F        C     5000       0
                stringtext92                       2E33     2E33        C     5000       0
                stringtext91                       2E27     2E27        C     5000       0
                stringtext90                       2E1B     2E1B        C     5000       0
                stringtext89                       2E0F     2E0F        C     5000       0
                stringtext88                       2E03     2E03        C     5000       0
                stringtext87                       2DF7     2DF7        C     5000       0
                stringtext86                       2DEB     2DEB        C     5000       0
                stringtext85                       2DDF     2DDF        C     5000       0
                stringtext84                       2DD3     2DD3        C     5000       0
                stringtext83                       2DC7     2DC7        C     5000       0
                stringtext82                       2DBA     2DBA        D     5000       0
                stringtext81                       2DAD     2DAD        D     5000       0
                stringtext80                       2DA0     2DA0        D     5000       0
                stringtext79                       2D93     2D93        D     5000       0
                stringtext78                       2D86     2D86        D     5000       0
                stringtext77                       2D79     2D79        D     5000       0
                stringtext76                       2D6C     2D6C        D     5000       0
                stringtext75                       2D5F     2D5F        D     5000       0
                stringtext74                       2D52     2D52        D     5000       0
                stringtext73                       2D45     2D45        D     5000       0
                stringtext72                       2D37     2D37        E     5000       0
                stringtext71                       2D29     2D29        E     5000       0
                stringtext70                       2D1B     2D1B        E     5000       0
                stringtext69                       2D0C     2D0C        F     5000       0
                stringtext68                       2CFD     2CFD        F     5000       0
                stringtext67                       2CEE     2CEE        F     5000       0
                stringtext66                       2CDF     2CDF        F     5000       0
                stringtext65                       2CD0     2CD0        F     5000       0
                stringtext64                       2CC1     2CC1        F     5000       0
                stringtext63                       2CB2     2CB2        F     5000       0
                stringtext62                       2CA3     2CA3        F     5000       0
                stringtext61                       2C94     2C94        F     5000       0
                stringtext60                       2C84     2C84       10     5000       0
                stringtext59                       2C74     2C74       10     5000       0
                stringtext58                       2C63     2C63       11     5000       0
                stringtext57                       2C52     2C52       11     5000       0
                stringtext56                       2C41     2C41       11     5000       0
                stringtext55                       2C30     2C30       11     5000       0
                stringtext54                       2C1F     2C1F       11     5000       0
                stringtext53                       2C0E     2C0E       11     5000       0
                stringtext52                       2BFD     2BFD       11     5000       0
                stringtext51                       2BEC     2BEC       11     5000       0
                stringtext50                       2BDB     2BDB       11     5000       0
                stringtext49                       2BCA     2BCA       11     5000       0
                stringtext48                       2BB9     2BB9       11     5000       0
                stringtext47                       2BA8     2BA8       11     5000       0
                stringtext46                       2B97     2B97       11     5000       0
                stringtext45                       2B86     2B86       11     5000       0
                stringtext44                       2B75     2B75       11     5000       0
                stringtext43                       2B64     2B64       11     5000       0
                stringtext42                       2B52     2B52       12     5000       0
                stringtext41                       2B40     2B40       12     5000       0
                stringtext40                       2B2E     2B2E       12     5000       0
                stringtext39                       2B1C     2B1C       12     5000       0
                stringtext38                       2B0A     2B0A       12     5000       0
                stringtext37                       2AF8     2AF8       12     5000       0
                stringtext36                       2AE6     2AE6       12     5000       0
                stringtext35                       2AD4     2AD4       12     5000       0
                stringtext34                       2AC2     2AC2       12     5000       0
                stringtext33                       2AB0     2AB0       12     5000       0
                stringtext32                       2A9E     2A9E       12     5000       0
                stringtext31                       2A8C     2A8C       12     5000       0
                stringtext30                       2A7A     2A7A       12     5000       0
                stringtext29                       2A68     2A68       12     5000       0
                stringtext28                       2A56     2A56       12     5000       0
                stringtext27                       2A43     2A43       13     5000       0
                stringtext26                       2A30     2A30       13     5000       0
                stringtext25                       2A1D     2A1D       13     5000       0
                stringtext24                       2A09     2A09       14     5000       0
                stringtext23                       29F5     29F5       14     5000       0
                stringtext22                       29E1     29E1       14     5000       0
                stringtext21                       29CC     29CC       15     5000       0
                stringtext20                       29B7     29B7       15     5000       0
                stringtext19                       29A2     29A2       15     5000       0
                stringtext18                       298D     298D       15     5000       0
                stringtext17                       2978     2978       15     5000       0
                stringtext16                       2963     2963       15     5000       0
                stringtext15                       294C     294C       17     5000       0
                stringtext14                       2935     2935       17     5000       0
                stringtext13                       291E     291E       17     5000       0
                stringtext12                       2907     2907       17     5000       0
                stringtext11                       28EF     28EF       18     5000       0
                stringtext10                       28D7     28D7       18     5000       0
                stringtext9                        28BE     28BE       19     5000       0
                stringtext8                        28A5     28A5       19     5000       0
                stringtext7                        288B     288B       1A     5000       0
                stringtext6                        2871     2871       1A     5000       0
                stringtext5                        2857     2857       1A     5000       0
                stringtext4                        283B     283B       1C     5000       0
                stringtext3                        281F     281F       1C     5000       0
                stringtext2                        2800     2800       1F     5000       0
                stringtext1                        2000     2000       4A     4000       0
                idataBANK4                         26FF     26FF       28     4DFE       0
                idataBANK3                         2418     2418       14     4830       0
                idataBANK1                          7FF      7FF        1        8       0

TOTAL           Name                               Link     Load   Length     Space
        CLASS   STACK          

        CLASS   CODE           
                end_init                             4A       4A        2         0
                cinit                                4C       4C       46         0
                intentry                              4        4       46         0
                reset_vec                             0        0        2         0
                maintext_split_3                    87F      87F      781         0
                maintext_split_2                     92       92      306         0
                maintext_split_1                   108A     108A      115         0
                text126                            251B     251B       1B         0
                text125                            2217     2217        4         0
                text124                            1000     1000        1         0
                text123                            221B     221B        4         0
                text122                            1932     1932       41         0
                text121                            2627     2627       22         0
                text120                            2208     2208        3         0
                text119                            220B     220B        3         0
                text118                            23A4     23A4       10         0
                text117                            2750     2750       2A         0
                text116                            2304     2304        D         0
                text115                            23D4     23D4       11         0
                text114                            23E5     23E5       11         0
                text113                            23F6     23F6       11         0
                text112                            2407     2407       11         0
                text111                            246E     246E       18         0
                text110                            2206     2206        2         0
                text109                               2        2        2         0
                text108                            220E     220E        3         0
                text107                            221F     221F        4         0
                text106                            2211     2211        3         0
                text105                            2223     2223        4         0
                text104                            222F     222F        5         0
                text103                            227A     227A        6         0
                text102                            2214     2214        3         0
                text101                            1839     1839       2F         0
                text100                            2234     2234        5         0
                text99                             22B6     22B6        9         0
                text98                             22A6     22A6        8         0
                text97                             1B7C     1B7C       57         0
                text96                             1973     1973       46         0
                text95                             2298     2298        7         0
                text94                             2239     2239        5         0
                text93                             223E     223E        5         0
                text92                             2243     2243        5         0
                text91                             2248     2248        5         0
                text90                             224D     224D        5         0
                text89                             2252     2252        5         0
                text88                             2257     2257        5         0
                text87                             225C     225C        5         0
                text86                             27A6     27A6       2D         0
                text85                              800      800        3         0
                text84                             180B     180B       2E         0
                text83                             2227     2227        4         0
                text81                             25E5     25E5       21         0
                text80                             1800     1800        B         0
                text79                             2386     2386        F         0
                text78                             22AE     22AE        8         0
                text77                             22BF     22BF        9         0
                text76                             22C8     22C8        9         0
                text75                             22D1     22D1        9         0
                text74                             22DA     22DA        9         0
                text73                             22E3     22E3        9         0
                text72                             19FF     19FF       48         0
                text71                             22EC     22EC        C         0
                text70                             2588     2588       1F         0
                text69                             222B     222B        4         0
                text68                             23B4     23B4       10         0
                text67                             25A7     25A7       1F         0
                text66                             2311     2311        D         0
                text65                             22F8     22F8        C         0
                text64                             2280     2280        6         0
                text63                             2286     2286        6         0
                text62                             23C4     23C4       10         0
                text61                             242C     242C       15         0
                text60                             2486     2486       18         0
                text59                             249E     249E       18         0
                text58                              7F6      7F6        9         0
                text57                             1868     1868       2F         0
                text56                             24B6     24B6       19         0
                text55                             25C6     25C6       1F         0
                text54                             1AD9     1AD9       51         0
                text53                             277A     277A       2C         0
                text52                             1A47     1A47       48         0
                text51                             231E     231E        D         0
                text50                             232B     232B        D         0
                text49                             2338     2338        D         0
                text48                             1EFB     1EFB      105         0
                text47                             1E0E     1E0E       ED         0
                text46                             256C     256C       1C         0
                text45                             27D3     27D3       2D         0
                text44                             229F     229F        7         0
                text43                             1B2A     1B2A       52         0
                text42                             2727     2727       29         0
                text41                             2501     2501       1A         0
                text40                             1C2A     1C2A       5C         0
                text39                             1413     1413      170         0
                text38                             119F     119F      122         0
                text37                             18C6     18C6       34         0
                text36                             2441     2441       16         0
                text35                             26D8     26D8       27         0
                text34                             2457     2457       17         0
                text33                             1001     1001       89         0
                text32                             1897     1897       2F         0
                text31                             2536     2536       1B         0
                text30                             2551     2551       1B         0
                text29                             1D79     1D79       95         0
                text28                             1C86     1C86       67         0
                text27                             2345     2345        D         0
                text26                             2352     2352        D         0
                text25                             235F     235F        D         0
                text24                             236C     236C        D         0
                text23                             1A8F     1A8F       4A         0
                text22                             1BD3     1BD3       57         0
                text21                             2649     2649       23         0
                text20                             266C     266C       23         0
                text19                             268F     268F       23         0
                text18                             12C1     12C1      152         0
                text17                              618      618      1DE         0
                text16                             19B9     19B9       46         0
                text15                             2261     2261        5         0
                text14                             2266     2266        5         0
                text13                             226B     226B        5         0
                text12                             2270     2270        5         0
                text11                              398      398      280         0
                text10                             1CED     1CED       8C         0
                text9                              24CF     24CF       19         0
                text8                              24E8     24E8       19         0
                text7                              2395     2395        F         0
                text6                              2275     2275        5         0
                text5                              26B2     26B2       26         0
                text4                              2606     2606       21         0
                text3                               803      803       7C         0
                text2                              2379     2379        D         0
                text1                              18FA     18FA       38         0
                maintext                           1583     1583      27D         0
                clrtext                            228C     228C        6         0
                inittext                           2292     2292        6         0
                idataBANK4                         26FF     26FF       28         0
                idataBANK3                         2418     2418       14         0
                idataBANK1                          7FF      7FF        1         0

        CLASS   STRCODE        
                stringtext116                      2F0A     2F0A        3         0
                stringtext115                      2F02     2F02        8         0
                stringtext114                      2EFA     2EFA        8         0
                stringtext113                      2EF2     2EF2        8         0
                stringtext112                      2EEA     2EEA        8         0
                stringtext111                      2EE2     2EE2        8         0
                stringtext110                      2EDA     2EDA        8         0
                stringtext109                      2ED2     2ED2        8         0
                stringtext108                      2ECA     2ECA        8         0
                stringtext107                      2EC2     2EC2        8         0
                stringtext106                      2EBA     2EBA        8         0
                stringtext105                      2EB2     2EB2        8         0
                stringtext104                      2EA9     2EA9        9         0
                stringtext103                      2EA0     2EA0        9         0
                stringtext102                      2E97     2E97        9         0
                stringtext101                      2E8E     2E8E        9         0
                stringtext100                      2E85     2E85        9         0
                stringtext99                       2E7C     2E7C        9         0
                stringtext98                       2E73     2E73        9         0
                stringtext97                       2E6A     2E6A        9         0
                stringtext96                       2E61     2E61        9         0
                stringtext95                       2E56     2E56        B         0
                stringtext94                       2E4B     2E4B        B         0
                stringtext93                       2E3F     2E3F        C         0
                stringtext92                       2E33     2E33        C         0
                stringtext91                       2E27     2E27        C         0
                stringtext90                       2E1B     2E1B        C         0
                stringtext89                       2E0F     2E0F        C         0
                stringtext88                       2E03     2E03        C         0
                stringtext87                       2DF7     2DF7        C         0
                stringtext86                       2DEB     2DEB        C         0
                stringtext85                       2DDF     2DDF        C         0
                stringtext84                       2DD3     2DD3        C         0
                stringtext83                       2DC7     2DC7        C         0
                stringtext82                       2DBA     2DBA        D         0
                stringtext81                       2DAD     2DAD        D         0
                stringtext80                       2DA0     2DA0        D         0
                stringtext79                       2D93     2D93        D         0
                stringtext78                       2D86     2D86        D         0
                stringtext77                       2D79     2D79        D         0
                stringtext76                       2D6C     2D6C        D         0
                stringtext75                       2D5F     2D5F        D         0
                stringtext74                       2D52     2D52        D         0
                stringtext73                       2D45     2D45        D         0
                stringtext72                       2D37     2D37        E         0
                stringtext71                       2D29     2D29        E         0
                stringtext70                       2D1B     2D1B        E         0
                stringtext69                       2D0C     2D0C        F         0
                stringtext68                       2CFD     2CFD        F         0
                stringtext67                       2CEE     2CEE        F         0
                stringtext66                       2CDF     2CDF        F         0
                stringtext65                       2CD0     2CD0        F         0
                stringtext64                       2CC1     2CC1        F         0
                stringtext63                       2CB2     2CB2        F         0
                stringtext62                       2CA3     2CA3        F         0
                stringtext61                       2C94     2C94        F         0
                stringtext60                       2C84     2C84       10         0
                stringtext59                       2C74     2C74       10         0
                stringtext58                       2C63     2C63       11         0
                stringtext57                       2C52     2C52       11         0
                stringtext56                       2C41     2C41       11         0
                stringtext55                       2C30     2C30       11         0
                stringtext54                       2C1F     2C1F       11         0
                stringtext53                       2C0E     2C0E       11         0
                stringtext52                       2BFD     2BFD       11         0
                stringtext51                       2BEC     2BEC       11         0
                stringtext50                       2BDB     2BDB       11         0
                stringtext49                       2BCA     2BCA       11         0
                stringtext48                       2BB9     2BB9       11         0
                stringtext47                       2BA8     2BA8       11         0
                stringtext46                       2B97     2B97       11         0
                stringtext45                       2B86     2B86       11         0
                stringtext44                       2B75     2B75       11         0
                stringtext43                       2B64     2B64       11         0
                stringtext42                       2B52     2B52       12         0
                stringtext41                       2B40     2B40       12         0
                stringtext40                       2B2E     2B2E       12         0
                stringtext39                       2B1C     2B1C       12         0
                stringtext38                       2B0A     2B0A       12         0
                stringtext37                       2AF8     2AF8       12         0
                stringtext36                       2AE6     2AE6       12         0
                stringtext35                       2AD4     2AD4       12         0
                stringtext34                       2AC2     2AC2       12         0
                stringtext33                       2AB0     2AB0       12         0
                stringtext32                       2A9E     2A9E       12         0
                stringtext31                       2A8C     2A8C       12         0
                stringtext30                       2A7A     2A7A       12         0
                stringtext29                       2A68     2A68       12         0
                stringtext28                       2A56     2A56       12         0
                stringtext27                       2A43     2A43       13         0
                stringtext26                       2A30     2A30       13         0
                stringtext25                       2A1D     2A1D       13         0
                stringtext24                       2A09     2A09       14         0
                stringtext23                       29F5     29F5       14         0
                stringtext22                       29E1     29E1       14         0
                stringtext21                       29CC     29CC       15         0
                stringtext20                       29B7     29B7       15         0
                stringtext19                       29A2     29A2       15         0
                stringtext18                       298D     298D       15         0
                stringtext17                       2978     2978       15         0
                stringtext16                       2963     2963       15         0
                stringtext15                       294C     294C       17         0
                stringtext14                       2935     2935       17         0
                stringtext13                       291E     291E       17         0
                stringtext12                       2907     2907       17         0
                stringtext11                       28EF     28EF       18         0
                stringtext10                       28D7     28D7       18         0
                stringtext9                        28BE     28BE       19         0
                stringtext8                        28A5     28A5       19         0
                stringtext7                        288B     288B       1A         0
                stringtext6                        2871     2871       1A         0
                stringtext5                        2857     2857       1A         0
                stringtext4                        283B     283B       1C         0
                stringtext3                        281F     281F       1C         0
                stringtext2                        2800     2800       1F         0
                stringtext1                        2000     2000       4A         0

        CLASS   STRING         

        CLASS   CONST          

        CLASS   ENTRY          

        CLASS   COMMON         
                cstackCOMMON                         70       70        D         1
                bssCOMMON                            7D       7D        1         1

        CLASS   BANK0          
                cstackBANK0                          20       20       4A         1
                bssBANK0                             6A       6A        3         1

        CLASS   BANK1          
                cstackBANK1                          A0       A0       3F         1
                dataBANK1                            EE       EE        1         1
                bssBANK1                             DF       DF        F         1

        CLASS   BANK2          
                cstackBANK2                         120      120       3B         1
                bssBANK2                            15B      15B       14         1

        CLASS   BANK3          
                dataBANK3                           1CD      1CD       14         1
                bssBANK3                            1A0      1A0       2D         1

        CLASS   BANK4          
                dataBANK4                           220      220       28         1
                bssBANK4                            248      248       20         1

        CLASS   BANK5          

        CLASS   BANK6          

        CLASS   BANK7          

        CLASS   BANK8          

        CLASS   BANK9          

        CLASS   BANK10         

        CLASS   BANK11         

        CLASS   BANK12         

        CLASS   BIGRAM         

        CLASS   RAM            

        CLASS   ABS1           
                abs_s1                               7E       7E        2         1

        CLASS   SFR0           

        CLASS   SFR1           

        CLASS   SFR2           

        CLASS   SFR3           

        CLASS   SFR4           

        CLASS   SFR5           

        CLASS   SFR6           

        CLASS   SFR7           

        CLASS   SFR8           

        CLASS   SFR9           

        CLASS   SFR10          

        CLASS   SFR11          

        CLASS   SFR12          

        CLASS   SFR13          

        CLASS   SFR14          

        CLASS   SFR15          

        CLASS   SFR16          

        CLASS   SFR17          

        CLASS   SFR18          

        CLASS   SFR19          

        CLASS   SFR20          

        CLASS   SFR21          

        CLASS   SFR22          

        CLASS   SFR23          

        CLASS   SFR24          

        CLASS   SFR25          

        CLASS   SFR26          

        CLASS   SFR27          

        CLASS   SFR28          

        CLASS   SFR29          

        CLASS   SFR30          

        CLASS   SFR31          

        CLASS   CONFIG         
                config                             8007     8007        2         4

        CLASS   IDLOC          
                idloc                              8000     8000        4         5

        CLASS   EEDATA         

        CLASS   BANK31         

        CLASS   BANK30         

        CLASS   BANK29         

        CLASS   BANK28         

        CLASS   BANK27         

        CLASS   BANK26         

        CLASS   BANK25         

        CLASS   BANK24         

        CLASS   BANK23         

        CLASS   BANK22         

        CLASS   BANK21         

        CLASS   BANK20         

        CLASS   BANK19         

        CLASS   BANK18         

        CLASS   BANK17         

        CLASS   BANK16         

        CLASS   BANK15         

        CLASS   BANK14         

        CLASS   BANK13         



SEGMENTS        Name                           Load    Length   Top    Selector   Space  Class     Delta

                reset_vec                      000000  000004  000004         0       0  CODE        2
                intentry                       000004  0007FC  000800         8       0  CODE        2
                cstackBANK0                    000020  00004D  00006D        20       1  BANK0       1
                cstackCOMMON                   000070  00000E  00007E        70       1  COMMON      1
                cstackBANK1                    0000A0  00004F  0000EF        A0       1  BANK1       1
                cstackBANK2                    000120  00004F  00016F       120       1  BANK2       1
                bssBANK3                       0001A0  000041  0001E1       1A0       1  BANK3       1
                dataBANK4                      000220  000048  000268       220       1  BANK4       1
                text85                         000800  000003  000803      1000       0  CODE        2
                text3                          000803  00007C  00087F      1006       0  CODE        2
                maintext_split_3               00087F  000782  001001      10FE       0  CODE        2
                text33                         001001  000089  00108A      2002       0  CODE        2
                maintext_split_1               00108A  000115  00119F      2114       0  CODE        2
                text38                         00119F  000122  0012C1      233E       0  CODE        2
                text18                         0012C1  000152  001413      2582       0  CODE        2
                text39                         001413  000170  001583      2826       0  CODE        2
                maintext                       001583  000288  00180B      2B06       0  CODE        2
                text84                         00180B  00002E  001839      3016       0  CODE        2
                text101                        001839  00002F  001868      3072       0  CODE        2
                text57                         001868  00002F  001897      30D0       0  CODE        2
                text32                         001897  00002F  0018C6      312E       0  CODE        2
                text37                         0018C6  000034  0018FA      318C       0  CODE        2
                text1                          0018FA  000038  001932      31F4       0  CODE        2
                text122                        001932  000041  001973      3264       0  CODE        2
                text96                         001973  000046  0019B9      32E6       0  CODE        2
                text16                         0019B9  000046  0019FF      3372       0  CODE        2
                text72                         0019FF  000048  001A47      33FE       0  CODE        2
                text52                         001A47  000048  001A8F      348E       0  CODE        2
                text23                         001A8F  00004A  001AD9      351E       0  CODE        2
                text54                         001AD9  000051  001B2A      35B2       0  CODE        2
                text43                         001B2A  000052  001B7C      3654       0  CODE        2
                text97                         001B7C  000057  001BD3      36F8       0  CODE        2
                text22                         001BD3  000057  001C2A      37A6       0  CODE        2
                text40                         001C2A  00005C  001C86      3854       0  CODE        2
                text28                         001C86  000067  001CED      390C       0  CODE        2
                text10                         001CED  00008C  001D79      39DA       0  CODE        2
                text29                         001D79  000095  001E0E      3AF2       0  CODE        2
                text47                         001E0E  0000ED  001EFB      3C1C       0  CODE        2
                text48                         001EFB  000105  002000      3DF6       0  CODE        2
                stringtext1                    002000  00004A  00204A      4000       0  STRCODE     2
                text110                        002206  000002  002208      440C       0  CODE        2
                text120                        002208  000003  00220B      4410       0  CODE        2
                text119                        00220B  000003  00220E      4416       0  CODE        2
                text108                        00220E  000003  002211      441C       0  CODE        2
                text106                        002211  000003  002214      4422       0  CODE        2
                text102                        002214  000003  002217      4428       0  CODE        2
                text125                        002217  000004  00221B      442E       0  CODE        2
                text123                        00221B  000004  00221F      4436       0  CODE        2
                text107                        00221F  000004  002223      443E       0  CODE        2
                text105                        002223  000004  002227      4446       0  CODE        2
                text83                         002227  000004  00222B      444E       0  CODE        2
                text69                         00222B  000004  00222F      4456       0  CODE        2
                text104                        00222F  000005  002234      445E       0  CODE        2
                text100                        002234  000005  002239      4468       0  CODE        2
                text94                         002239  000005  00223E      4472       0  CODE        2
                text93                         00223E  000005  002243      447C       0  CODE        2
                text92                         002243  000005  002248      4486       0  CODE        2
                text91                         002248  000005  00224D      4490       0  CODE        2
                text90                         00224D  000005  002252      449A       0  CODE        2
                text89                         002252  000005  002257      44A4       0  CODE        2
                text88                         002257  000005  00225C      44AE       0  CODE        2
                text87                         00225C  000005  002261      44B8       0  CODE        2
                text15                         002261  000005  002266      44C2       0  CODE        2
                text14                         002266  000005  00226B      44CC       0  CODE        2
                text13                         00226B  000005  002270      44D6       0  CODE        2
                text12                         002270  000005  002275      44E0       0  CODE        2
                text6                          002275  000005  00227A      44EA       0  CODE        2
                text103                        00227A  000006  002280      44F4       0  CODE        2
                text64                         002280  000006  002286      4500       0  CODE        2
                text63                         002286  000006  00228C      450C       0  CODE        2
                clrtext                        00228C  000006  002292      4518       0  CODE        2
                inittext                       002292  000006  002298      4524       0  CODE        2
                text95                         002298  000007  00229F      4530       0  CODE        2
                text44                         00229F  000007  0022A6      453E       0  CODE        2
                text98                         0022A6  000008  0022AE      454C       0  CODE        2
                text78                         0022AE  000008  0022B6      455C       0  CODE        2
                text99                         0022B6  000009  0022BF      456C       0  CODE        2
                text77                         0022BF  000009  0022C8      457E       0  CODE        2
                text76                         0022C8  000009  0022D1      4590       0  CODE        2
                text75                         0022D1  000009  0022DA      45A2       0  CODE        2
                text74                         0022DA  000009  0022E3      45B4       0  CODE        2
                text73                         0022E3  000009  0022EC      45C6       0  CODE        2
                text71                         0022EC  00000C  0022F8      45D8       0  CODE        2
                text65                         0022F8  00000C  002304      45F0       0  CODE        2
                text116                        002304  00000D  002311      4608       0  CODE        2
                text66                         002311  00000D  00231E      4622       0  CODE        2
                text51                         00231E  00000D  00232B      463C       0  CODE        2
                text50                         00232B  00000D  002338      4656       0  CODE        2
                text49                         002338  00000D  002345      4670       0  CODE        2
                text27                         002345  00000D  002352      468A       0  CODE        2
                text26                         002352  00000D  00235F      46A4       0  CODE        2
                text25                         00235F  00000D  00236C      46BE       0  CODE        2
                text24                         00236C  00000D  002379      46D8       0  CODE        2
                text2                          002379  00000D  002386      46F2       0  CODE        2
                text79                         002386  00000F  002395      470C       0  CODE        2
                text7                          002395  00000F  0023A4      472A       0  CODE        2
                text118                        0023A4  000010  0023B4      4748       0  CODE        2
                text68                         0023B4  000010  0023C4      4768       0  CODE        2
                text62                         0023C4  000010  0023D4      4788       0  CODE        2
                text115                        0023D4  000011  0023E5      47A8       0  CODE        2
                text114                        0023E5  000011  0023F6      47CA       0  CODE        2
                text113                        0023F6  000011  002407      47EC       0  CODE        2
                text112                        002407  000011  002418      480E       0  CODE        2
                idataBANK3                     002418  000014  00242C      4830       0  CODE        2
                text61                         00242C  000015  002441      4858       0  CODE        2
                text36                         002441  000016  002457      4882       0  CODE        2
                text34                         002457  000017  00246E      48AE       0  CODE        2
                text111                        00246E  000018  002486      48DC       0  CODE        2
                text60                         002486  000018  00249E      490C       0  CODE        2
                text59                         00249E  000018  0024B6      493C       0  CODE        2
                text56                         0024B6  000019  0024CF      496C       0  CODE        2
                text9                          0024CF  000019  0024E8      499E       0  CODE        2
                text8                          0024E8  000019  002501      49D0       0  CODE        2
                text41                         002501  00001A  00251B      4A02       0  CODE        2
                text126                        00251B  00001B  002536      4A36       0  CODE        2
                text31                         002536  00001B  002551      4A6C       0  CODE        2
                text30                         002551  00001B  00256C      4AA2       0  CODE        2
                text46                         00256C  00001C  002588      4AD8       0  CODE        2
                text70                         002588  00001F  0025A7      4B10       0  CODE        2
                text67                         0025A7  00001F  0025C6      4B4E       0  CODE        2
                text55                         0025C6  00001F  0025E5      4B8C       0  CODE        2
                text81                         0025E5  000021  002606      4BCA       0  CODE        2
                text4                          002606  000021  002627      4C0C       0  CODE        2
                text121                        002627  000022  002649      4C4E       0  CODE        2
                text21                         002649  000023  00266C      4C92       0  CODE        2
                text20                         00266C  000023  00268F      4CD8       0  CODE        2
                text19                         00268F  000023  0026B2      4D1E       0  CODE        2
                text5                          0026B2  000026  0026D8      4D64       0  CODE        2
                text35                         0026D8  000027  0026FF      4DB0       0  CODE        2
                idataBANK4                     0026FF  000028  002727      4DFE       0  CODE        2
                text42                         002727  000029  002750      4E4E       0  CODE        2
                text117                        002750  00002A  00277A      4EA0       0  CODE        2
                text53                         00277A  00002C  0027A6      4EF4       0  CODE        2
                text86                         0027A6  00002D  0027D3      4F4C       0  CODE        2
                text45                         0027D3  00002D  002800      4FA6       0  CODE        2
                stringtext2                    002800  00070D  002F0D      5000       0  STRCODE     2


UNUSED ADDRESS RANGES

        Name                Unused          Largest block    Delta
        BANK0            000006D-000006F                 3           1
        BANK1            00000EF-00000EF                 1           1
        BANK10           0000520-000056F                50           1
        BANK11           00005A0-00005EF                50           1
        BANK12           0000620-000064F                30           1
        BANK2            000016F-000016F                 1           1
        BANK3            00001E1-00001EF                 F           1
        BANK4            0000268-000026F                 8           1
        BANK5            00002A0-00002EF                50           1
        BANK6            0000320-000036F                50           1
        BANK7            00003A0-00003EF                50           1
        BANK8            0000420-000046F                50           1
        BANK9            00004A0-00004EF                50           1
        BIGRAM           0002000-00023EF               3F0           1
        CODE             000204A-0002205               1BC           2
                         0002F0D-0003FFF               800
        CONST            000204A-0002205               100           2
                         0002F0D-0003FFF               100
        EEDATA           000F000-000F0FF               100           2
        ENTRY            000204A-0002205               100           2
                         0002F0D-0003FFF               100
        RAM              000006D-000006F                 3           1
                         00000EF-00000EF                 1
                         000016F-000016F                 1
                         00001E1-00001EF                 F
                         0000268-000026F                 8
                         00002A0-00002EF                50
                         0000320-000036F                50
                         00003A0-00003EF                50
                         0000420-000046F                50
                         00004A0-00004EF                50
                         0000520-000056F                50
                         00005A0-00005EF                50
                         0000620-000064F                30
        SFR0             0000000-000001F                20           1
        SFR1             0000080-000009F                20           1
        SFR10            0000500-000051F                20           1
        SFR11            0000580-000059F                20           1
        SFR12            0000600-000061F                20           1
        SFR13            0000680-00006EF                70           1
        SFR14            0000700-000076F                70           1
        SFR15            0000780-00007EF                70           1
        SFR16            0000800-000086F                70           1
        SFR17            0000880-00008EF                70           1
        SFR18            0000900-000096F                70           1
        SFR19            0000980-00009EF                70           1
        SFR2             0000100-000011F                20           1
        SFR20            0000A00-0000A6F                70           1
        SFR21            0000A80-0000AEF                70           1
        SFR22            0000B00-0000B6F                70           1
        SFR23            0000B80-0000BEF                70           1
        SFR24            0000C00-0000C6F                70           1
        SFR25            0000C80-0000CEF                70           1
        SFR26            0000D00-0000D6F                70           1
        SFR27            0000D80-0000DEF                70           1
        SFR28            0000E00-0000E6F                70           1
        SFR29            0000E80-0000EEF                70           1
        SFR3             0000180-000019F                20           1
        SFR30            0000F00-0000F6F                70           1
        SFR31            0000F80-0000FEF                70           1
        SFR4             0000200-000021F                20           1
        SFR5             0000280-000029F                20           1
        SFR6             0000300-000031F                20           1
        SFR7             0000380-000039F                20           1
        SFR8             0000400-000041F                20           1
        SFR9             0000480-000049F                20           1
        STACK            0002188-00023EF               268           1
        STRCODE          000204A-0002205               1BC           2
                         0002F0D-0003FFF              10F3
        STRING           000204A-0002205               100           2
                         0002F0D-0003FFF               100

                                  Symbol Table

?_ADC_GetConversion                            cstackBANK0      0000023
?___aodiv                                      cstackBANK0      0000023
?___aomod                                      cstackBANK0      0000023
?_abs                                          cstackBANK0      0000036
?_dtoa                                         cstackBANK0      000003F
?_pad                                          cstackBANK0      0000036
?_printf                                       cstackBANK1      00000AD
?_sprintf                                      cstackBANK1      00000AD
?_strcat                                       cstackBANK0      0000033
?_strlen                                       cstackBANK0      0000023
?_vfpfcnvrt                                    cstackBANK0      000005D
?_vfprintf                                     cstackBANK0      0000064
ADC_GetConversion@channel                      cstackBANK0      0000026
EUSART_Read@readValue                          cstackBANK0      0000024
EUSART_SetErrorHandler@interruptHandler        cstackBANK0      0000023
EUSART_SetFramingErrorHandler@interruptHandler cstackBANK0      0000023
EUSART_SetOverrunErrorHandler@interruptHandler cstackBANK0      0000023
EUSART_SetRxInterruptHandler@interruptHandler  cstackBANK0      0000023
EUSART_SetTxInterruptHandler@interruptHandler  cstackBANK0      0000023
EUSART_Write@txData                            cstackBANK0      0000024
I2C_CallbackReturnReset@funPtr                 cstackCOMMON     0000079
I2C_MasterSendTxData@data                      cstackCOMMON     0000070
I2C_Master_Write@data                          cstackBANK0      0000023
I2C_SetBuffer@buffer                           cstackCOMMON     0000073
I2C_SetBuffer@bufferSize                       cstackCOMMON     0000070
I2C_SetCallback@cb                             cstackCOMMON     0000070
I2C_SetCallback@idx                            cstackCOMMON     0000074
I2C_SetCallback@ptr                            cstackCOMMON     0000072
I2C_SetDataCompleteCallback@cb                 cstackCOMMON     0000075
I2C_SetDataCompleteCallback@ptr                cstackCOMMON     0000077
IO_Expander_Write@Data                         cstackBANK0      0000024
LCD_CMD@CMD                                    cstackBANK0      0000028
LCD_Init@I2C_Add                               cstackBANK0      000002B
LCD_Set_Cursor@COL                             cstackBANK0      0000029
LCD_Set_Cursor@ROW                             cstackBANK0      000002C
LCD_Write_4Bit@Nibble                          cstackBANK0      0000026
LCD_Write_Char@Data                            cstackBANK0      0000028
LCD_Write_String@Str                           cstackBANK0      0000029
LCD_Write_String@i                             cstackBANK0      000002C
_ACKDT                                         (abs)            00010B5
_ACKEN                                         (abs)            00010B4
_ACKSTAT                                       (abs)            00010B6
_ADCON0                                        (abs)            000009D
_ADCON0bits                                    (abs)            000009D
_ADCON1                                        (abs)            000009E
_ADC_GetConversion                             text81           00025E5
_ADC_Initialize                                text78           00022AE
_ADRESH                                        (abs)            000009C
_ADRESL                                        (abs)            000009B
_ANSELA                                        (abs)            000018C
_ANSELB                                        (abs)            000018D
_ANSELD                                        (abs)            000018F
_ANSELE                                        (abs)            0000190
_APFCON                                        (abs)            000011D
_BAUDCON                                       (abs)            000019F
_BORCON                                        (abs)            0000116
_BackLight_State                               dataBANK1        00000EE
_EEADRH                                        (abs)            0000192
_EEADRL                                        (abs)            0000191
_EECON1bits                                    (abs)            0000195
_EECON2                                        (abs)            0000196
_EEDATH                                        (abs)            0000194
_EEDATL                                        (abs)            0000193
_EUSART_DefaultErrorHandler                    text125          0002217
_EUSART_DefaultFramingErrorHandler             text124          0001000
_EUSART_DefaultOverrunErrorHandler             text123          000221B
_EUSART_ErrorHandler                           bssBANK2         0000165
_EUSART_FramingErrorHandler                    bssBANK2         0000169
_EUSART_Initialize                             text72           00019FF
_EUSART_OverrunErrorHandler                    bssBANK2         0000167
_EUSART_Read                                   text32           0001897
_EUSART_Receive_ISR                            text122          0001932
_EUSART_RxDataHandler                          text126          000251B
_EUSART_RxDefaultInterruptHandler              bssBANK2         000016B
_EUSART_SetErrorHandler                        text77           00022BF
_EUSART_SetFramingErrorHandler                 text76           00022C8
_EUSART_SetOverrunErrorHandler                 text75           00022D1
_EUSART_SetRxInterruptHandler                  text74           00022DA
_EUSART_SetTxInterruptHandler                  text73           00022E3
_EUSART_Transmit_ISR                           text121          0002627
_EUSART_TxDefaultInterruptHandler              bssBANK1         00000E5
_EUSART_Write                                  text45           00027D3
_GIE                                           (abs)            000005F
_I2C_CallbackReturnReset                       text109          0000002
_I2C_CallbackReturnStop                        text110          0002206
_I2C_DO_ADDRESS_NACK                           text86           00027A6
_I2C_DO_IDLE                                   text100          0002234
_I2C_DO_RCEN                                   text95           0002298
_I2C_DO_RESET                                  text87           000225C
_I2C_DO_RX                                     text96           0001973
_I2C_DO_RX_ACK                                 text90           000224D
_I2C_DO_RX_NACK_RESTART                        text88           0002257
_I2C_DO_RX_NACK_STOP                           text89           0002252
_I2C_DO_SEND_ADR_READ                          text99           00022B6
_I2C_DO_SEND_ADR_WRITE                         text98           00022A6
_I2C_DO_SEND_RESTART                           text92           0002243
_I2C_DO_SEND_RESTART_READ                      text94           0002239
_I2C_DO_SEND_RESTART_WRITE                     text93           000223E
_I2C_DO_SEND_STOP                              text91           0002248
_I2C_DO_TX                                     text97           0001B7C
_I2C_DO_TX_EMPTY                               text101          0001839
_I2C_MasterClearIrq                            text85           0000800
_I2C_MasterEnableRestart                       text120          0002208
_I2C_MasterFsm                                 text84           000180B
_I2C_MasterGetRxData                           text106          0002211
_I2C_MasterIsNack                              text103          000227A
_I2C_MasterIsr                                 text83           0002227
_I2C_MasterSendAck                             text105          0002223
_I2C_MasterSendNack                            text107          000221F
_I2C_MasterSendTxData                          text104          000222F
_I2C_MasterSetIrq                              text102          0002214
_I2C_MasterStartRx                             text108          000220E
_I2C_MasterStop                                text119          000220B
_I2C_Master_Init                               text80           0001800
_I2C_Master_Start                              text64           0002280
_I2C_Master_Stop                               text63           0002286
[...]
attenteDemarrage3@responseSlave_2089           cstackBANK1      00000BD
attenteDemarrage3@responseSlave_2092           cstackBANK1      00000BE
attenteDemarrage3@responseSlave_2095           cstackBANK1      00000BF
attenteDemarrage3@slaveIsWaiting               cstackBANK1      00000B8
attenteDemarrage3@testAct                      cstackBANK1      00000B5
attenteDemarrage3@testSlaveActive              cstackBANK1      00000B7
btemp                                          (abs)            000007E
clear_ram0                                     clrtext          000228C
displayManager@s1                              cstackBANK0      000002E
displayManager@s2                              cstackBANK0      0000030
displayManager@s3                              cstackBANK0      0000032
displayManager@s4                              cstackBANK0      0000034
displayManagerMaster@s1                        cstackBANK0      0000038
displayManagerMaster@s2                        cstackBANK0      000003A
displayManagerMaster@s3                        cstackBANK0      000003C
displayManagerMaster@s4                        cstackBANK0      000003E
displayManagerSlave@s1                         cstackBANK0      0000038
displayManagerSlave@s2                         cstackBANK0      000003A
displayManagerSlave@s3                         cstackBANK0      000003C
displayManagerSlave@s4                         cstackBANK0      000003E
dtoa@d                                         cstackBANK0      000003F
dtoa@fp                                        cstackBANK0      000004A
dtoa@i                                         cstackBANK0      000005B
dtoa@n                                         cstackBANK0      0000053
dtoa@p                                         cstackBANK0      000004D
dtoa@s                                         cstackBANK0      0000051
dtoa@w                                         cstackBANK0      000004F
end_of_initialization                          cinit            000008E
errorAlert@i                                   cstackBANK0      000002A
errorAlert@j                                   cstackBANK0      0000028
fputc@c                                        cstackBANK0      0000026
fputc@fp                                       cstackBANK0      0000028
fputs@c                                        cstackBANK0      0000032
fputs@fp                                       cstackBANK0      000002E
fputs@i                                        cstackBANK0      0000033
fputs@s                                        cstackBANK0      0000035
getRS232@reception                             cstackBANK0      0000026
getSlaveStatus@code                            cstackBANK0      0000024
getSlaveStatus@slaveResponse                   cstackBANK0      0000025
init_ram                                       inittext         0002292
initialConditions@autom                        cstackBANK1      00000B4
initialConditions@prog                         cstackBANK1      00000B6
initialConditions@testAct                      cstackBANK1      00000B0
initialConditions@testVoy                      cstackBANK1      00000B2
int$flags                                      (abs)            000007E
intlevel0                                      functab          0000000
intlevel1                                      functab          0000000
intlevel2                                      functab          0000000
intlevel3                                      functab          0000000
intlevel4                                      functab          0000000
intlevel5                                      functab          0000000
ledConforme@active                             cstackBANK0      0000023
ledNonConforme@active                          cstackBANK0      0000023
ledProgession@active                           cstackBANK0      0000023
main@automatique                               cstackBANK2      0000159
main@buffer                                    cstackBANK2      0000145
main@buffer_1728                               cstackBANK2      0000147
main@lectureAN1                                cstackBANK2      0000151
main@master                                    cstackBANK2      0000149
main@orderFormWin                              cstackBANK2      0000156
main@pap                                       cstackBANK2      000014F
main@programmation                             cstackBANK2      0000158
main@slaveInTest                               cstackBANK2      0000154
main@slaveSummary                              cstackBANK2      0000155
main@slaveWaiting                              cstackBANK2      0000153
main@slectureAN1                               cstackBANK2      000014A
main@testActif                                 cstackBANK2      000015A
main@testLeds                                  cstackBANK2      0000150
main@testVoyants                               cstackBANK2      0000157
okAlert@i                                      cstackBANK1      00000B1
pad@buf                                        cstackBANK0      0000036
pad@fp                                         cstackBANK0      000003E
pad@i                                          cstackBANK0      000003A
pad@p                                          cstackBANK0      0000037
pad@w                                          cstackBANK0      000003C
pnum$maintext                                  (abs)            000008A
pnum$maintext_split_1                          (abs)            000010B
pnum$maintext_split_2                          (abs)            000010C
pnum$maintext_split_3                          (abs)            000010D
pressBP1@active                                cstackBANK0      0000023
pressBP2@active                                cstackBANK0      0000023
printf@ap                                      cstackBANK1      00000AF
printf@fmt                                     cstackBANK1      00000AD
processActionForSlave@autom                    cstackBANK1      00000B8
processActionForSlave@echo_2199                cstackBANK1      00000B7
processActionForSlave@ordreFromWin             cstackBANK1      00000B3
processActionForSlave@prog                     cstackBANK1      00000B1
processActionForSlave@responseSlave            cstackBANK1      00000B6
processActionForSlave@testAct                  cstackBANK1      00000B0
processActionForSlave@testSlaveActive          cstackBANK1      00000B2
processSlaveResponse@repSlave                  cstackBANK1      00000B4
processSlaveResponse@slaveIsWaiting            cstackBANK1      00000B0
psplit$0                                       (abs)            08A010B
psplit$1                                       (abs)            10B010C
psplit$2                                       (abs)            10C010D
putch@txData                                   cstackBANK0      0000025
rd1RegCompleteHandler@ptr                      cstackCOMMON     0000079
rd2RegCompleteHandler@ptr                      cstackCOMMON     0000079
rdBlkRegCompleteHandler@ptr                    cstackCOMMON     0000079
reponseOperateur@automatique                   cstackBANK0      0000028
reponseOperateur@reception                     cstackBANK0      0000027
reponseOperateur@repOperateur                  cstackBANK0      000002A
reponseOperateur@reponse                       cstackBANK0      0000029
reset_vec                                      reset_vec        0000000
setHorloge@active                              cstackBANK0      0000023
setP1@active                                   cstackBANK0      0000023
setP2@active                                   cstackBANK0      0000023
sortieErreur@autom                             cstackBANK1      00000B8
sortieErreur@prog                              cstackBANK1      00000BE
sortieErreur@testAct                           cstackBANK1      00000BA
sortieErreur@testVoy                           cstackBANK1      00000BC
sprintf@ap                                     cstackBANK1      00000B3
sprintf@f                                      cstackBANK1      00000B5
sprintf@fmt                                    cstackBANK1      00000AD
sprintf@ret                                    cstackBANK1      00000B1
sprintf@s                                      cstackBANK1      00000B4
start                                          init             000004A
startAlert@i                                   cstackBANK0      0000028
start_initialization                           cinit            000004C
strcat@dest                                    cstackBANK0      0000033
strcat@src                                     cstackBANK0      0000035
strcpy@d                                       cstackBANK0      0000031
strcpy@dest                                    cstackBANK0      0000027
strcpy@s                                       cstackBANK0      000002F
strcpy@src                                     cstackBANK0      0000029
strlen@a                                       cstackBANK0      0000025
strlen@s                                       cstackBANK0      0000023
testNOK@active                                 cstackBANK0      0000024
testNOK@result                                 cstackBANK0      0000023
testOK@active                                  cstackBANK0      0000024
testOK@result                                  cstackBANK0      0000023
testR1@active                                  cstackBANK0      0000024
testR1@result                                  cstackBANK0      0000023
testR2@active                                  cstackBANK0      0000024
testR2@result                                  cstackBANK0      0000023
testR3@active                                  cstackBANK0      0000024
testR3@result                                  cstackBANK0      0000023
vfpfcnvrt@ap                                   cstackBANK0      000005E
vfpfcnvrt@fmt                                  cstackBANK0      000005D
vfpfcnvrt@fp                                   cstackBANK1      00000A9
vfpfcnvrt@ll                                   cstackBANK1      00000A0
vfpfcnvrt@vp                                   cstackBANK1      00000A8
vfprintf@ap                                    cstackBANK0      0000066
vfprintf@cfmt                                  cstackBANK1      00000AB
vfprintf@fmt                                   cstackBANK0      0000064
vfprintf@fp                                    cstackBANK1      00000AA
wr1RegCompleteHandler@ptr                      cstackCOMMON     0000079
wr2RegCompleteHandler@ptr                      cstackCOMMON     0000079
wtemp0                                         (abs)            000007E


MODULE INFORMATION

Module		Function		Class		Link	Load	Size
C:\Program Files\Microchip\xc8\v2.32\pic\sources\c99\common\nf_sprintf.c
		_sprintf       		CODE           	18FA	0000	56

C:\Program Files\Microchip\xc8\v2.32\pic\sources\c99\common\nf_sprintf.c estimated size: 56

C:\Program Files\Microchip\xc8\v2.32\pic\sources\c99\common\doprnt.c
		_vfpfcnvrt     		CODE           	119F	0000	290
		_pad           		CODE           	1C2A	0000	92
		_dtoa          		CODE           	1413	0000	368
		_vfprintf      		CODE           	18C6	0000	52

C:\Program Files\Microchip\xc8\v2.32\pic\sources\c99\common\doprnt.c estimated size: 802

mcc_generated_files/interrupt_manager.c
		_INTERRUPT_InterruptManager		CODE           	0004	0000	70

mcc_generated_files/interrupt_manager.c estimated size: 70

mcc_generated_files/examples/i2c_master_example.c
		_wr1RegCompleteHandler		CODE           	2407	0000	17
		_wr2RegCompleteHandler		CODE           	23D4	0000	17
		_rdBlkRegCompleteHandler		CODE           	246E	0000	24
		_rd1RegCompleteHandler		CODE           	23E5	0000	17
		_rd2RegCompleteHandler		CODE           	23F6	0000	17

mcc_generated_files/examples/i2c_master_example.c estimated size: 92

mcc_generated_files/pin_manager.c
		_PIN_MANAGER_Initialize		CODE           	2588	0000	31

mcc_generated_files/pin_manager.c estimated size: 31

C:\Program Files\Microchip\xc8\v2.32\pic\sources\c99\common\nf_fputs.c
		_fputs         		CODE           	2727	0000	41

C:\Program Files\Microchip\xc8\v2.32\pic\sources\c99\common\nf_fputs.c estimated size: 41

mcc_generated_files/adc.c
		_ADC_Initialize		CODE           	22AE	0000	8
		_ADC_GetConversion		CODE           	25E5	0000	33

mcc_generated_files/adc.c estimated size: 41

I2C-tester.c
		_sendACQToSlave		CODE           	2261	0000	5
		_sendOKToSlave 		CODE           	226B	0000	5
		_getSlaveSummary		CODE           	2275	0000	5
		_sendNOKToSlave		CODE           	2266	0000	5
		_startTestSlave		CODE           	2270	0000	5
		_getSlaveStatus		CODE           	19B9	0000	70

I2C-tester.c estimated size: 95

C:\Program Files\Microchip\xc8\v2.32\pic\sources\c99\common\abs.c
		_abs           		CODE           	256C	0000	28

C:\Program Files\Microchip\xc8\v2.32\pic\sources\c99\common\abs.c estimated size: 28

C:\Program Files\Microchip\xc8\v2.32\pic\sources\c99\common\aomod.c
		___aomod       		CODE           	1E0E	0000	237

C:\Program Files\Microchip\xc8\v2.32\pic\sources\c99\common\aomod.c estimated size: 237

shared
		__initialization		CODE           	004C	0000	66
		_i2c_fsmStateTable		STRCODE        	2000	0000	32

shared estimated size: 98

I2C_LCD.c
		_LCD_Init      		CODE           	1CED	0000	140
		_LCD_Write_4Bit		CODE           	2486	0000	24
		_LCD_Write_Char		CODE           	24B6	0000	25
		_LCD_CMD       		CODE           	249E	0000	24
		_I2C_Master_Wait		CODE           	22F8	0000	12
		_I2C_Master_Init		CODE           	1800	0000	11
		_I2C_Master_Stop		CODE           	2286	0000	6
		_I2C_Slave_Init		CODE           	2386	0000	15
		_LCD_Set_Cursor		CODE           	1868	0000	47
		_LCD_Clear     		CODE           	07F6	0000	9
		_IO_Expander_Write		CODE           	242C	0000	21
		_I2C_Master_Write		CODE           	23C4	0000	16
		_I2C_Master_Start		CODE           	2280	0000	6
		_LCD_Write_String		CODE           	25C6	0000	31

I2C_LCD.c estimated size: 387

mcc_generated_files/mcc.c
		_WDT_Initialize		CODE           	222B	0000	4
		_OSCILLATOR_Initialize		CODE           	22EC	0000	12
		_SYSTEM_Initialize		CODE           	23B4	0000	16

mcc_generated_files/mcc.c estimated size: 32

display.c
		_displayManagerMaster		CODE           	24CF	0000	25
		_displayManagerSlave		CODE           	24E8	0000	25
		_displayManager		CODE           	1AD9	0000	81

display.c estimated size: 131

C:\Program Files\Microchip\xc8\v2.32\pic\sources\c99\common\strcat.c
		_strcat        		CODE           	2457	0000	23

C:\Program Files\Microchip\xc8\v2.32\pic\sources\c99\common\strcat.c estimated size: 23

mcc_generated_files/i2c_master.c
		_I2C_MasterStartRx		CODE           	220E	0000	3
		_I2C_DO_SEND_ADR_WRITE		CODE           	22A6	0000	8
		_I2C_DO_SEND_STOP		CODE           	2248	0000	5
		_I2C_MasterSendNack		CODE           	221F	0000	4
		_I2C_CallbackReturnStop		CODE           	2206	0000	2
		_I2C_DO_SEND_ADR_READ		CODE           	22B6	0000	9
		_I2C_DO_RX_NACK_STOP		CODE           	2252	0000	5
		_I2C_DO_SEND_RESTART		CODE           	2243	0000	5
		_I2C_DO_RX     		CODE           	1973	0000	70
		_I2C_DO_TX     		CODE           	1B7C	0000	87
		_I2C_DO_IDLE   		CODE           	2234	0000	5
		_I2C_DO_RCEN   		CODE           	2298	0000	7
		_I2C_DO_RESET  		CODE           	225C	0000	5
		_I2C_DO_RX_ACK 		CODE           	224D	0000	5
		_I2C_MasterClearIrq		CODE           	0800	0000	3
		_I2C_MasterGetRxData		CODE           	2211	0000	3
		_I2C_SetCallback		CODE           	2750	0000	42
		_I2C_DO_ADDRESS_NACK		CODE           	27A6	0000	45
		_I2C_MasterEnableRestart		CODE           	2208	0000	3
		_I2C_CallbackReturnReset		CODE           	0002	0000	2
		_I2C_DO_TX_EMPTY		CODE           	1839	0000	47
		_I2C_DO_SEND_RESTART_WRITE		CODE           	223E	0000	5
		_I2C_MasterIsNack		CODE           	227A	0000	6
		_I2C_SetDataCompleteCallback		CODE           	2304	0000	13
		_I2C_DO_RX_NACK_RESTART		CODE           	2257	0000	5
		_I2C_MasterSendAck		CODE           	2223	0000	4
		_I2C_MasterFsm 		CODE           	180B	0000	46
		_I2C_MasterIsr 		CODE           	2227	0000	4
		_I2C_MasterSetIrq		CODE           	2214	0000	3
		_I2C_DO_SEND_RESTART_READ		CODE           	2239	0000	5
		_I2C_SetBuffer 		CODE           	23A4	0000	16
		_I2C_MasterSendTxData		CODE           	222F	0000	5
		_I2C_MasterStop		CODE           	220B	0000	3

mcc_generated_files/i2c_master.c estimated size: 480

mcc_generated_files/eusart.c
		_EUSART_SetRxInterruptHandler		CODE           	22DA	0000	9
		_EUSART_SetTxInterruptHandler		CODE           	22E3	0000	9
		_putch         		CODE           	229F	0000	7
		_EUSART_Read   		CODE           	1897	0000	47
		_EUSART_DefaultOverrunErrorHandler		CODE           	221B	0000	4
		_EUSART_Write  		CODE           	27D3	0000	45
		_EUSART_DefaultErrorHandler		CODE           	2217	0000	4
		_EUSART_Transmit_ISR		CODE           	2627	0000	34
		_EUSART_Initialize		CODE           	19FF	0000	72
		_EUSART_SetFramingErrorHandler		CODE           	22C8	0000	9
		_EUSART_SetErrorHandler		CODE           	22BF	0000	9
		_EUSART_SetOverrunErrorHandler		CODE           	22D1	0000	9
		_EUSART_Receive_ISR		CODE           	1932	0000	65
		_EUSART_RxDataHandler		CODE           	251B	0000	27
		_EUSART_DefaultFramingErrorHandler		CODE           	1000	0000	1

mcc_generated_files/eusart.c estimated size: 351

C:\Program Files\Microchip\xc8\v2.32\pic\sources\c99\common\printf.c
		_printf        		CODE           	2441	0000	22

C:\Program Files\Microchip\xc8\v2.32\pic\sources\c99\common\printf.c estimated size: 22

C:\Program Files\Microchip\xc8\v2.32\pic\sources\c99\common\nf_fputc.c
		_fputc         		CODE           	1B2A	0000	82

C:\Program Files\Microchip\xc8\v2.32\pic\sources\c99\common\nf_fputc.c estimated size: 82

tester.c
		_okAlert       		CODE           	2606	0000	33
		_testR3        		CODE           	268F	0000	35
		_processActionForSlave		CODE           	0803	0000	124
		_alerteDefaut  		CODE           	1001	0000	137
		_initialConditions		CODE           	1A8F	0000	74
		_attenteDemarrage3		CODE           	0398	0000	640
		_setHorloge    		CODE           	2379	0000	13
		_errorAlert    		CODE           	1A47	0000	72
		_alimenter     		CODE           	2311	0000	13
		_testR1        		CODE           	2649	0000	35
		_ledProgession 		CODE           	2338	0000	13
		_attenteAquittement		CODE           	1C86	0000	103
		_startAlert    		CODE           	26B2	0000	38
		_processSlaveResponse		CODE           	0618	0000	478
		_pressBP1      		CODE           	2345	0000	13
		_pressBP2      		CODE           	2352	0000	13
		_testNOK       		CODE           	2536	0000	27
		_ledConforme   		CODE           	231E	0000	13
		_alerteDefautEtape16		CODE           	12C1	0000	338
		_testR2        		CODE           	266C	0000	35
		_ledNonConforme		CODE           	232B	0000	13
		_setP1         		CODE           	235F	0000	13
		_testOK        		CODE           	2551	0000	27
		_activerTouche 		CODE           	25A7	0000	31
		_activerBuzzer 		CODE           	277A	0000	44
		_sortieErreur  		CODE           	1BD3	0000	87
		_setP2         		CODE           	236C	0000	13
		_getRS232      		CODE           	2395	0000	15
		_reponseOperateur		CODE           	1D79	0000	149

tester.c estimated size: 2639

C:\Program Files\Microchip\xc8\v2.32\pic\sources\c99\common\aodiv.c
		___aodiv       		CODE           	1EFB	0000	261

C:\Program Files\Microchip\xc8\v2.32\pic\sources\c99\common\aodiv.c estimated size: 261

main.c
		_main          		CODE           	1583	0000	3609

main.c estimated size: 3609

C:\Program Files\Microchip\xc8\v2.32\pic\sources\c99\common\strlen.c
		_strlen        		CODE           	2501	0000	26

C:\Program Files\Microchip\xc8\v2.32\pic\sources\c99\common\strlen.c estimated size: 26

C:\Program Files\Microchip\xc8\v2.32\pic\sources\c99\common\strcpy.c
		_strcpy        		CODE           	26D8	0000	39

C:\Program Files\Microchip\xc8\v2.32\pic\sources\c99\common\strcpy.c estimated size: 39

