Microchip MPLAB XC8 Compiler V2.32

Linker command line:

-W-3 --edf=C:\Program Files\Microchip\xc8\v2.32\pic\dat\en_msgs.txt -cn \
  -h+dist/default/debug\galeoTesterBiModuleMaster.X.debug.sym \
  --cmf=dist/default/debug\galeoTesterBiModuleMaster.X.debug.cmf -z \
  -Q16LF1939 -oC:\Users\Michel\AppData\Local\Temp\xcAspqc.4 \
  --defsym=__MPLAB_BUILD=1 \
  -Mdist/default/debug/galeoTesterBiModuleMaster.X.debug.map -E1 \
  -ver=XC8 Compiler --acfsm=1493 -ASTACK=02188h-023EFh -pstack=STACK \
  -ACODE=00h-07FFhx8 -ASTRCODE=00h-03FFFh -ASTRING=00h-0FFhx64 \
  -ACONST=00h-0FFhx64 -AENTRY=00h-0FFhx64 -ACOMMON=070h-07Fh \
  -ABANK0=020h-06Fh -ABANK1=0A0h-0EFh -ABANK2=0120h-016Fh \
  -ABANK3=01A0h-01EFh -ABANK4=0220h-026Fh -ABANK5=02A0h-02EFh \
  -ABANK6=0320h-036Fh -ABANK7=03A0h-03EFh -ABANK8=0420h-046Fh \
  -ABANK9=04A0h-04EFh -ABANK10=0520h-056Fh -ABANK11=05A0h-05EFh \
  -ABANK12=0620h-064Fh -ABIGRAM=02000h-023EFh \
  -ARAM=020h-06Fh,0A0h-0EFh,0120h-016Fh,01A0h-01EFh,0220h-026Fh,02A0h-02EFh,0320h-036Fh,03A0h-03EFh,0420h-046Fh,04A0h-04EFh,0520h-056Fh,05A0h-05EFh,0620h-064Fh \
  -AABS1=020h-07Fh,0A0h-0EFh,0120h-016Fh,01A0h-01EFh,0220h-026Fh,02A0h-02EFh,0320h-036Fh,03A0h-03EFh,0420h-046Fh,04A0h-04EFh,0520h-056Fh,05A0h-05EFh,0620h-064Fh \
  -ASFR0=00h-01Fh -ASFR1=080h-09Fh -ASFR2=0100h-011Fh -ASFR3=0180h-019Fh \
  -ASFR4=0200h-021Fh -ASFR5=0280h-029Fh -ASFR6=0300h-031Fh \
  -ASFR7=0380h-039Fh -ASFR8=0400h-041Fh -ASFR9=0480h-049Fh \
  -ASFR10=0500h-051Fh -ASFR11=0580h-059Fh -ASFR12=0600h-061Fh \
  -ASFR13=0680h-06EFh -ASFR14=0700h-076Fh -ASFR15=0780h-07EFh \
  -ASFR16=0800h-086Fh -ASFR17=0880h-08EFh -ASFR18=0900h-096Fh \
  -ASFR19=0980h-09EFh -ASFR20=0A00h-0A6Fh -ASFR21=0A80h-0AEFh \
  -ASFR22=0B00h-0B6Fh -ASFR23=0B80h-0BEFh -ASFR24=0C00h-0C6Fh \
  -ASFR25=0C80h-0CEFh -ASFR26=0D00h-0D6Fh -ASFR27=0D80h-0DEFh \
  -ASFR28=0E00h-0E6Fh -ASFR29=0E80h-0EEFh -ASFR30=0F00h-0F6Fh \
  -ASFR31=0F80h-0FEFh -ACONFIG=08007h-08008h -DCONFIG=2 \
  -AIDLOC=08000h-08003h -DIDLOC=2 -AEEDATA=00h-0FFh/0F000h \
  -peeprom_data=EEDATA -DEEDATA=2 -DCODE=2 -DSTRCODE=2 -DSTRING=2 -DCONST=2 \
  -DENTRY=2 -preset_vec=00h,intentry=04h,init,end_init -ppowerup=CODE \
  -pcinit=CODE -pfunctab=ENTRY -k \
  C:\Users\Michel\AppData\Local\Temp\xcAspqc.o \
  dist/default/debug\galeoTesterBiModuleMaster.X.debug.o 

Object code version is 3.11

Machine type is 16LF1939



                Name                               Link     Load   Length Selector   Space Scale
C:\Users\Michel\AppData\Local\Temp\xcAspqc.o
                end_init                             4A       4A        2        8       0
                reset_vec                             0        0        2        0       0
                config                             8007     8007        2        0       4
                idloc                              8000     8000        4        0       5
dist/default/debug\galeoTesterBiModuleMaster.X.debug.o
                cinit                                4C       4C       46        8       0
                intentry                              4        4       46        8       0
                maintext_split_2                    86F      86F      791     10DE       0
                maintext_split_1                    541      541      232        8       0
                config                             8007     8007        2        0       4
                idloc                              8000     8000        4        0       5
                text122                            27CA     27CA       1B     4F94       0
                text121                            2517     2517        4     4A2E       0
                text120                            2502     2502        1     4A04       0
                text119                            251B     251B        4     4A36       0
                text118                            1BEA     1BEA       41     37D4       0
                text117                            18EA     18EA       22     31D4       0
                text116                            2505     2505        3     4A0A       0
                text115                            2508     2508        3     4A10       0
                text114                            2699     2699       10     4D32       0
                text113                            1A13     1A13       2A     3426       0
                text112                            2608     2608        D     4C10       0
                text111                            26C9     26C9       11     4D92       0
                text110                            26DA     26DA       11     4DB4       0
                text109                            26EB     26EB       11     4DD6       0
                text108                            26FC     26FC       11     4DF8       0
                text107                            274F     274F       18     4E9E       0
                text106                            2503     2503        2     4A06       0
                text105                               2        2        2        0       0
                text104                            250B     250B        3     4A16       0
                text103                            251F     251F        4     4A3E       0
                text102                            250E     250E        3     4A1C       0
                text101                            2523     2523        4     4A46       0
                text100                            252F     252F        5     4A5E       0
                text99                             257A     257A        6     4AF4       0
                text98                             2511     2511        3     4A22       0
                text97                             1AF1     1AF1       2F     35E2       0
                text96                             2534     2534        5     4A68       0
                text95                             25A6     25A6        9     4B4C       0
                text94                             1000     1000        8     10DE       0
                text93                             1E34     1E34       57     3C68       0
                text92                             1C2B     1C2B       46     3856       0
                text91                             2598     2598        7     4B30       0
                text90                             2539     2539        5     4A72       0
                text89                             253E     253E        5     4A7C       0
                text88                             2543     2543        5     4A86       0
                text87                             2548     2548        5     4A90       0
                text86                             254D     254D        5     4A9A       0
                text85                             2552     2552        5     4AA4       0
                text84                             2557     2557        5     4AAE       0
                text83                             255C     255C        5     4AB8       0
                text82                             1A69     1A69       2D     34D2       0
                text81                             2514     2514        3     4A28       0
                text80                             1AC3     1AC3       2E     3586       0
                text79                             2527     2527        4     4A4E       0
                text77                             18A8     18A8       21     3150       0
                text76                             25E5     25E5        B     4BCA       0
                text75                             268A     268A        F     4D14       0
                text74                             25F0     25F0        C     4BE0       0
                text73                             2580     2580        6     4B00       0
                text72                             2586     2586        6     4B0C       0
                text71                             26A9     26A9       10     4D52       0
                text70                             270D     270D       15     4E1A       0
                text69                             2767     2767       18     4ECE       0
                text68                             277F     277F       18     4EFE       0
                text67                              773      773       8C        8       0
                text66                              800      800        8     1000       0
                text65                             25AF     25AF        9     4B5E       0
                text64                             25B8     25B8        9     4B70       0
                text63                             25C1     25C1        9     4B82       0
                text62                             25CA     25CA        9     4B94       0
                text61                             25D3     25D3        9     4BA6       0
                text60                             1CB7     1CB7       48     396E       0
                text59                             25FC     25FC        C     4BF8       0
                text58                             184B     184B       1F     3096       0
                text57                             252B     252B        4     4A56       0
                text56                             26B9     26B9       10     4D72       0
                text55                             186A     186A       1F     30D4       0
                text54                             2615     2615        D     4C2A       0
                text53                             25DC     25DC        9     4BB8       0
                text52                             1B20     1B20       2F     3640       0
                text51                             2797     2797       19     4F2E       0
                text50                             1889     1889       1F     3112       0
                text49                             1D91     1D91       51     3B22       0
                text48                             1A3D     1A3D       2C     347A       0
                text47                             1CFF     1CFF       48     39FE       0
                text46                             2622     2622        D     4C44       0
                text45                             262F     262F        D     4C5E       0
                text44                             263C     263C        D     4C78       0
                text43                             1151     1151      105     22A2       0
                text42                             1064     1064       ED     20C8       0
                text41                             182F     182F       1C     305E       0
                text40                             1A96     1A96       2D     352C       0
                text39                             259F     259F        7     4B3E       0
                text38                             1DE2     1DE2       52     3BC4       0
                text37                             19EA     19EA       29     33D4       0
                text36                             27B0     27B0       1A     4F60       0
                text35                             1008     1008       5C     2010       0
                text34                             14CA     14CA      170     2994       0
                text33                             1256     1256      122     24AC       0
                text32                             1B7E     1B7E       34     36FC       0
                text31                             2722     2722       16     4E44       0
                text30                             199B     199B       27     3336       0
                text29                             2738     2738       17     4E70       0
                text28                             1EE2     1EE2       89     3DC4       0
                text27                             1B4F     1B4F       2F     369E       0
                text26                             27E5     27E5       1B     4FCA       0
                text25                             1814     1814       1B     3028       0
                text24                             1F6B     1F6B       95     3ED6       0
                text23                              808      808       67     1010       0
                text22                             2649     2649        D     4C92       0
                text21                             2656     2656        D     4CAC       0
                text20                             2663     2663        D     4CC6       0
                text19                             2670     2670        D     4CE0       0
                text18                             1D47     1D47       4A     3A8E       0
                text17                             1E8B     1E8B       57     3D16       0
                text16                             190C     190C       23     3218       0
                text15                             192F     192F       23     325E       0
                text14                             1952     1952       23     32A4       0
                text13                             1378     1378      152     26F0       0
                text12                             163A     163A      1C6     2C74       0
                text11                             1C71     1C71       46     38E2       0
                text10                             2561     2561        5     4AC2       0
                text9                              2566     2566        5     4ACC       0
                text8                              256B     256B        5     4AD6       0
                text7                              2570     2570        5     4AE0       0
                text6                                92       92      26F        8       0
                text5                              2575     2575        5     4AEA       0
                text4                              1975     1975       26     32EA       0
                text3                              18C9     18C9       21     3192       0
                text2                              267D     267D        D     4CFA       0
                text1                              1BB2     1BB2       38     3764       0
                maintext                            301      301      240        8       0
                cstackBANK0                          20       20       4A       20       1
                cstackCOMMON                         70       70        D       70       1
                cstackBANK1                          A0       A0       3F       A0       1
                cstackBANK2                         120      120       25      120       1
                cstackBANK4                         254      254       14      220       1
                clrtext                            258C     258C        6     4B18       0
                inittext                           2592     2592        6     4B24       0
                dataBANK4                           240      240       14      220       1
                bssBANK4                            220      220       20      220       1
                dataBANK3                           1A0      1A0       28      1A0       1
                bssBANK3                            1C8      1C8       25      1A0       1
                bssBANK2                            145      145       1C      120       1
                dataBANK1                            EE       EE        1       A0       1
                bssBANK1                             DF       DF        F       A0       1
                bssBANK0                             6A       6A        3       20       1
                bssCOMMON                            7D       7D        1       70       1
                stringtext114                      2E72     2E72        3     5000       0
                stringtext113                      2E6A     2E6A        8     5000       0
                stringtext112                      2E62     2E62        8     5000       0
                stringtext111                      2E5A     2E5A        8     5000       0
                stringtext110                      2E52     2E52        8     5000       0
                stringtext109                      2E4A     2E4A        8     5000       0
                stringtext108                      2E42     2E42        8     5000       0
                stringtext107                      2E3A     2E3A        8     5000       0
                stringtext106                      2E32     2E32        8     5000       0
                stringtext105                      2E2A     2E2A        8     5000       0
                stringtext104                      2E22     2E22        8     5000       0
                stringtext103                      2E1A     2E1A        8     5000       0
                stringtext102                      2E12     2E12        8     5000       0
                stringtext101                      2E09     2E09        9     5000       0
                stringtext100                      2E00     2E00        9     5000       0
                stringtext99                       2DF7     2DF7        9     5000       0
                stringtext98                       2DEE     2DEE        9     5000       0
                stringtext97                       2DE5     2DE5        9     5000       0
                stringtext96                       2DDC     2DDC        9     5000       0
                stringtext95                       2DD3     2DD3        9     5000       0
                stringtext94                       2DCA     2DCA        9     5000       0
                stringtext93                       2DC1     2DC1        9     5000       0
                stringtext92                       2DB6     2DB6        B     5000       0
                stringtext91                       2DAB     2DAB        B     5000       0
                stringtext90                       2D9F     2D9F        C     5000       0
                stringtext89                       2D93     2D93        C     5000       0
                stringtext88                       2D87     2D87        C     5000       0
                stringtext87                       2D7B     2D7B        C     5000       0
                stringtext86                       2D6F     2D6F        C     5000       0
                stringtext85                       2D63     2D63        C     5000       0
                stringtext84                       2D57     2D57        C     5000       0
                stringtext83                       2D4B     2D4B        C     5000       0
                stringtext82                       2D3F     2D3F        C     5000       0
                stringtext81                       2D33     2D33        C     5000       0
                stringtext80                       2D27     2D27        C     5000       0
                stringtext79                       2D1A     2D1A        D     5000       0
                stringtext78                       2D0D     2D0D        D     5000       0
                stringtext77                       2D00     2D00        D     5000       0
                stringtext76                       2CF3     2CF3        D     5000       0
                stringtext75                       2CE6     2CE6        D     5000       0
                stringtext74                       2CD9     2CD9        D     5000       0
                stringtext73                       2CCC     2CCC        D     5000       0
                stringtext72                       2CBF     2CBF        D     5000       0
                stringtext71                       2CB2     2CB2        D     5000       0
                stringtext70                       2CA5     2CA5        D     5000       0
                stringtext69                       2C97     2C97        E     5000       0
                stringtext68                       2C89     2C89        E     5000       0
                stringtext67                       2C7B     2C7B        E     5000       0
                stringtext66                       2C6C     2C6C        F     5000       0
                stringtext65                       2C5D     2C5D        F     5000       0
                stringtext64                       2C4E     2C4E        F     5000       0
                stringtext63                       2C3F     2C3F        F     5000       0
                stringtext62                       2C30     2C30        F     5000       0
                stringtext61                       2C21     2C21        F     5000       0
                stringtext60                       2C12     2C12        F     5000       0
                stringtext59                       2C03     2C03        F     5000       0
                stringtext58                       2BF4     2BF4        F     5000       0
                stringtext57                       2BE4     2BE4       10     5000       0
                stringtext56                       2BD4     2BD4       10     5000       0
                stringtext55                       2BC3     2BC3       11     5000       0
                stringtext54                       2BB2     2BB2       11     5000       0
                stringtext53                       2BA1     2BA1       11     5000       0
                stringtext52                       2B90     2B90       11     5000       0
                stringtext51                       2B7F     2B7F       11     5000       0
                stringtext50                       2B6E     2B6E       11     5000       0
                stringtext49                       2B5D     2B5D       11     5000       0
                stringtext48                       2B4C     2B4C       11     5000       0
                stringtext47                       2B3B     2B3B       11     5000       0
                stringtext46                       2B2A     2B2A       11     5000       0
                stringtext45                       2B19     2B19       11     5000       0
                stringtext44                       2B08     2B08       11     5000       0
                stringtext43                       2AF7     2AF7       11     5000       0
                stringtext42                       2AE6     2AE6       11     5000       0
                stringtext41                       2AD4     2AD4       12     5000       0
                stringtext40                       2AC2     2AC2       12     5000       0
                stringtext39                       2AB0     2AB0       12     5000       0
                stringtext38                       2A9E     2A9E       12     5000       0
                stringtext37                       2A8C     2A8C       12     5000       0
                stringtext36                       2A7A     2A7A       12     5000       0
                stringtext35                       2A68     2A68       12     5000       0
                stringtext34                       2A56     2A56       12     5000       0
                stringtext33                       2A44     2A44       12     5000       0
                stringtext32                       2A32     2A32       12     5000       0
                stringtext31                       2A20     2A20       12     5000       0
                stringtext30                       2A0E     2A0E       12     5000       0
                stringtext29                       29FC     29FC       12     5000       0
                stringtext28                       29EA     29EA       12     5000       0
                stringtext27                       29D7     29D7       13     5000       0
                stringtext26                       29C4     29C4       13     5000       0
                stringtext25                       29B1     29B1       13     5000       0
                stringtext24                       299D     299D       14     5000       0
                stringtext23                       2989     2989       14     5000       0
                stringtext22                       2975     2975       14     5000       0
                stringtext21                       2960     2960       15     5000       0
                stringtext20                       294B     294B       15     5000       0
                stringtext19                       2936     2936       15     5000       0
                stringtext18                       2921     2921       15     5000       0
                stringtext17                       290C     290C       15     5000       0
                stringtext16                       28F5     28F5       17     5000       0
                stringtext15                       28DE     28DE       17     5000       0
                stringtext14                       28C7     28C7       17     5000       0
                stringtext13                       28B0     28B0       17     5000       0
                stringtext12                       2898     2898       18     5000       0
                stringtext11                       2880     2880       18     5000       0
                stringtext10                       2867     2867       19     5000       0
                stringtext9                        284E     284E       19     5000       0
                stringtext8                        2834     2834       1A     5000       0
                stringtext7                        281A     281A       1A     5000       0
                stringtext6                        2800     2800       1A     5000       0
                stringtext5                        20A1     20A1       1B     4000       0
                stringtext4                        2085     2085       1C     4000       0
                stringtext3                        2069     2069       1C     4000       0
                stringtext2                        204A     204A       1F     4000       0
                stringtext1                        2000     2000       4A     4000       0
                idataBANK4                         1800     1800       14     2C74       0
                idataBANK3                         19C2     19C2       28     3384       0
                idataBANK1                          7FF      7FF        1        8       0

TOTAL           Name                               Link     Load   Length     Space
        CLASS   STACK          

        CLASS   CODE           
                end_init                             4A       4A        2         0
                cinit                                4C       4C       46         0
                intentry                              4        4       46         0
                reset_vec                             0        0        2         0
                maintext_split_2                    86F      86F      791         0
                maintext_split_1                    541      541      232         0
                text122                            27CA     27CA       1B         0
                text121                            2517     2517        4         0
                text120                            2502     2502        1         0
                text119                            251B     251B        4         0
                text118                            1BEA     1BEA       41         0
                text117                            18EA     18EA       22         0
                text116                            2505     2505        3         0
                text115                            2508     2508        3         0
                text114                            2699     2699       10         0
                text113                            1A13     1A13       2A         0
                text112                            2608     2608        D         0
                text111                            26C9     26C9       11         0
                text110                            26DA     26DA       11         0
                text109                            26EB     26EB       11         0
                text108                            26FC     26FC       11         0
                text107                            274F     274F       18         0
                text106                            2503     2503        2         0
                text105                               2        2        2         0
                text104                            250B     250B        3         0
                text103                            251F     251F        4         0
                text102                            250E     250E        3         0
                text101                            2523     2523        4         0
                text100                            252F     252F        5         0
                text99                             257A     257A        6         0
                text98                             2511     2511        3         0
                text97                             1AF1     1AF1       2F         0
                text96                             2534     2534        5         0
                text95                             25A6     25A6        9         0
                text94                             1000     1000        8         0
                text93                             1E34     1E34       57         0
                text92                             1C2B     1C2B       46         0
                text91                             2598     2598        7         0
                text90                             2539     2539        5         0
                text89                             253E     253E        5         0
                text88                             2543     2543        5         0
                text87                             2548     2548        5         0
                text86                             254D     254D        5         0
                text85                             2552     2552        5         0
                text84                             2557     2557        5         0
                text83                             255C     255C        5         0
                text82                             1A69     1A69       2D         0
                text81                             2514     2514        3         0
                text80                             1AC3     1AC3       2E         0
                text79                             2527     2527        4         0
                text77                             18A8     18A8       21         0
                text76                             25E5     25E5        B         0
                text75                             268A     268A        F         0
                text74                             25F0     25F0        C         0
                text73                             2580     2580        6         0
                text72                             2586     2586        6         0
                text71                             26A9     26A9       10         0
                text70                             270D     270D       15         0
                text69                             2767     2767       18         0
                text68                             277F     277F       18         0
                text67                              773      773       8C         0
                text66                              800      800        8         0
                text65                             25AF     25AF        9         0
                text64                             25B8     25B8        9         0
                text63                             25C1     25C1        9         0
                text62                             25CA     25CA        9         0
                text61                             25D3     25D3        9         0
                text60                             1CB7     1CB7       48         0
                text59                             25FC     25FC        C         0
                text58                             184B     184B       1F         0
                text57                             252B     252B        4         0
                text56                             26B9     26B9       10         0
                text55                             186A     186A       1F         0
                text54                             2615     2615        D         0
                text53                             25DC     25DC        9         0
                text52                             1B20     1B20       2F         0
                text51                             2797     2797       19         0
                text50                             1889     1889       1F         0
                text49                             1D91     1D91       51         0
                text48                             1A3D     1A3D       2C         0
                text47                             1CFF     1CFF       48         0
                text46                             2622     2622        D         0
                text45                             262F     262F        D         0
                text44                             263C     263C        D         0
                text43                             1151     1151      105         0
                text42                             1064     1064       ED         0
                text41                             182F     182F       1C         0
                text40                             1A96     1A96       2D         0
                text39                             259F     259F        7         0
                text38                             1DE2     1DE2       52         0
                text37                             19EA     19EA       29         0
                text36                             27B0     27B0       1A         0
                text35                             1008     1008       5C         0
                text34                             14CA     14CA      170         0
                text33                             1256     1256      122         0
                text32                             1B7E     1B7E       34         0
                text31                             2722     2722       16         0
                text30                             199B     199B       27         0
                text29                             2738     2738       17         0
                text28                             1EE2     1EE2       89         0
                text27                             1B4F     1B4F       2F         0
                text26                             27E5     27E5       1B         0
                text25                             1814     1814       1B         0
                text24                             1F6B     1F6B       95         0
                text23                              808      808       67         0
                text22                             2649     2649        D         0
                text21                             2656     2656        D         0
                text20                             2663     2663        D         0
                text19                             2670     2670        D         0
                text18                             1D47     1D47       4A         0
                text17                             1E8B     1E8B       57         0
                text16                             190C     190C       23         0
                text15                             192F     192F       23         0
                text14                             1952     1952       23         0
                text13                             1378     1378      152         0
                text12                             163A     163A      1C6         0
                text11                             1C71     1C71       46         0
                text10                             2561     2561        5         0
                text9                              2566     2566        5         0
                text8                              256B     256B        5         0
                text7                              2570     2570        5         0
                text6                                92       92      26F         0
                text5                              2575     2575        5         0
                text4                              1975     1975       26         0
                text3                              18C9     18C9       21         0
                text2                              267D     267D        D         0
                text1                              1BB2     1BB2       38         0
                maintext                            301      301      240         0
                clrtext                            258C     258C        6         0
                inittext                           2592     2592        6         0
                idataBANK4                         1800     1800       14         0
                idataBANK3                         19C2     19C2       28         0
                idataBANK1                          7FF      7FF        1         0

        CLASS   STRCODE        
                stringtext114                      2E72     2E72        3         0
                stringtext113                      2E6A     2E6A        8         0
                stringtext112                      2E62     2E62        8         0
                stringtext111                      2E5A     2E5A        8         0
                stringtext110                      2E52     2E52        8         0
                stringtext109                      2E4A     2E4A        8         0
                stringtext108                      2E42     2E42        8         0
                stringtext107                      2E3A     2E3A        8         0
                stringtext106                      2E32     2E32        8         0
                stringtext105                      2E2A     2E2A        8         0
                stringtext104                      2E22     2E22        8         0
                stringtext103                      2E1A     2E1A        8         0
                stringtext102                      2E12     2E12        8         0
                stringtext101                      2E09     2E09        9         0
                stringtext100                      2E00     2E00        9         0
                stringtext99                       2DF7     2DF7        9         0
                stringtext98                       2DEE     2DEE        9         0
                stringtext97                       2DE5     2DE5        9         0
                stringtext96                       2DDC     2DDC        9         0
                stringtext95                       2DD3     2DD3        9         0
                stringtext94                       2DCA     2DCA        9         0
                stringtext93                       2DC1     2DC1        9         0
                stringtext92                       2DB6     2DB6        B         0
                stringtext91                       2DAB     2DAB        B         0
                stringtext90                       2D9F     2D9F        C         0
                stringtext89                       2D93     2D93        C         0
                stringtext88                       2D87     2D87        C         0
                stringtext87                       2D7B     2D7B        C         0
                stringtext86                       2D6F     2D6F        C         0
                stringtext85                       2D63     2D63        C         0
                stringtext84                       2D57     2D57        C         0
                stringtext83                       2D4B     2D4B        C         0
                stringtext82                       2D3F     2D3F        C         0
                stringtext81                       2D33     2D33        C         0
                stringtext80                       2D27     2D27        C         0
                stringtext79                       2D1A     2D1A        D         0
                stringtext78                       2D0D     2D0D        D         0
                stringtext77                       2D00     2D00        D         0
                stringtext76                       2CF3     2CF3        D         0
                stringtext75                       2CE6     2CE6        D         0
                stringtext74                       2CD9     2CD9        D         0
                stringtext73                       2CCC     2CCC        D         0
                stringtext72                       2CBF     2CBF        D         0
                stringtext71                       2CB2     2CB2        D         0
                stringtext70                       2CA5     2CA5        D         0
                stringtext69                       2C97     2C97        E         0
                stringtext68                       2C89     2C89        E         0
                stringtext67                       2C7B     2C7B        E         0
                stringtext66                       2C6C     2C6C        F         0
                stringtext65                       2C5D     2C5D        F         0
                stringtext64                       2C4E     2C4E        F         0
                stringtext63                       2C3F     2C3F        F         0
                stringtext62                       2C30     2C30        F         0
                stringtext61                       2C21     2C21        F         0
                stringtext60                       2C12     2C12        F         0
                stringtext59                       2C03     2C03        F         0
                stringtext58                       2BF4     2BF4        F         0
                stringtext57                       2BE4     2BE4       10         0
                stringtext56                       2BD4     2BD4       10         0
                stringtext55                       2BC3     2BC3       11         0
                stringtext54                       2BB2     2BB2       11         0
                stringtext53                       2BA1     2BA1       11         0
                stringtext52                       2B90     2B90       11         0
                stringtext51                       2B7F     2B7F       11         0
                stringtext50                       2B6E     2B6E       11         0
                stringtext49                       2B5D     2B5D       11         0
                stringtext48                       2B4C     2B4C       11         0
                stringtext47                       2B3B     2B3B       11         0
                stringtext46                       2B2A     2B2A       11         0
                stringtext45                       2B19     2B19       11         0
                stringtext44                       2B08     2B08       11         0
                stringtext43                       2AF7     2AF7       11         0
                stringtext42                       2AE6     2AE6       11         0
                stringtext41                       2AD4     2AD4       12         0
                stringtext40                       2AC2     2AC2       12         0
                stringtext39                       2AB0     2AB0       12         0
                stringtext38                       2A9E     2A9E       12         0
                stringtext37                       2A8C     2A8C       12         0
                stringtext36                       2A7A     2A7A       12         0
                stringtext35                       2A68     2A68       12         0
                stringtext34                       2A56     2A56       12         0
                stringtext33                       2A44     2A44       12         0
                stringtext32                       2A32     2A32       12         0
                stringtext31                       2A20     2A20       12         0
                stringtext30                       2A0E     2A0E       12         0
                stringtext29                       29FC     29FC       12         0
                stringtext28                       29EA     29EA       12         0
                stringtext27                       29D7     29D7       13         0
                stringtext26                       29C4     29C4       13         0
                stringtext25                       29B1     29B1       13         0
                stringtext24                       299D     299D       14         0
                stringtext23                       2989     2989       14         0
                stringtext22                       2975     2975       14         0
                stringtext21                       2960     2960       15         0
                stringtext20                       294B     294B       15         0
                stringtext19                       2936     2936       15         0
                stringtext18                       2921     2921       15         0
                stringtext17                       290C     290C       15         0
                stringtext16                       28F5     28F5       17         0
                stringtext15                       28DE     28DE       17         0
                stringtext14                       28C7     28C7       17         0
                stringtext13                       28B0     28B0       17         0
                stringtext12                       2898     2898       18         0
                stringtext11                       2880     2880       18         0
                stringtext10                       2867     2867       19         0
                stringtext9                        284E     284E       19         0
                stringtext8                        2834     2834       1A         0
                stringtext7                        281A     281A       1A         0
                stringtext6                        2800     2800       1A         0
                stringtext5                        20A1     20A1       1B         0
                stringtext4                        2085     2085       1C         0
                stringtext3                        2069     2069       1C         0
                stringtext2                        204A     204A       1F         0
                stringtext1                        2000     2000       4A         0

        CLASS   STRING         

        CLASS   CONST          

        CLASS   ENTRY          

        CLASS   COMMON         
                cstackCOMMON                         70       70        D         1
                bssCOMMON                            7D       7D        1         1

        CLASS   BANK0          
                cstackBANK0                          20       20       4A         1
                bssBANK0                             6A       6A        3         1

        CLASS   BANK1          
                cstackBANK1                          A0       A0       3F         1
                dataBANK1                            EE       EE        1         1
                bssBANK1                             DF       DF        F         1

        CLASS   BANK2          
                cstackBANK2                         120      120       25         1
                bssBANK2                            145      145       1C         1

        CLASS   BANK3          
                dataBANK3                           1A0      1A0       28         1
                bssBANK3                            1C8      1C8       25         1

        CLASS   BANK4          
                cstackBANK4                         254      254       14         1
                dataBANK4                           240      240       14         1
                bssBANK4                            220      220       20         1

        CLASS   BANK5          

        CLASS   BANK6          

        CLASS   BANK7          

        CLASS   BANK8          

        CLASS   BANK9          

        CLASS   BANK10         

        CLASS   BANK11         

        CLASS   BANK12         

        CLASS   BIGRAM         

        CLASS   RAM            

        CLASS   ABS1           
                abs_s1                               7E       7E        2         1

        CLASS   SFR0           

        CLASS   SFR1           

        CLASS   SFR2           

        CLASS   SFR3           

        CLASS   SFR4           

        CLASS   SFR5           

        CLASS   SFR6           

        CLASS   SFR7           

        CLASS   SFR8           

        CLASS   SFR9           

        CLASS   SFR10          

        CLASS   SFR11          

        CLASS   SFR12          

        CLASS   SFR13          

        CLASS   SFR14          

        CLASS   SFR15          

        CLASS   SFR16          

        CLASS   SFR17          

        CLASS   SFR18          

        CLASS   SFR19          

        CLASS   SFR20          

        CLASS   SFR21          

        CLASS   SFR22          

        CLASS   SFR23          

        CLASS   SFR24          

        CLASS   SFR25          

        CLASS   SFR26          

        CLASS   SFR27          

        CLASS   SFR28          

        CLASS   SFR29          

        CLASS   SFR30          

        CLASS   SFR31          

        CLASS   CONFIG         
                config                             8007     8007        2         4

        CLASS   IDLOC          
                idloc                              8000     8000        4         5

        CLASS   EEDATA         

        CLASS   BANK31         

        CLASS   BANK30         

        CLASS   BANK29         

        CLASS   BANK28         

        CLASS   BANK27         

        CLASS   BANK26         

        CLASS   BANK25         

        CLASS   BANK24         

        CLASS   BANK23         

        CLASS   BANK22         

        CLASS   BANK21         

        CLASS   BANK20         

        CLASS   BANK19         

        CLASS   BANK18         

        CLASS   BANK17         

        CLASS   BANK16         

        CLASS   BANK15         

        CLASS   BANK14         

        CLASS   BANK13         



SEGMENTS        Name                           Load    Length   Top    Selector   Space  Class     Delta

                reset_vec                      000000  000004  000004         0       0  CODE        2
                intentry                       000004  0007FC  000800         8       0  CODE        2
                cstackBANK0                    000020  00004D  00006D        20       1  BANK0       1
                cstackCOMMON                   000070  00000E  00007E        70       1  COMMON      1
                cstackBANK1                    0000A0  00004F  0000EF        A0       1  BANK1       1
                cstackBANK2                    000120  000041  000161       120       1  BANK2       1
                dataBANK3                      0001A0  00004D  0001ED       1A0       1  BANK3       1
                bssBANK4                       000220  000048  000268       220       1  BANK4       1
                text66                         000800  000008  000808      1000       0  CODE        2
                text23                         000808  000067  00086F      1010       0  CODE        2
                maintext_split_2               00086F  000799  001008      10DE       0  CODE        2
                text35                         001008  00005C  001064      2010       0  CODE        2
                text42                         001064  0000ED  001151      20C8       0  CODE        2
                text43                         001151  000105  001256      22A2       0  CODE        2
                text33                         001256  000122  001378      24AC       0  CODE        2
                text13                         001378  000152  0014CA      26F0       0  CODE        2
                text34                         0014CA  000170  00163A      2994       0  CODE        2
                text12                         00163A  0001DA  001814      2C74       0  CODE        2
                text25                         001814  00001B  00182F      3028       0  CODE        2
                text41                         00182F  00001C  00184B      305E       0  CODE        2
                text58                         00184B  00001F  00186A      3096       0  CODE        2
                text55                         00186A  00001F  001889      30D4       0  CODE        2
                text50                         001889  00001F  0018A8      3112       0  CODE        2
                text77                         0018A8  000021  0018C9      3150       0  CODE        2
                text3                          0018C9  000021  0018EA      3192       0  CODE        2
                text117                        0018EA  000022  00190C      31D4       0  CODE        2
                text16                         00190C  000023  00192F      3218       0  CODE        2
                text15                         00192F  000023  001952      325E       0  CODE        2
                text14                         001952  000023  001975      32A4       0  CODE        2
                text4                          001975  000026  00199B      32EA       0  CODE        2
                text30                         00199B  000027  0019C2      3336       0  CODE        2
                idataBANK3                     0019C2  000028  0019EA      3384       0  CODE        2
                text37                         0019EA  000029  001A13      33D4       0  CODE        2
                text113                        001A13  00002A  001A3D      3426       0  CODE        2
                text48                         001A3D  00002C  001A69      347A       0  CODE        2
                text82                         001A69  00002D  001A96      34D2       0  CODE        2
                text40                         001A96  00002D  001AC3      352C       0  CODE        2
                text80                         001AC3  00002E  001AF1      3586       0  CODE        2
                text97                         001AF1  00002F  001B20      35E2       0  CODE        2
                text52                         001B20  00002F  001B4F      3640       0  CODE        2
                text27                         001B4F  00002F  001B7E      369E       0  CODE        2
                text32                         001B7E  000034  001BB2      36FC       0  CODE        2
                text1                          001BB2  000038  001BEA      3764       0  CODE        2
                text118                        001BEA  000041  001C2B      37D4       0  CODE        2
                text92                         001C2B  000046  001C71      3856       0  CODE        2
                text11                         001C71  000046  001CB7      38E2       0  CODE        2
                text60                         001CB7  000048  001CFF      396E       0  CODE        2
                text47                         001CFF  000048  001D47      39FE       0  CODE        2
                text18                         001D47  00004A  001D91      3A8E       0  CODE        2
                text49                         001D91  000051  001DE2      3B22       0  CODE        2
                text38                         001DE2  000052  001E34      3BC4       0  CODE        2
                text93                         001E34  000057  001E8B      3C68       0  CODE        2
                text17                         001E8B  000057  001EE2      3D16       0  CODE        2
                text28                         001EE2  000089  001F6B      3DC4       0  CODE        2
                text24                         001F6B  000095  002000      3ED6       0  CODE        2
                stringtext1                    002000  0000BC  0020BC      4000       0  STRCODE     2
                text120                        002502  000001  002503      4A04       0  CODE        2
                text106                        002503  000002  002505      4A06       0  CODE        2
                text116                        002505  000003  002508      4A0A       0  CODE        2
                text115                        002508  000003  00250B      4A10       0  CODE        2
                text104                        00250B  000003  00250E      4A16       0  CODE        2
                text102                        00250E  000003  002511      4A1C       0  CODE        2
                text98                         002511  000003  002514      4A22       0  CODE        2
                text81                         002514  000003  002517      4A28       0  CODE        2
                text121                        002517  000004  00251B      4A2E       0  CODE        2
                text119                        00251B  000004  00251F      4A36       0  CODE        2
                text103                        00251F  000004  002523      4A3E       0  CODE        2
                text101                        002523  000004  002527      4A46       0  CODE        2
                text79                         002527  000004  00252B      4A4E       0  CODE        2
                text57                         00252B  000004  00252F      4A56       0  CODE        2
                text100                        00252F  000005  002534      4A5E       0  CODE        2
                text96                         002534  000005  002539      4A68       0  CODE        2
                text90                         002539  000005  00253E      4A72       0  CODE        2
                text89                         00253E  000005  002543      4A7C       0  CODE        2
                text88                         002543  000005  002548      4A86       0  CODE        2
                text87                         002548  000005  00254D      4A90       0  CODE        2
                text86                         00254D  000005  002552      4A9A       0  CODE        2
                text85                         002552  000005  002557      4AA4       0  CODE        2
                text84                         002557  000005  00255C      4AAE       0  CODE        2
                text83                         00255C  000005  002561      4AB8       0  CODE        2
                text10                         002561  000005  002566      4AC2       0  CODE        2
                text9                          002566  000005  00256B      4ACC       0  CODE        2
                text8                          00256B  000005  002570      4AD6       0  CODE        2
                text7                          002570  000005  002575      4AE0       0  CODE        2
                text5                          002575  000005  00257A      4AEA       0  CODE        2
                text99                         00257A  000006  002580      4AF4       0  CODE        2
                text73                         002580  000006  002586      4B00       0  CODE        2
                text72                         002586  000006  00258C      4B0C       0  CODE        2
                clrtext                        00258C  000006  002592      4B18       0  CODE        2
                inittext                       002592  000006  002598      4B24       0  CODE        2
                text91                         002598  000007  00259F      4B30       0  CODE        2
                text39                         00259F  000007  0025A6      4B3E       0  CODE        2
                text95                         0025A6  000009  0025AF      4B4C       0  CODE        2
                text65                         0025AF  000009  0025B8      4B5E       0  CODE        2
                text64                         0025B8  000009  0025C1      4B70       0  CODE        2
                text63                         0025C1  000009  0025CA      4B82       0  CODE        2
                text62                         0025CA  000009  0025D3      4B94       0  CODE        2
                text61                         0025D3  000009  0025DC      4BA6       0  CODE        2
                text53                         0025DC  000009  0025E5      4BB8       0  CODE        2
                text76                         0025E5  00000B  0025F0      4BCA       0  CODE        2
                text74                         0025F0  00000C  0025FC      4BE0       0  CODE        2
                text59                         0025FC  00000C  002608      4BF8       0  CODE        2
                text112                        002608  00000D  002615      4C10       0  CODE        2
                text54                         002615  00000D  002622      4C2A       0  CODE        2
                text46                         002622  00000D  00262F      4C44       0  CODE        2
                text45                         00262F  00000D  00263C      4C5E       0  CODE        2
                text44                         00263C  00000D  002649      4C78       0  CODE        2
                text22                         002649  00000D  002656      4C92       0  CODE        2
                text21                         002656  00000D  002663      4CAC       0  CODE        2
                text20                         002663  00000D  002670      4CC6       0  CODE        2
                text19                         002670  00000D  00267D      4CE0       0  CODE        2
                text2                          00267D  00000D  00268A      4CFA       0  CODE        2
                text75                         00268A  00000F  002699      4D14       0  CODE        2
                text114                        002699  000010  0026A9      4D32       0  CODE        2
                text71                         0026A9  000010  0026B9      4D52       0  CODE        2
                text56                         0026B9  000010  0026C9      4D72       0  CODE        2
                text111                        0026C9  000011  0026DA      4D92       0  CODE        2
                text110                        0026DA  000011  0026EB      4DB4       0  CODE        2
                text109                        0026EB  000011  0026FC      4DD6       0  CODE        2
                text108                        0026FC  000011  00270D      4DF8       0  CODE        2
                text70                         00270D  000015  002722      4E1A       0  CODE        2
                text31                         002722  000016  002738      4E44       0  CODE        2
                text29                         002738  000017  00274F      4E70       0  CODE        2
                text107                        00274F  000018  002767      4E9E       0  CODE        2
                text69                         002767  000018  00277F      4ECE       0  CODE        2
                text68                         00277F  000018  002797      4EFE       0  CODE        2
                text51                         002797  000019  0027B0      4F2E       0  CODE        2
                text36                         0027B0  00001A  0027CA      4F60       0  CODE        2
                text122                        0027CA  00001B  0027E5      4F94       0  CODE        2
                text26                         0027E5  00001B  002800      4FCA       0  CODE        2
                stringtext6                    002800  000675  002E75      5000       0  STRCODE     2


UNUSED ADDRESS RANGES

        Name                Unused          Largest block    Delta
        BANK0            000006D-000006F                 3           1
        BANK1            00000EF-00000EF                 1           1
        BANK10           0000520-000056F                50           1
        BANK11           00005A0-00005EF                50           1
        BANK12           0000620-000064F                30           1
        BANK2            0000161-000016F                 F           1
        BANK3            00001ED-00001EF                 3           1
        BANK4            0000268-000026F                 8           1
        BANK5            00002A0-00002EF                50           1
        BANK6            0000320-000036F                50           1
        BANK7            00003A0-00003EF                50           1
        BANK8            0000420-000046F                50           1
        BANK9            00004A0-00004EF                50           1
        BIGRAM           0002000-00023EF               3F0           1
        CODE             00020BC-0002501               446           2
                         0002E75-0003FFF               800
        CONST            00020BC-0002501               100           2
                         0002E75-0003FFF               100
        EEDATA           000F000-000F0FF               100           2
        ENTRY            00020BC-0002501               100           2
                         0002E75-0003FFF               100
        RAM              000006D-000006F                 3           1
                         00000EF-00000EF                 1
                         0000161-000016F                 F
                         00001ED-00001EF                 3
                         0000268-000026F                 8
                         00002A0-00002EF                50
                         0000320-000036F                50
                         00003A0-00003EF                50
                         0000420-000046F                50
                         00004A0-00004EF                50
                         0000520-000056F                50
                         00005A0-00005EF                50
                         0000620-000064F                30
        SFR0             0000000-000001F                20           1
        SFR1             0000080-000009F                20           1
        SFR10            0000500-000051F                20           1
        SFR11            0000580-000059F                20           1
        SFR12            0000600-000061F                20           1
        SFR13            0000680-00006EF                70           1
        SFR14            0000700-000076F                70           1
        SFR15            0000780-00007EF                70           1
        SFR16            0000800-000086F                70           1
        SFR17            0000880-00008EF                70           1
        SFR18            0000900-000096F                70           1
        SFR19            0000980-00009EF                70           1
        SFR2             0000100-000011F                20           1
        SFR20            0000A00-0000A6F                70           1
        SFR21            0000A80-0000AEF                70           1
        SFR22            0000B00-0000B6F                70           1
        SFR23            0000B80-0000BEF                70           1
        SFR24            0000C00-0000C6F                70           1
        SFR25            0000C80-0000CEF                70           1
        SFR26            0000D00-0000D6F                70           1
        SFR27            0000D80-0000DEF                70           1
        SFR28            0000E00-0000E6F                70           1
        SFR29            0000E80-0000EEF                70           1
        SFR3             0000180-000019F                20           1
        SFR30            0000F00-0000F6F                70           1
        SFR31            0000F80-0000FEF                70           1
        SFR4             0000200-000021F                20           1
        SFR5             0000280-000029F                20           1
        SFR6             0000300-000031F                20           1
        SFR7             0000380-000039F                20           1
        SFR8             0000400-000041F                20           1
        SFR9             0000480-000049F                20           1
        STACK            0002188-00023EF               268           1
        STRCODE          00020BC-0002501               446           2
                         0002E75-0003FFF              118B
        STRING           00020BC-0002501               100           2
                         0002E75-0003FFF               100

                                  Symbol Table

?_ADC_GetConversion                            cstackBANK0      0000023
?___aodiv                                      cstackBANK0      0000023
?___aomod                                      cstackBANK0      0000023
?_abs                                          cstackBANK0      0000036
?_dtoa                                         cstackBANK0      000003F
?_pad                                          cstackBANK0      0000036
?_printf                                       cstackBANK1      00000AD
?_sprintf                                      cstackBANK1      00000AD
?_strcat                                       cstackBANK0      0000033
?_strlen                                       cstackBANK0      0000023
?_vfpfcnvrt                                    cstackBANK0      000005D
?_vfprintf                                     cstackBANK0      0000064
ADC_GetConversion@channel                      cstackBANK0      0000026
EUSART_Read@readValue                          cstackBANK0      0000024
EUSART_SetErrorHandler@interruptHandler        cstackBANK0      0000023
EUSART_SetFramingErrorHandler@interruptHandler cstackBANK0      0000023
EUSART_SetOverrunErrorHandler@interruptHandler cstackBANK0      0000023
EUSART_SetRxInterruptHandler@interruptHandler  cstackBANK0      0000023
EUSART_SetTxInterruptHandler@interruptHandler  cstackBANK0      0000023
EUSART_Write@txData                            cstackBANK0      0000024
I2C_CallbackReturnReset@funPtr                 cstackCOMMON     0000079
I2C_MasterSendTxData@data                      cstackCOMMON     0000070
I2C_Master_Write@data                          cstackBANK0      0000023
I2C_SetBuffer@buffer                           cstackCOMMON     0000073
I2C_SetBuffer@bufferSize                       cstackCOMMON     0000070
I2C_SetCallback@cb                             cstackCOMMON     0000070
I2C_SetCallback@idx                            cstackCOMMON     0000074
I2C_SetCallback@ptr                            cstackCOMMON     0000072
I2C_SetDataCompleteCallback@cb                 cstackCOMMON     0000075
I2C_SetDataCompleteCallback@ptr                cstackCOMMON     0000077
IO_Expander_Write@Data                         cstackBANK0      0000024
LCD_CMD@CMD                                    cstackBANK0      0000028
LCD_Init@I2C_Add                               cstackBANK0      000002B
LCD_Set_Cursor@COL                             cstackBANK0      0000029
LCD_Set_Cursor@ROW                             cstackBANK0      000002C
LCD_Write_4Bit@Nibble                          cstackBANK0      0000026
LCD_Write_Char@Data                            cstackBANK0      0000028
LCD_Write_String@Str                           cstackBANK0      0000029
LCD_Write_String@i                             cstackBANK0      000002C
_ACKDT                                         (abs)            00010B5
_ACKEN                                         (abs)            00010B4
_ACKSTAT                                       (abs)            00010B6
_ADCON0                                        (abs)            000009D
_ADCON0bits                                    (abs)            000009D
_ADCON1                                        (abs)            000009E
_ADC_GetConversion                             text77           00018A8
_ADC_Initialize                                text66           0000800
_ADRESH                                        (abs)            000009C
_ADRESL                                        (abs)            000009B
_ANSELA                                        (abs)            000018C
_ANSELB                                        (abs)            000018D
_ANSELD                                        (abs)            000018F
_ANSELE                                        (abs)            0000190
_APFCON                                        (abs)            000011D
_BAUDCON                                       (abs)            000019F
_BORCON                                        (abs)            0000116
_BackLight_State                               dataBANK1        00000EE
_EEADRH                                        (abs)            0000192
_EEADRL                                        (abs)            0000191
_EECON1bits                                    (abs)            0000195
_EECON2                                        (abs)            0000196
_EEDATH                                        (abs)            0000194
_EEDATL                                        (abs)            0000193
_EUSART_DefaultErrorHandler                    text121          0002517
_EUSART_DefaultFramingErrorHandler             text120          0002502
_EUSART_DefaultOverrunErrorHandler             text119          000251B
_EUSART_ErrorHandler                           bssBANK2         0000157
_EUSART_FramingErrorHandler                    bssBANK2         000015B
_EUSART_Initialize                             text60           0001CB7
_EUSART_OverrunErrorHandler                    bssBANK2         0000159
_EUSART_Read                                   text27           0001B4F
_EUSART_Receive_ISR                            text118          0001BEA
_EUSART_RxDataHandler                          text122          00027CA
_EUSART_RxDefaultInterruptHandler              bssBANK2         000015D
_EUSART_SetErrorHandler                        text65           00025AF
_EUSART_SetFramingErrorHandler                 text64           00025B8
_EUSART_SetOverrunErrorHandler                 text63           00025C1
_EUSART_SetRxInterruptHandler                  text62           00025CA
_EUSART_SetTxInterruptHandler                  text61           00025D3
_EUSART_Transmit_ISR                           text117          00018EA
_EUSART_TxDefaultInterruptHandler              bssBANK1         00000E5
_EUSART_Write                                  text40           0001A96
_GIE                                           (abs)            000005F
_I2C_CallbackReturnReset                       text105          0000002
_I2C_CallbackReturnStop                        text106          0002503
_I2C_DO_ADDRESS_NACK                           text82           0001A69
_I2C_DO_IDLE                                   text96           0002534
_I2C_DO_RCEN                                   text91           0002598
_I2C_DO_RESET                                  text83           000255C
_I2C_DO_RX                                     text92           0001C2B
_I2C_DO_RX_ACK                                 text86           000254D
_I2C_DO_RX_NACK_RESTART                        text84           0002557
_I2C_DO_RX_NACK_STOP                           text85           0002552
_I2C_DO_SEND_ADR_READ                          text95           00025A6
_I2C_DO_SEND_ADR_WRITE                         text94           0001000
_I2C_DO_SEND_RESTART                           text88           0002543
_I2C_DO_SEND_RESTART_READ                      text90           0002539
_I2C_DO_SEND_RESTART_WRITE                     text89           000253E
_I2C_DO_SEND_STOP                              text87           0002548
_I2C_DO_TX                                     text93           0001E34
_I2C_DO_TX_EMPTY                               text97           0001AF1
_I2C_MasterClearIrq                            text81           0002514
_I2C_MasterEnableRestart                       text116          0002505
_I2C_MasterFsm                                 text80           0001AC3
_I2C_MasterGetRxData                           text102          000250E
_I2C_MasterIsNack                              text99           000257A
_I2C_MasterIsr                                 text79           0002527
_I2C_MasterSendAck                             text101          0002523
_I2C_MasterSendNack                            text103          000251F
_I2C_MasterSendTxData                          text100          000252F
_I2C_MasterSetIrq                              text98           0002511
_I2C_MasterStartRx                             text104          000250B
_I2C_MasterStop                                text115          0002508
_I2C_Master_Init                               text76           00025E5
_I2C_Master_Start                              text73           0002580
_I2C_Master_Stop                               text72           0002586
_I2C_Master_Wait                               text74           00025F0
_I2C_Master_Write                              text71           00026A9
_I2C_SetBuffer                                 text114          0002699
_I2C_SetCallback                               text113          0001A13
_I2C_SetDataCompleteCallback                   text112          0002608
_I2C_Slave_Init                                text75           000268A
_I2C_Status                                    bssBANK3         00001C8
_INTCONbits                                    (abs)            000000B
_INTERRUPT_InterruptManager                    intentry         0000004
_IO_Expander_Write                             text70           000270D
_LATA                                          (abs)            000010C
_LATAbits                                      (abs)            000010C
_LATB                                          (abs)            000010D
_LATBbits                                      (abs)            000010D
_LATC                                          (abs)            000010E
_LATD                                          (abs)            000010F
_LATE                                          (abs)            0000110
_LATEbits                                      (abs)            0000110
_LCD_CMD                                       text68           000277F
_LCD_Clear                                     text53           00025DC
_LCD_Init                                      text67           0000773
_LCD_Set_Cursor                                text52           0001B20
[...]
alerteDefaut@testAct                           cstackBANK1      00000B2
alerteDefaut@testVoy                           cstackBANK1      00000B4
alerteDefautEtape16@F3822                      dataBANK4        0000240
alerteDefautEtape16@F3824                      dataBANK3        00001B4
alerteDefautEtape16@autom                      cstackBANK1      00000DB
alerteDefautEtape16@eol                        cstackBANK2      0000120
alerteDefautEtape16@error                      cstackBANK2      000012A
alerteDefautEtape16@etape                      cstackBANK1      00000D7
alerteDefautEtape16@prog                       cstackBANK1      00000DC
alerteDefautEtape16@reponse                    cstackBANK2      0000140
alerteDefautEtape16@testAct                    cstackBANK1      00000D9
alerteDefautEtape16@testVoy                    cstackBANK1      00000DA
alimenter@active                               cstackBANK0      0000023
attenteAquittement@autom                       cstackBANK1      00000B0
attenteAquittement@reception                   cstackBANK1      00000B6
attenteAquittement@repOperateur                cstackBANK1      00000B7
attenteAquittement@testAct                     cstackBANK1      00000B2
attenteDemarrage3@autom                        cstackBANK1      00000C2
attenteDemarrage3@prog                         cstackBANK1      00000B6
attenteDemarrage3@reception                    cstackBANK1      00000BB
attenteDemarrage3@repOperateur                 cstackBANK1      00000C1
attenteDemarrage3@repSlave                     cstackBANK1      00000C0
attenteDemarrage3@responseSlave                cstackBANK1      00000BC
attenteDemarrage3@responseSlave_2059           cstackBANK1      00000BD
attenteDemarrage3@responseSlave_2062           cstackBANK1      00000BE
attenteDemarrage3@responseSlave_2065           cstackBANK1      00000BF
attenteDemarrage3@slaveIsWaiting               cstackBANK1      00000B8
attenteDemarrage3@testAct                      cstackBANK1      00000B5
attenteDemarrage3@testSlaveActive              cstackBANK1      00000B7
btemp                                          (abs)            000007E
clear_ram0                                     clrtext          000258C
displayManager@s1                              cstackBANK0      000002E
displayManager@s2                              cstackBANK0      0000030
displayManager@s3                              cstackBANK0      0000032
displayManager@s4                              cstackBANK0      0000034
dtoa@d                                         cstackBANK0      000003F
dtoa@fp                                        cstackBANK0      000004A
dtoa@i                                         cstackBANK0      000005B
dtoa@n                                         cstackBANK0      0000053
dtoa@p                                         cstackBANK0      000004D
dtoa@s                                         cstackBANK0      0000051
dtoa@w                                         cstackBANK0      000004F
end_of_initialization                          cinit            000008E
errorAlert@i                                   cstackBANK0      000002A
errorAlert@j                                   cstackBANK0      0000028
fputc@c                                        cstackBANK0      0000026
fputc@fp                                       cstackBANK0      0000028
fputs@c                                        cstackBANK0      0000032
fputs@fp                                       cstackBANK0      000002E
fputs@i                                        cstackBANK0      0000033
fputs@s                                        cstackBANK0      0000035
getSlaveStatus@code                            cstackBANK0      0000024
getSlaveStatus@slaveResponse                   cstackBANK0      0000025
init_ram                                       inittext         0002592
initialConditions@autom                        cstackBANK1      00000B4
initialConditions@prog                         cstackBANK1      00000B6
initialConditions@testAct                      cstackBANK1      00000B0
initialConditions@testVoy                      cstackBANK1      00000B2
int$flags                                      (abs)            000007E
intlevel0                                      functab          0000000
intlevel1                                      functab          0000000
intlevel2                                      functab          0000000
intlevel3                                      functab          0000000
intlevel4                                      functab          0000000
intlevel5                                      functab          0000000
ledConforme@active                             cstackBANK0      0000023
ledNonConforme@active                          cstackBANK0      0000023
ledProgession@active                           cstackBANK0      0000023
main@automatique                               cstackBANK4      0000265
main@buffer                                    cstackBANK4      0000254
main@buffer_1698                               cstackBANK4      0000256
main@lectureAN1                                cstackBANK4      0000260
main@master                                    cstackBANK4      0000258
main@programmation                             cstackBANK4      0000264
main@slaveInTest                               cstackBANK4      000025F
main@slaveSummary                              cstackBANK4      0000263
main@slaveWaiting                              cstackBANK4      0000262
main@slectureAN1                               cstackBANK4      0000259
main@testActif                                 cstackBANK4      0000267
main@testLeds                                  cstackBANK4      000025E
main@testVoyants                               cstackBANK4      0000266
okAlert@i                                      cstackBANK1      00000B1
pad@buf                                        cstackBANK0      0000036
pad@fp                                         cstackBANK0      000003E
pad@i                                          cstackBANK0      000003A
pad@p                                          cstackBANK0      0000037
pad@w                                          cstackBANK0      000003C
pnum$maintext                                  (abs)            0000089
pnum$maintext_split_1                          (abs)            0000106
pnum$maintext_split_2                          (abs)            0000107
pressBP1@active                                cstackBANK0      0000023
pressBP2@active                                cstackBANK0      0000023
printf@ap                                      cstackBANK1      00000AF
printf@fmt                                     cstackBANK1      00000AD
processSlaveResponse@repSlave                  cstackBANK1      00000B4
processSlaveResponse@slaveIsWaiting            cstackBANK1      00000B0
psplit$0                                       (abs)            0890106
psplit$1                                       (abs)            1060107
putch@txData                                   cstackBANK0      0000025
rd1RegCompleteHandler@ptr                      cstackCOMMON     0000079
rd2RegCompleteHandler@ptr                      cstackCOMMON     0000079
rdBlkRegCompleteHandler@ptr                    cstackCOMMON     0000079
reponseOperateur@automatique                   cstackBANK0      0000028
reponseOperateur@reception                     cstackBANK0      0000027
reponseOperateur@repOperateur                  cstackBANK0      000002A
reponseOperateur@reponse                       cstackBANK0      0000029
reset_vec                                      reset_vec        0000000
setHorloge@active                              cstackBANK0      0000023
setP1@active                                   cstackBANK0      0000023
setP2@active                                   cstackBANK0      0000023
sortieErreur@autom                             cstackBANK1      00000B8
sortieErreur@prog                              cstackBANK1      00000BE
sortieErreur@testAct                           cstackBANK1      00000BA
sortieErreur@testVoy                           cstackBANK1      00000BC
sprintf@ap                                     cstackBANK1      00000B3
sprintf@f                                      cstackBANK1      00000B5
sprintf@fmt                                    cstackBANK1      00000AD
sprintf@ret                                    cstackBANK1      00000B1
sprintf@s                                      cstackBANK1      00000B4
start                                          init             000004A
startAlert@i                                   cstackBANK0      0000028
start_initialization                           cinit            000004C
strcat@dest                                    cstackBANK0      0000033
strcat@src                                     cstackBANK0      0000035
strcpy@d                                       cstackBANK0      0000031
strcpy@dest                                    cstackBANK0      0000027
strcpy@s                                       cstackBANK0      000002F
strcpy@src                                     cstackBANK0      0000029
strlen@a                                       cstackBANK0      0000025
strlen@s                                       cstackBANK0      0000023
testNOK@active                                 cstackBANK0      0000024
testNOK@result                                 cstackBANK0      0000023
testOK@active                                  cstackBANK0      0000024
testOK@result                                  cstackBANK0      0000023
testR1@active                                  cstackBANK0      0000024
testR1@result                                  cstackBANK0      0000023
testR2@active                                  cstackBANK0      0000024
testR2@result                                  cstackBANK0      0000023
testR3@active                                  cstackBANK0      0000024
testR3@result                                  cstackBANK0      0000023
vfpfcnvrt@ap                                   cstackBANK0      000005E
vfpfcnvrt@fmt                                  cstackBANK0      000005D
vfpfcnvrt@fp                                   cstackBANK1      00000A9
vfpfcnvrt@ll                                   cstackBANK1      00000A0
vfpfcnvrt@vp                                   cstackBANK1      00000A8
vfprintf@ap                                    cstackBANK0      0000066
vfprintf@cfmt                                  cstackBANK1      00000AB
vfprintf@fmt                                   cstackBANK0      0000064
vfprintf@fp                                    cstackBANK1      00000AA
wr1RegCompleteHandler@ptr                      cstackCOMMON     0000079
wr2RegCompleteHandler@ptr                      cstackCOMMON     0000079
wtemp0                                         (abs)            000007E


MODULE INFORMATION

Module		Function		Class		Link	Load	Size
C:\Program Files\Microchip\xc8\v2.32\pic\sources\c99\common\nf_sprintf.c
		_sprintf       		CODE           	1BB2	0000	56

C:\Program Files\Microchip\xc8\v2.32\pic\sources\c99\common\nf_sprintf.c estimated size: 56

C:\Program Files\Microchip\xc8\v2.32\pic\sources\c99\common\doprnt.c
		_vfpfcnvrt     		CODE           	1256	0000	290
		_pad           		CODE           	1008	0000	92
		_dtoa          		CODE           	14CA	0000	368
		_vfprintf      		CODE           	1B7E	0000	52

C:\Program Files\Microchip\xc8\v2.32\pic\sources\c99\common\doprnt.c estimated size: 802

mcc_generated_files/interrupt_manager.c
		_INTERRUPT_InterruptManager		CODE           	0004	0000	70

mcc_generated_files/interrupt_manager.c estimated size: 70

mcc_generated_files/examples/i2c_master_example.c
		_wr1RegCompleteHandler		CODE           	26FC	0000	17
		_wr2RegCompleteHandler		CODE           	26C9	0000	17
		_rdBlkRegCompleteHandler		CODE           	274F	0000	24
		_rd1RegCompleteHandler		CODE           	26DA	0000	17
		_rd2RegCompleteHandler		CODE           	26EB	0000	17

mcc_generated_files/examples/i2c_master_example.c estimated size: 92

mcc_generated_files/pin_manager.c
		_PIN_MANAGER_Initialize		CODE           	184B	0000	31

mcc_generated_files/pin_manager.c estimated size: 31

C:\Program Files\Microchip\xc8\v2.32\pic\sources\c99\common\nf_fputs.c
		_fputs         		CODE           	19EA	0000	41

C:\Program Files\Microchip\xc8\v2.32\pic\sources\c99\common\nf_fputs.c estimated size: 41

mcc_generated_files/adc.c
		_ADC_Initialize		CODE           	0800	0000	8
		_ADC_GetConversion		CODE           	18A8	0000	33

mcc_generated_files/adc.c estimated size: 41

I2C-tester.c
		_sendACQToSlave		CODE           	2561	0000	5
		_sendOKToSlave 		CODE           	256B	0000	5
		_getSlaveSummary		CODE           	2575	0000	5
		_sendNOKToSlave		CODE           	2566	0000	5
		_startTestSlave		CODE           	2570	0000	5
		_getSlaveStatus		CODE           	1C71	0000	70

I2C-tester.c estimated size: 95

C:\Program Files\Microchip\xc8\v2.32\pic\sources\c99\common\abs.c
		_abs           		CODE           	182F	0000	28

C:\Program Files\Microchip\xc8\v2.32\pic\sources\c99\common\abs.c estimated size: 28

C:\Program Files\Microchip\xc8\v2.32\pic\sources\c99\common\aomod.c
		___aomod       		CODE           	1064	0000	237

C:\Program Files\Microchip\xc8\v2.32\pic\sources\c99\common\aomod.c estimated size: 237

shared
		__initialization		CODE           	004C	0000	66
		_i2c_fsmStateTable		STRCODE        	2000	0000	32

shared estimated size: 98

I2C_LCD.c
		_LCD_Init      		CODE           	0773	0000	140
		_LCD_Write_4Bit		CODE           	2767	0000	24
		_LCD_Write_Char		CODE           	2797	0000	25
		_LCD_CMD       		CODE           	277F	0000	24
		_I2C_Master_Wait		CODE           	25F0	0000	12
		_I2C_Master_Init		CODE           	25E5	0000	11
		_I2C_Master_Stop		CODE           	2586	0000	6
		_I2C_Slave_Init		CODE           	268A	0000	15
		_LCD_Set_Cursor		CODE           	1B20	0000	47
		_LCD_Clear     		CODE           	25DC	0000	9
		_IO_Expander_Write		CODE           	270D	0000	21
		_I2C_Master_Write		CODE           	26A9	0000	16
		_I2C_Master_Start		CODE           	2580	0000	6
		_LCD_Write_String		CODE           	1889	0000	31

I2C_LCD.c estimated size: 387

mcc_generated_files/mcc.c
		_WDT_Initialize		CODE           	252B	0000	4
		_OSCILLATOR_Initialize		CODE           	25FC	0000	12
		_SYSTEM_Initialize		CODE           	26B9	0000	16

mcc_generated_files/mcc.c estimated size: 32

display.c
		_displayManager		CODE           	1D91	0000	81

display.c estimated size: 81

C:\Program Files\Microchip\xc8\v2.32\pic\sources\c99\common\strcat.c
		_strcat        		CODE           	2738	0000	23

C:\Program Files\Microchip\xc8\v2.32\pic\sources\c99\common\strcat.c estimated size: 23

mcc_generated_files/i2c_master.c
		_I2C_MasterStartRx		CODE           	250B	0000	3
		_I2C_DO_SEND_ADR_WRITE		CODE           	1000	0000	8
		_I2C_DO_SEND_STOP		CODE           	2548	0000	5
		_I2C_MasterSendNack		CODE           	251F	0000	4
		_I2C_CallbackReturnStop		CODE           	2503	0000	2
		_I2C_DO_SEND_ADR_READ		CODE           	25A6	0000	9
		_I2C_DO_RX_NACK_STOP		CODE           	2552	0000	5
		_I2C_DO_SEND_RESTART		CODE           	2543	0000	5
		_I2C_DO_RX     		CODE           	1C2B	0000	70
		_I2C_DO_TX     		CODE           	1E34	0000	87
		_I2C_DO_IDLE   		CODE           	2534	0000	5
		_I2C_DO_RCEN   		CODE           	2598	0000	7
		_I2C_DO_RESET  		CODE           	255C	0000	5
		_I2C_DO_RX_ACK 		CODE           	254D	0000	5
		_I2C_MasterClearIrq		CODE           	2514	0000	3
		_I2C_MasterGetRxData		CODE           	250E	0000	3
		_I2C_SetCallback		CODE           	1A13	0000	42
		_I2C_DO_ADDRESS_NACK		CODE           	1A69	0000	45
		_I2C_MasterEnableRestart		CODE           	2505	0000	3
		_I2C_CallbackReturnReset		CODE           	0002	0000	2
		_I2C_DO_TX_EMPTY		CODE           	1AF1	0000	47
		_I2C_DO_SEND_RESTART_WRITE		CODE           	253E	0000	5
		_I2C_MasterIsNack		CODE           	257A	0000	6
		_I2C_SetDataCompleteCallback		CODE           	2608	0000	13
		_I2C_DO_RX_NACK_RESTART		CODE           	2557	0000	5
		_I2C_MasterSendAck		CODE           	2523	0000	4
		_I2C_MasterFsm 		CODE           	1AC3	0000	46
		_I2C_MasterIsr 		CODE           	2527	0000	4
		_I2C_MasterSetIrq		CODE           	2511	0000	3
		_I2C_DO_SEND_RESTART_READ		CODE           	2539	0000	5
		_I2C_SetBuffer 		CODE           	2699	0000	16
		_I2C_MasterSendTxData		CODE           	252F	0000	5
		_I2C_MasterStop		CODE           	2508	0000	3

mcc_generated_files/i2c_master.c estimated size: 480

mcc_generated_files/eusart.c
		_EUSART_SetRxInterruptHandler		CODE           	25CA	0000	9
		_EUSART_SetTxInterruptHandler		CODE           	25D3	0000	9
		_putch         		CODE           	259F	0000	7
		_EUSART_Read   		CODE           	1B4F	0000	47
		_EUSART_DefaultOverrunErrorHandler		CODE           	251B	0000	4
		_EUSART_Write  		CODE           	1A96	0000	45
		_EUSART_DefaultErrorHandler		CODE           	2517	0000	4
		_EUSART_Transmit_ISR		CODE           	18EA	0000	34
		_EUSART_Initialize		CODE           	1CB7	0000	72
		_EUSART_SetFramingErrorHandler		CODE           	25B8	0000	9
		_EUSART_SetErrorHandler		CODE           	25AF	0000	9
		_EUSART_SetOverrunErrorHandler		CODE           	25C1	0000	9
		_EUSART_Receive_ISR		CODE           	1BEA	0000	65
		_EUSART_RxDataHandler		CODE           	27CA	0000	27
		_EUSART_DefaultFramingErrorHandler		CODE           	2502	0000	1

mcc_generated_files/eusart.c estimated size: 351

C:\Program Files\Microchip\xc8\v2.32\pic\sources\c99\common\printf.c
		_printf        		CODE           	2722	0000	22

C:\Program Files\Microchip\xc8\v2.32\pic\sources\c99\common\printf.c estimated size: 22

C:\Program Files\Microchip\xc8\v2.32\pic\sources\c99\common\nf_fputc.c
		_fputc         		CODE           	1DE2	0000	82

C:\Program Files\Microchip\xc8\v2.32\pic\sources\c99\common\nf_fputc.c estimated size: 82

tester.c
		_okAlert       		CODE           	18C9	0000	33
		_testR3        		CODE           	1952	0000	35
		_alerteDefaut  		CODE           	1EE2	0000	137
		_initialConditions		CODE           	1D47	0000	74
		_attenteDemarrage3		CODE           	0092	0000	623
		_setHorloge    		CODE           	267D	0000	13
		_errorAlert    		CODE           	1CFF	0000	72
		_alimenter     		CODE           	2615	0000	13
		_testR1        		CODE           	190C	0000	35
		_ledProgession 		CODE           	263C	0000	13
		_attenteAquittement		CODE           	0808	0000	103
		_startAlert    		CODE           	1975	0000	38
		_processSlaveResponse		CODE           	163A	0000	454
		_pressBP1      		CODE           	2649	0000	13
		_pressBP2      		CODE           	2656	0000	13
		_testNOK       		CODE           	27E5	0000	27
		_ledConforme   		CODE           	2622	0000	13
		_alerteDefautEtape16		CODE           	1378	0000	338
		_testR2        		CODE           	192F	0000	35
		_ledNonConforme		CODE           	262F	0000	13
		_setP1         		CODE           	2663	0000	13
		_testOK        		CODE           	1814	0000	27
		_activerTouche 		CODE           	186A	0000	31
		_activerBuzzer 		CODE           	1A3D	0000	44
		_sortieErreur  		CODE           	1E8B	0000	87
		_setP2         		CODE           	2670	0000	13
		_reponseOperateur		CODE           	1F6B	0000	149

tester.c estimated size: 2459

C:\Program Files\Microchip\xc8\v2.32\pic\sources\c99\common\aodiv.c
		___aodiv       		CODE           	1151	0000	261

C:\Program Files\Microchip\xc8\v2.32\pic\sources\c99\common\aodiv.c estimated size: 261

main.c
		_main          		CODE           	0301	0000	3075

main.c estimated size: 3075

C:\Program Files\Microchip\xc8\v2.32\pic\sources\c99\common\strlen.c
		_strlen        		CODE           	27B0	0000	26

C:\Program Files\Microchip\xc8\v2.32\pic\sources\c99\common\strlen.c estimated size: 26

C:\Program Files\Microchip\xc8\v2.32\pic\sources\c99\common\strcpy.c
		_strcpy        		CODE           	199B	0000	39

C:\Program Files\Microchip\xc8\v2.32\pic\sources\c99\common\strcpy.c estimated size: 39

