Microchip MPLAB XC8 Compiler V2.32

Linker command line:

-W-3 --edf=C:\Program Files\Microchip\xc8\v2.32\pic\dat\en_msgs.txt -cn \
  -h+dist/default/debug\galeoTesterBiModuleMaster.X.debug.sym \
  --cmf=dist/default/debug\galeoTesterBiModuleMaster.X.debug.cmf -z \
  -Q16LF1939 -oC:\Users\Michel\AppData\Local\Temp\xcAsi88.4 \
  --defsym=__MPLAB_BUILD=1 \
  -Mdist/default/debug/galeoTesterBiModuleMaster.X.debug.map -E1 \
  -ver=XC8 Compiler --acfsm=1493 -ASTACK=02187h-023EFh -pstack=STACK \
  -ACODE=00h-07FFhx8 -ASTRCODE=00h-03FFFh -ASTRING=00h-0FFhx64 \
  -ACONST=00h-0FFhx64 -AENTRY=00h-0FFhx64 -ACOMMON=070h-07Fh \
  -ABANK0=020h-06Fh -ABANK1=0A0h-0EFh -ABANK2=0120h-016Fh \
  -ABANK3=01A0h-01EFh -ABANK4=0220h-026Fh -ABANK5=02A0h-02EFh \
  -ABANK6=0320h-036Fh -ABANK7=03A0h-03EFh -ABANK8=0420h-046Fh \
  -ABANK9=04A0h-04EFh -ABANK10=0520h-056Fh -ABANK11=05A0h-05EFh \
  -ABANK12=0620h-064Fh -ABIGRAM=02000h-023EFh \
  -ARAM=020h-06Fh,0A0h-0EFh,0120h-016Fh,01A0h-01EFh,0220h-026Fh,02A0h-02EFh,0320h-036Fh,03A0h-03EFh,0420h-046Fh,04A0h-04EFh,0520h-056Fh,05A0h-05EFh,0620h-064Fh \
  -AABS1=020h-07Fh,0A0h-0EFh,0120h-016Fh,01A0h-01EFh,0220h-026Fh,02A0h-02EFh,0320h-036Fh,03A0h-03EFh,0420h-046Fh,04A0h-04EFh,0520h-056Fh,05A0h-05EFh,0620h-064Fh \
  -ASFR0=00h-01Fh -ASFR1=080h-09Fh -ASFR2=0100h-011Fh -ASFR3=0180h-019Fh \
  -ASFR4=0200h-021Fh -ASFR5=0280h-029Fh -ASFR6=0300h-031Fh \
  -ASFR7=0380h-039Fh -ASFR8=0400h-041Fh -ASFR9=0480h-049Fh \
  -ASFR10=0500h-051Fh -ASFR11=0580h-059Fh -ASFR12=0600h-061Fh \
  -ASFR13=0680h-06EFh -ASFR14=0700h-076Fh -ASFR15=0780h-07EFh \
  -ASFR16=0800h-086Fh -ASFR17=0880h-08EFh -ASFR18=0900h-096Fh \
  -ASFR19=0980h-09EFh -ASFR20=0A00h-0A6Fh -ASFR21=0A80h-0AEFh \
  -ASFR22=0B00h-0B6Fh -ASFR23=0B80h-0BEFh -ASFR24=0C00h-0C6Fh \
  -ASFR25=0C80h-0CEFh -ASFR26=0D00h-0D6Fh -ASFR27=0D80h-0DEFh \
  -ASFR28=0E00h-0E6Fh -ASFR29=0E80h-0EEFh -ASFR30=0F00h-0F6Fh \
  -ASFR31=0F80h-0FEFh -ACONFIG=08007h-08008h -DCONFIG=2 \
  -AIDLOC=08000h-08003h -DIDLOC=2 -AEEDATA=00h-0FFh/0F000h \
  -peeprom_data=EEDATA -DEEDATA=2 -DCODE=2 -DSTRCODE=2 -DSTRING=2 -DCONST=2 \
  -DENTRY=2 -preset_vec=00h,intentry=04h,init,end_init -ppowerup=CODE \
  -pcinit=CODE -pfunctab=ENTRY -k \
  C:\Users\Michel\AppData\Local\Temp\xcAsi88.o \
  dist/default/debug\galeoTesterBiModuleMaster.X.debug.o 

Object code version is 3.11

Machine type is 16LF1939



                Name                               Link     Load   Length Selector   Space Scale
C:\Users\Michel\AppData\Local\Temp\xcAsi88.o
                end_init                             4A       4A        2        8       0
                reset_vec                             0        0        2        0       0
                config                             8007     8007        2        0       4
                idloc                              8000     8000        4        0       5
dist/default/debug\galeoTesterBiModuleMaster.X.debug.o
                cinit                                4C       4C       46        8       0
                intentry                              4        4       46        8       0
                maintext_split_2                     92       92      70D        8       0
                maintext_split_1                    9D2      9D2      202     13A4       0
                config                             8007     8007        2        0       4
                idloc                              8000     8000        4        0       5
                text119                            1929     1929       1B     3252       0
                text118                            267F     267F        4     4CFE       0
                text117                            2669     2669        1     4CD2       0
                text116                            2683     2683        4     4D06       0
                text115                            1D08     1D08       41     3A10       0
                text114                            1A35     1A35       22     346A       0
                text113                            266D     266D        3     4CDA       0
                text112                            2670     2670        3     4CE0       0
                text111                            27F0     27F0       10     4FE0       0
                text110                            1B5E     1B5E       2A     36BC       0
                text109                            276C     276C        D     4ED8       0
                text108                            182D     182D       11     305A       0
                text107                            183E     183E       11     307C       0
                text106                            184F     184F       11     309E       0
                text105                            1860     1860       11     30C0       0
                text104                            18C7     18C7       18     318E       0
                text103                            266B     266B        2     4CD6       0
                text102                               2        2        2        0       0
                text101                            2673     2673        3     4CE6       0
                text100                            2687     2687        4     4D0E       0
                text99                             2676     2676        3     4CEC       0
                text98                             268B     268B        4     4D16       0
                text97                             2697     2697        5     4D2E       0
                text96                             26CE     26CE        6     4D9C       0
                text95                             2679     2679        3     4CF2       0
                text94                             1C0F     1C0F       2F     381E       0
                text93                             269C     269C        5     4D38       0
                text92                             270A     270A        9     4E14       0
                text91                             26FA     26FA        8     4DF4       0
                text90                             1F52     1F52       57     3EA4       0
                text89                             1D49     1D49       46     3A92       0
                text88                             26EC     26EC        7     4DD8       0
                text87                             26A1     26A1        5     4D42       0
                text86                             26A6     26A6        5     4D4C       0
                text85                             26AB     26AB        5     4D56       0
                text84                             26B0     26B0        5     4D60       0
                text83                             26B5     26B5        5     4D6A       0
                text82                             26BA     26BA        5     4D74       0
                text81                             26BF     26BF        5     4D7E       0
                text80                             26C4     26C4        5     4D88       0
                text79                             1BB4     1BB4       2D     3768       0
                text78                             267C     267C        3     4CF8       0
                text77                             1BE1     1BE1       2E     37C2       0
                text76                             268F     268F        4     4D1E       0
                text74                             19F3     19F3       21     33E6       0
                text73                             2749     2749        B     4E92       0
                text72                             27E1     27E1        F     4FC2       0
                text71                             2754     2754        C     4EA8       0
                text70                             26D4     26D4        6     4DA8       0
                text69                             26DA     26DA        6     4DB4       0
                text68                             180D     180D       10     301A       0
                text67                             1885     1885       15     310A       0
                text66                             18DF     18DF       18     31BE       0
                text65                             18F7     18F7       18     31EE       0
                text64                             1109     1109       8C     2212       0
                text63                             2702     2702        8     4E04       0
                text62                             2713     2713        9     4E26       0
                text61                             271C     271C        9     4E38       0
                text60                             2725     2725        9     4E4A       0
                text59                             272E     272E        9     4E5C       0
                text58                             2737     2737        9     4E6E       0
                text57                             1DD5     1DD5       48     3BAA       0
                text56                             2760     2760        C     4EC0       0
                text55                             1996     1996       1F     332C       0
                text54                             2693     2693        4     4D26       0
                text53                             181D     181D       10     303A       0
                text52                             19B5     19B5       1F     336A       0
                text51                             2779     2779        D     4EF2       0
                text50                             2740     2740        9     4E80       0
                text49                             1C3E     1C3E       2F     387C       0
                text48                             1000     1000       19     1BBE       0
                text47                             19D4     19D4       1F     33A8       0
                text46                             1EAF     1EAF       51     3D5E       0
                text45                             1B88     1B88       2C     3710       0
                text44                             1E1D     1E1D       48     3C3A       0
                text43                             2786     2786        D     4F0C       0
                text42                             2793     2793        D     4F26       0
                text41                             27A0     27A0        D     4F40       0
                text40                             1317     1317      105     262E       0
                text39                             122A     122A       ED     2454       0
                text38                             197A     197A       1C     32F4       0
                text37                              800      800       2D     1000       0
                text36                             26F3     26F3        7     4DE6       0
                text35                             1F00     1F00       52     3E00       0
                text34                             1B35     1B35       29     366A       0
                text33                             190F     190F       1A     321E       0
                text32                              79F      79F       5C        8       0
                text31                             1690     1690      170     2D20       0
                text30                             141C     141C      122     2838       0
                text29                             1C9C     1C9C       34     3938       0
                text28                             189A     189A       16     3134       0
                text27                             1AE6     1AE6       27     35CC       0
                text26                             18B0     18B0       17     3160       0
                text25                             1080     1080       89     2100       0
                text24                             1C6D     1C6D       2F     38DA       0
                text23                             1944     1944       1B     3288       0
                text22                             195F     195F       1B     32BE       0
                text21                             1195     1195       95     232A       0
                text20                             1019     1019       67     2032       0
                text19                             27AD     27AD        D     4F5A       0
                text18                             27BA     27BA        D     4F74       0
                text17                             27C7     27C7        D     4F8E       0
                text16                             27D4     27D4        D     4FA8       0
                text15                             1E65     1E65       4A     3CCA       0
                text14                             1FA9     1FA9       57     3F52       0
                text13                             1A57     1A57       23     34AE       0
                text12                             1A7A     1A7A       23     34F4       0
                text11                             1A9D     1A9D       23     353A       0
                text10                             153E     153E      152     2A7C       0
                text9                               82D      82D      1A5     105A       0
                text8                              1D8F     1D8F       46     3B1E       0
                text7                              26C9     26C9        5     4D92       0
                text6                               BD4      BD4      20B     17A8       0
                text5                               7FB      7FB        5        8       0
                text4                              1AC0     1AC0       26     3580       0
                text3                              1A14     1A14       21     3428       0
                text2                              1800     1800        D     2D20       0
                text1                              1CD0     1CD0       38     39A0       0
                maintext                            DDF      DDF      221     1BBE       0
                cstackBANK0                          20       20       4A       20       1
                cstackCOMMON                         70       70        D       70       1
                cstackBANK1                          A0       A0       3F       A0       1
                cstackBANK2                         120      120       25      120       1
                cstackBANK4                         254      254       13      220       1
                clrtext                            26E0     26E0        6     4DC0       0
                inittext                           26E6     26E6        6     4DCC       0
                dataBANK4                           240      240       14      220       1
                bssBANK4                            220      220       20      220       1
                dataBANK3                           1A0      1A0       28      1A0       1
                bssBANK3                            1C8      1C8       25      1A0       1
                bssBANK2                            145      145       1C      120       1
                dataBANK1                            EE       EE        1       A0       1
                bssBANK1                             DF       DF        F       A0       1
                bssBANK0                             6A       6A        3       20       1
                bssCOMMON                            7D       7D        1       70       1
                stringtext109                      2A7E     2A7E        3     5000       0
                stringtext108                      2A76     2A76        8     5000       0
                stringtext107                      2A6E     2A6E        8     5000       0
                stringtext106                      2A66     2A66        8     5000       0
                stringtext105                      2A5E     2A5E        8     5000       0
                stringtext104                      2A56     2A56        8     5000       0
                stringtext103                      2A4E     2A4E        8     5000       0
                stringtext102                      2A46     2A46        8     5000       0
                stringtext101                      2A3E     2A3E        8     5000       0
                stringtext100                      2A36     2A36        8     5000       0
                stringtext99                       2A2E     2A2E        8     5000       0
                stringtext98                       2A26     2A26        8     5000       0
                stringtext97                       2A1E     2A1E        8     5000       0
                stringtext96                       2A15     2A15        9     5000       0
                stringtext95                       2A0C     2A0C        9     5000       0
                stringtext94                       2A03     2A03        9     5000       0
                stringtext93                       29FA     29FA        9     5000       0
                stringtext92                       29F1     29F1        9     5000       0
                stringtext91                       29E8     29E8        9     5000       0
                stringtext90                       29DF     29DF        9     5000       0
                stringtext89                       29D6     29D6        9     5000       0
                stringtext88                       29CD     29CD        9     5000       0
                stringtext87                       29C2     29C2        B     5000       0
                stringtext86                       29B7     29B7        B     5000       0
                stringtext85                       29AB     29AB        C     5000       0
                stringtext84                       299F     299F        C     5000       0
                stringtext83                       2993     2993        C     5000       0
                stringtext82                       2987     2987        C     5000       0
                stringtext81                       297B     297B        C     5000       0
                stringtext80                       296F     296F        C     5000       0
                stringtext79                       2963     2963        C     5000       0
                stringtext78                       2957     2957        C     5000       0
                stringtext77                       294B     294B        C     5000       0
                stringtext76                       293F     293F        C     5000       0
                stringtext75                       2933     2933        C     5000       0
                stringtext74                       2926     2926        D     5000       0
                stringtext73                       2919     2919        D     5000       0
                stringtext72                       290C     290C        D     5000       0
                stringtext71                       28FF     28FF        D     5000       0
                stringtext70                       28F2     28F2        D     5000       0
                stringtext69                       28E5     28E5        D     5000       0
                stringtext68                       28D8     28D8        D     5000       0
                stringtext67                       28CB     28CB        D     5000       0
                stringtext66                       28BE     28BE        D     5000       0
                stringtext65                       28B1     28B1        D     5000       0
                stringtext64                       28A3     28A3        E     5000       0
                stringtext63                       2895     2895        E     5000       0
                stringtext62                       2887     2887        E     5000       0
                stringtext61                       2878     2878        F     5000       0
                stringtext60                       2869     2869        F     5000       0
                stringtext59                       285A     285A        F     5000       0
                stringtext58                       284B     284B        F     5000       0
                stringtext57                       283C     283C        F     5000       0
                stringtext56                       282D     282D        F     5000       0
                stringtext55                       281E     281E        F     5000       0
                stringtext54                       280F     280F        F     5000       0
                stringtext53                       2800     2800        F     5000       0
                stringtext52                       2423     2423       10     4000       0
                stringtext51                       2413     2413       10     4000       0
                stringtext50                       2402     2402       11     4000       0
                stringtext49                       23F1     23F1       11     4000       0
                stringtext48                       23E0     23E0       11     4000       0
                stringtext47                       23CF     23CF       11     4000       0
                stringtext46                       23BE     23BE       11     4000       0
                stringtext45                       23AD     23AD       11     4000       0
                stringtext44                       239C     239C       11     4000       0
                stringtext43                       238B     238B       11     4000       0
                stringtext42                       237A     237A       11     4000       0
                stringtext41                       2369     2369       11     4000       0
                stringtext40                       2358     2358       11     4000       0
                stringtext39                       2347     2347       11     4000       0
                stringtext38                       2336     2336       11     4000       0
                stringtext37                       2325     2325       11     4000       0
                stringtext36                       2313     2313       12     4000       0
                stringtext35                       2301     2301       12     4000       0
                stringtext34                       22EF     22EF       12     4000       0
                stringtext33                       22DD     22DD       12     4000       0
                stringtext32                       22CB     22CB       12     4000       0
                stringtext31                       22B9     22B9       12     4000       0
                stringtext30                       22A7     22A7       12     4000       0
                stringtext29                       2295     2295       12     4000       0
                stringtext28                       2283     2283       12     4000       0
                stringtext27                       2271     2271       12     4000       0
                stringtext26                       225F     225F       12     4000       0
                stringtext25                       224D     224D       12     4000       0
                stringtext24                       223B     223B       12     4000       0
                stringtext23                       2229     2229       12     4000       0
                stringtext22                       2217     2217       12     4000       0
                stringtext21                       2204     2204       13     4000       0
                stringtext20                       21F1     21F1       13     4000       0
                stringtext19                       21DE     21DE       13     4000       0
                stringtext18                       21CA     21CA       14     4000       0
                stringtext17                       21B6     21B6       14     4000       0
                stringtext16                       21A2     21A2       14     4000       0
                stringtext15                       218D     218D       15     4000       0
                stringtext14                       2178     2178       15     4000       0
                stringtext13                       2163     2163       15     4000       0
                stringtext12                       214E     214E       15     4000       0
                stringtext11                       2139     2139       15     4000       0
                stringtext10                       2121     2121       18     4000       0
                stringtext9                        2108     2108       19     4000       0
                stringtext8                        20EF     20EF       19     4000       0
                stringtext7                        20D5     20D5       1A     4000       0
                stringtext6                        20BB     20BB       1A     4000       0
                stringtext5                        20A1     20A1       1A     4000       0
                stringtext4                        2085     2085       1C     4000       0
                stringtext3                        2069     2069       1C     4000       0
                stringtext2                        204A     204A       1F     4000       0
                stringtext1                        2000     2000       4A     4000       0
                idataBANK4                         1871     1871       14     30E2       0
                idataBANK3                         1B0D     1B0D       28     361A       0
                idataBANK1                         266A     266A        1     4CD4       0

TOTAL           Name                               Link     Load   Length     Space
        CLASS   STACK          

        CLASS   CODE           
                end_init                             4A       4A        2         0
                cinit                                4C       4C       46         0
                intentry                              4        4       46         0
                reset_vec                             0        0        2         0
                maintext_split_2                     92       92      70D         0
                maintext_split_1                    9D2      9D2      202         0
                text119                            1929     1929       1B         0
                text118                            267F     267F        4         0
                text117                            2669     2669        1         0
                text116                            2683     2683        4         0
                text115                            1D08     1D08       41         0
                text114                            1A35     1A35       22         0
                text113                            266D     266D        3         0
                text112                            2670     2670        3         0
                text111                            27F0     27F0       10         0
                text110                            1B5E     1B5E       2A         0
                text109                            276C     276C        D         0
                text108                            182D     182D       11         0
                text107                            183E     183E       11         0
                text106                            184F     184F       11         0
                text105                            1860     1860       11         0
                text104                            18C7     18C7       18         0
                text103                            266B     266B        2         0
                text102                               2        2        2         0
                text101                            2673     2673        3         0
                text100                            2687     2687        4         0
                text99                             2676     2676        3         0
                text98                             268B     268B        4         0
                text97                             2697     2697        5         0
                text96                             26CE     26CE        6         0
                text95                             2679     2679        3         0
                text94                             1C0F     1C0F       2F         0
                text93                             269C     269C        5         0
                text92                             270A     270A        9         0
                text91                             26FA     26FA        8         0
                text90                             1F52     1F52       57         0
                text89                             1D49     1D49       46         0
                text88                             26EC     26EC        7         0
                text87                             26A1     26A1        5         0
                text86                             26A6     26A6        5         0
                text85                             26AB     26AB        5         0
                text84                             26B0     26B0        5         0
                text83                             26B5     26B5        5         0
                text82                             26BA     26BA        5         0
                text81                             26BF     26BF        5         0
                text80                             26C4     26C4        5         0
                text79                             1BB4     1BB4       2D         0
                text78                             267C     267C        3         0
                text77                             1BE1     1BE1       2E         0
                text76                             268F     268F        4         0
                text74                             19F3     19F3       21         0
                text73                             2749     2749        B         0
                text72                             27E1     27E1        F         0
                text71                             2754     2754        C         0
                text70                             26D4     26D4        6         0
                text69                             26DA     26DA        6         0
                text68                             180D     180D       10         0
                text67                             1885     1885       15         0
                text66                             18DF     18DF       18         0
                text65                             18F7     18F7       18         0
                text64                             1109     1109       8C         0
                text63                             2702     2702        8         0
                text62                             2713     2713        9         0
                text61                             271C     271C        9         0
                text60                             2725     2725        9         0
                text59                             272E     272E        9         0
                text58                             2737     2737        9         0
                text57                             1DD5     1DD5       48         0
                text56                             2760     2760        C         0
                text55                             1996     1996       1F         0
                text54                             2693     2693        4         0
                text53                             181D     181D       10         0
                text52                             19B5     19B5       1F         0
                text51                             2779     2779        D         0
                text50                             2740     2740        9         0
                text49                             1C3E     1C3E       2F         0
                text48                             1000     1000       19         0
                text47                             19D4     19D4       1F         0
                text46                             1EAF     1EAF       51         0
                text45                             1B88     1B88       2C         0
                text44                             1E1D     1E1D       48         0
                text43                             2786     2786        D         0
                text42                             2793     2793        D         0
                text41                             27A0     27A0        D         0
                text40                             1317     1317      105         0
                text39                             122A     122A       ED         0
                text38                             197A     197A       1C         0
                text37                              800      800       2D         0
                text36                             26F3     26F3        7         0
                text35                             1F00     1F00       52         0
                text34                             1B35     1B35       29         0
                text33                             190F     190F       1A         0
                text32                              79F      79F       5C         0
                text31                             1690     1690      170         0
                text30                             141C     141C      122         0
                text29                             1C9C     1C9C       34         0
                text28                             189A     189A       16         0
                text27                             1AE6     1AE6       27         0
                text26                             18B0     18B0       17         0
                text25                             1080     1080       89         0
                text24                             1C6D     1C6D       2F         0
                text23                             1944     1944       1B         0
                text22                             195F     195F       1B         0
                text21                             1195     1195       95         0
                text20                             1019     1019       67         0
                text19                             27AD     27AD        D         0
                text18                             27BA     27BA        D         0
                text17                             27C7     27C7        D         0
                text16                             27D4     27D4        D         0
                text15                             1E65     1E65       4A         0
                text14                             1FA9     1FA9       57         0
                text13                             1A57     1A57       23         0
                text12                             1A7A     1A7A       23         0
                text11                             1A9D     1A9D       23         0
                text10                             153E     153E      152         0
                text9                               82D      82D      1A5         0
                text8                              1D8F     1D8F       46         0
                text7                              26C9     26C9        5         0
                text6                               BD4      BD4      20B         0
                text5                               7FB      7FB        5         0
                text4                              1AC0     1AC0       26         0
                text3                              1A14     1A14       21         0
                text2                              1800     1800        D         0
                text1                              1CD0     1CD0       38         0
                maintext                            DDF      DDF      221         0
                clrtext                            26E0     26E0        6         0
                inittext                           26E6     26E6        6         0
                idataBANK4                         1871     1871       14         0
                idataBANK3                         1B0D     1B0D       28         0
                idataBANK1                         266A     266A        1         0

        CLASS   STRCODE        
                stringtext109                      2A7E     2A7E        3         0
                stringtext108                      2A76     2A76        8         0
                stringtext107                      2A6E     2A6E        8         0
                stringtext106                      2A66     2A66        8         0
                stringtext105                      2A5E     2A5E        8         0
                stringtext104                      2A56     2A56        8         0
                stringtext103                      2A4E     2A4E        8         0
                stringtext102                      2A46     2A46        8         0
                stringtext101                      2A3E     2A3E        8         0
                stringtext100                      2A36     2A36        8         0
                stringtext99                       2A2E     2A2E        8         0
                stringtext98                       2A26     2A26        8         0
                stringtext97                       2A1E     2A1E        8         0
                stringtext96                       2A15     2A15        9         0
                stringtext95                       2A0C     2A0C        9         0
                stringtext94                       2A03     2A03        9         0
                stringtext93                       29FA     29FA        9         0
                stringtext92                       29F1     29F1        9         0
                stringtext91                       29E8     29E8        9         0
                stringtext90                       29DF     29DF        9         0
                stringtext89                       29D6     29D6        9         0
                stringtext88                       29CD     29CD        9         0
                stringtext87                       29C2     29C2        B         0
                stringtext86                       29B7     29B7        B         0
                stringtext85                       29AB     29AB        C         0
                stringtext84                       299F     299F        C         0
                stringtext83                       2993     2993        C         0
                stringtext82                       2987     2987        C         0
                stringtext81                       297B     297B        C         0
                stringtext80                       296F     296F        C         0
                stringtext79                       2963     2963        C         0
                stringtext78                       2957     2957        C         0
                stringtext77                       294B     294B        C         0
                stringtext76                       293F     293F        C         0
                stringtext75                       2933     2933        C         0
                stringtext74                       2926     2926        D         0
                stringtext73                       2919     2919        D         0
                stringtext72                       290C     290C        D         0
                stringtext71                       28FF     28FF        D         0
                stringtext70                       28F2     28F2        D         0
                stringtext69                       28E5     28E5        D         0
                stringtext68                       28D8     28D8        D         0
                stringtext67                       28CB     28CB        D         0
                stringtext66                       28BE     28BE        D         0
                stringtext65                       28B1     28B1        D         0
                stringtext64                       28A3     28A3        E         0
                stringtext63                       2895     2895        E         0
                stringtext62                       2887     2887        E         0
                stringtext61                       2878     2878        F         0
                stringtext60                       2869     2869        F         0
                stringtext59                       285A     285A        F         0
                stringtext58                       284B     284B        F         0
                stringtext57                       283C     283C        F         0
                stringtext56                       282D     282D        F         0
                stringtext55                       281E     281E        F         0
                stringtext54                       280F     280F        F         0
                stringtext53                       2800     2800        F         0
                stringtext52                       2423     2423       10         0
                stringtext51                       2413     2413       10         0
                stringtext50                       2402     2402       11         0
                stringtext49                       23F1     23F1       11         0
                stringtext48                       23E0     23E0       11         0
                stringtext47                       23CF     23CF       11         0
                stringtext46                       23BE     23BE       11         0
                stringtext45                       23AD     23AD       11         0
                stringtext44                       239C     239C       11         0
                stringtext43                       238B     238B       11         0
                stringtext42                       237A     237A       11         0
                stringtext41                       2369     2369       11         0
                stringtext40                       2358     2358       11         0
                stringtext39                       2347     2347       11         0
                stringtext38                       2336     2336       11         0
                stringtext37                       2325     2325       11         0
                stringtext36                       2313     2313       12         0
                stringtext35                       2301     2301       12         0
                stringtext34                       22EF     22EF       12         0
                stringtext33                       22DD     22DD       12         0
                stringtext32                       22CB     22CB       12         0
                stringtext31                       22B9     22B9       12         0
                stringtext30                       22A7     22A7       12         0
                stringtext29                       2295     2295       12         0
                stringtext28                       2283     2283       12         0
                stringtext27                       2271     2271       12         0
                stringtext26                       225F     225F       12         0
                stringtext25                       224D     224D       12         0
                stringtext24                       223B     223B       12         0
                stringtext23                       2229     2229       12         0
                stringtext22                       2217     2217       12         0
                stringtext21                       2204     2204       13         0
                stringtext20                       21F1     21F1       13         0
                stringtext19                       21DE     21DE       13         0
                stringtext18                       21CA     21CA       14         0
                stringtext17                       21B6     21B6       14         0
                stringtext16                       21A2     21A2       14         0
                stringtext15                       218D     218D       15         0
                stringtext14                       2178     2178       15         0
                stringtext13                       2163     2163       15         0
                stringtext12                       214E     214E       15         0
                stringtext11                       2139     2139       15         0
                stringtext10                       2121     2121       18         0
                stringtext9                        2108     2108       19         0
                stringtext8                        20EF     20EF       19         0
                stringtext7                        20D5     20D5       1A         0
                stringtext6                        20BB     20BB       1A         0
                stringtext5                        20A1     20A1       1A         0
                stringtext4                        2085     2085       1C         0
                stringtext3                        2069     2069       1C         0
                stringtext2                        204A     204A       1F         0
                stringtext1                        2000     2000       4A         0

        CLASS   STRING         

        CLASS   CONST          

        CLASS   ENTRY          

        CLASS   COMMON         
                cstackCOMMON                         70       70        D         1
                bssCOMMON                            7D       7D        1         1

        CLASS   BANK0          
                cstackBANK0                          20       20       4A         1
                bssBANK0                             6A       6A        3         1

        CLASS   BANK1          
                cstackBANK1                          A0       A0       3F         1
                dataBANK1                            EE       EE        1         1
                bssBANK1                             DF       DF        F         1

        CLASS   BANK2          
                cstackBANK2                         120      120       25         1
                bssBANK2                            145      145       1C         1

        CLASS   BANK3          
                dataBANK3                           1A0      1A0       28         1
                bssBANK3                            1C8      1C8       25         1

        CLASS   BANK4          
                cstackBANK4                         254      254       13         1
                dataBANK4                           240      240       14         1
                bssBANK4                            220      220       20         1

        CLASS   BANK5          

        CLASS   BANK6          

        CLASS   BANK7          

        CLASS   BANK8          

        CLASS   BANK9          

        CLASS   BANK10         

        CLASS   BANK11         

        CLASS   BANK12         

        CLASS   BIGRAM         

        CLASS   RAM            

        CLASS   ABS1           
                abs_s1                               7E       7E        2         1

        CLASS   SFR0           

        CLASS   SFR1           

        CLASS   SFR2           

        CLASS   SFR3           

        CLASS   SFR4           

        CLASS   SFR5           

        CLASS   SFR6           

        CLASS   SFR7           

        CLASS   SFR8           

        CLASS   SFR9           

        CLASS   SFR10          

        CLASS   SFR11          

        CLASS   SFR12          

        CLASS   SFR13          

        CLASS   SFR14          

        CLASS   SFR15          

        CLASS   SFR16          

        CLASS   SFR17          

        CLASS   SFR18          

        CLASS   SFR19          

        CLASS   SFR20          

        CLASS   SFR21          

        CLASS   SFR22          

        CLASS   SFR23          

        CLASS   SFR24          

        CLASS   SFR25          

        CLASS   SFR26          

        CLASS   SFR27          

        CLASS   SFR28          

        CLASS   SFR29          

        CLASS   SFR30          

        CLASS   SFR31          

        CLASS   CONFIG         
                config                             8007     8007        2         4

        CLASS   IDLOC          
                idloc                              8000     8000        4         5

        CLASS   EEDATA         

        CLASS   BANK31         

        CLASS   BANK30         

        CLASS   BANK29         

        CLASS   BANK28         

        CLASS   BANK27         

        CLASS   BANK26         

        CLASS   BANK25         

        CLASS   BANK24         

        CLASS   BANK23         

        CLASS   BANK22         

        CLASS   BANK21         

        CLASS   BANK20         

        CLASS   BANK19         

        CLASS   BANK18         

        CLASS   BANK17         

        CLASS   BANK16         

        CLASS   BANK15         

        CLASS   BANK14         

        CLASS   BANK13         



SEGMENTS        Name                           Load    Length   Top    Selector   Space  Class     Delta

                reset_vec                      000000  000004  000004         0       0  CODE        2
                intentry                       000004  0007FC  000800         8       0  CODE        2
                cstackBANK0                    000020  00004D  00006D        20       1  BANK0       1
                cstackCOMMON                   000070  00000E  00007E        70       1  COMMON      1
                cstackBANK1                    0000A0  00004F  0000EF        A0       1  BANK1       1
                cstackBANK2                    000120  000041  000161       120       1  BANK2       1
                dataBANK3                      0001A0  00004D  0001ED       1A0       1  BANK3       1
                bssBANK4                       000220  000047  000267       220       1  BANK4       1
                text37                         000800  00002D  00082D      1000       0  CODE        2
                text9                          00082D  0001A5  0009D2      105A       0  CODE        2
                maintext_split_1               0009D2  000202  000BD4      13A4       0  CODE        2
                text6                          000BD4  00020B  000DDF      17A8       0  CODE        2
                maintext                       000DDF  00023A  001019      1BBE       0  CODE        2
                text20                         001019  000067  001080      2032       0  CODE        2
                text25                         001080  000089  001109      2100       0  CODE        2
                text64                         001109  00008C  001195      2212       0  CODE        2
                text21                         001195  000095  00122A      232A       0  CODE        2
                text39                         00122A  0000ED  001317      2454       0  CODE        2
                text40                         001317  000105  00141C      262E       0  CODE        2
                text30                         00141C  000122  00153E      2838       0  CODE        2
                text10                         00153E  000152  001690      2A7C       0  CODE        2
                text31                         001690  00017D  00180D      2D20       0  CODE        2
                text68                         00180D  000010  00181D      301A       0  CODE        2
                text53                         00181D  000010  00182D      303A       0  CODE        2
                text108                        00182D  000011  00183E      305A       0  CODE        2
                text107                        00183E  000011  00184F      307C       0  CODE        2
                text106                        00184F  000011  001860      309E       0  CODE        2
                text105                        001860  000011  001871      30C0       0  CODE        2
                idataBANK4                     001871  000014  001885      30E2       0  CODE        2
                text67                         001885  000015  00189A      310A       0  CODE        2
                text28                         00189A  000016  0018B0      3134       0  CODE        2
                text26                         0018B0  000017  0018C7      3160       0  CODE        2
                text104                        0018C7  000018  0018DF      318E       0  CODE        2
                text66                         0018DF  000018  0018F7      31BE       0  CODE        2
                text65                         0018F7  000018  00190F      31EE       0  CODE        2
                text33                         00190F  00001A  001929      321E       0  CODE        2
                text119                        001929  00001B  001944      3252       0  CODE        2
                text23                         001944  00001B  00195F      3288       0  CODE        2
                text22                         00195F  00001B  00197A      32BE       0  CODE        2
                text38                         00197A  00001C  001996      32F4       0  CODE        2
                text55                         001996  00001F  0019B5      332C       0  CODE        2
                text52                         0019B5  00001F  0019D4      336A       0  CODE        2
                text47                         0019D4  00001F  0019F3      33A8       0  CODE        2
                text74                         0019F3  000021  001A14      33E6       0  CODE        2
                text3                          001A14  000021  001A35      3428       0  CODE        2
                text114                        001A35  000022  001A57      346A       0  CODE        2
                text13                         001A57  000023  001A7A      34AE       0  CODE        2
                text12                         001A7A  000023  001A9D      34F4       0  CODE        2
                text11                         001A9D  000023  001AC0      353A       0  CODE        2
                text4                          001AC0  000026  001AE6      3580       0  CODE        2
                text27                         001AE6  000027  001B0D      35CC       0  CODE        2
                idataBANK3                     001B0D  000028  001B35      361A       0  CODE        2
                text34                         001B35  000029  001B5E      366A       0  CODE        2
                text110                        001B5E  00002A  001B88      36BC       0  CODE        2
                text45                         001B88  00002C  001BB4      3710       0  CODE        2
                text79                         001BB4  00002D  001BE1      3768       0  CODE        2
                text77                         001BE1  00002E  001C0F      37C2       0  CODE        2
                text94                         001C0F  00002F  001C3E      381E       0  CODE        2
                text49                         001C3E  00002F  001C6D      387C       0  CODE        2
                text24                         001C6D  00002F  001C9C      38DA       0  CODE        2
                text29                         001C9C  000034  001CD0      3938       0  CODE        2
                text1                          001CD0  000038  001D08      39A0       0  CODE        2
                text115                        001D08  000041  001D49      3A10       0  CODE        2
                text89                         001D49  000046  001D8F      3A92       0  CODE        2
                text8                          001D8F  000046  001DD5      3B1E       0  CODE        2
                text57                         001DD5  000048  001E1D      3BAA       0  CODE        2
                text44                         001E1D  000048  001E65      3C3A       0  CODE        2
                text15                         001E65  00004A  001EAF      3CCA       0  CODE        2
                text46                         001EAF  000051  001F00      3D5E       0  CODE        2
                text35                         001F00  000052  001F52      3E00       0  CODE        2
                text90                         001F52  000057  001FA9      3EA4       0  CODE        2
                text14                         001FA9  000057  002000      3F52       0  CODE        2
                stringtext1                    002000  000433  002433      4000       0  STRCODE     2
                text117                        002669  000001  00266A      4CD2       0  CODE        2
                idataBANK1                     00266A  000001  00266B      4CD4       0  CODE        2
                text103                        00266B  000002  00266D      4CD6       0  CODE        2
                text113                        00266D  000003  002670      4CDA       0  CODE        2
                text112                        002670  000003  002673      4CE0       0  CODE        2
                text101                        002673  000003  002676      4CE6       0  CODE        2
                text99                         002676  000003  002679      4CEC       0  CODE        2
                text95                         002679  000003  00267C      4CF2       0  CODE        2
                text78                         00267C  000003  00267F      4CF8       0  CODE        2
                text118                        00267F  000004  002683      4CFE       0  CODE        2
                text116                        002683  000004  002687      4D06       0  CODE        2
                text100                        002687  000004  00268B      4D0E       0  CODE        2
                text98                         00268B  000004  00268F      4D16       0  CODE        2
                text76                         00268F  000004  002693      4D1E       0  CODE        2
                text54                         002693  000004  002697      4D26       0  CODE        2
                text97                         002697  000005  00269C      4D2E       0  CODE        2
                text93                         00269C  000005  0026A1      4D38       0  CODE        2
                text87                         0026A1  000005  0026A6      4D42       0  CODE        2
                text86                         0026A6  000005  0026AB      4D4C       0  CODE        2
                text85                         0026AB  000005  0026B0      4D56       0  CODE        2
                text84                         0026B0  000005  0026B5      4D60       0  CODE        2
                text83                         0026B5  000005  0026BA      4D6A       0  CODE        2
                text82                         0026BA  000005  0026BF      4D74       0  CODE        2
                text81                         0026BF  000005  0026C4      4D7E       0  CODE        2
                text80                         0026C4  000005  0026C9      4D88       0  CODE        2
                text7                          0026C9  000005  0026CE      4D92       0  CODE        2
                text96                         0026CE  000006  0026D4      4D9C       0  CODE        2
                text70                         0026D4  000006  0026DA      4DA8       0  CODE        2
                text69                         0026DA  000006  0026E0      4DB4       0  CODE        2
                clrtext                        0026E0  000006  0026E6      4DC0       0  CODE        2
                inittext                       0026E6  000006  0026EC      4DCC       0  CODE        2
                text88                         0026EC  000007  0026F3      4DD8       0  CODE        2
                text36                         0026F3  000007  0026FA      4DE6       0  CODE        2
                text91                         0026FA  000008  002702      4DF4       0  CODE        2
                text63                         002702  000008  00270A      4E04       0  CODE        2
                text92                         00270A  000009  002713      4E14       0  CODE        2
                text62                         002713  000009  00271C      4E26       0  CODE        2
                text61                         00271C  000009  002725      4E38       0  CODE        2
                text60                         002725  000009  00272E      4E4A       0  CODE        2
                text59                         00272E  000009  002737      4E5C       0  CODE        2
                text58                         002737  000009  002740      4E6E       0  CODE        2
                text50                         002740  000009  002749      4E80       0  CODE        2
                text73                         002749  00000B  002754      4E92       0  CODE        2
                text71                         002754  00000C  002760      4EA8       0  CODE        2
                text56                         002760  00000C  00276C      4EC0       0  CODE        2
                text109                        00276C  00000D  002779      4ED8       0  CODE        2
                text51                         002779  00000D  002786      4EF2       0  CODE        2
                text43                         002786  00000D  002793      4F0C       0  CODE        2
                text42                         002793  00000D  0027A0      4F26       0  CODE        2
                text41                         0027A0  00000D  0027AD      4F40       0  CODE        2
                text19                         0027AD  00000D  0027BA      4F5A       0  CODE        2
                text18                         0027BA  00000D  0027C7      4F74       0  CODE        2
                text17                         0027C7  00000D  0027D4      4F8E       0  CODE        2
                text16                         0027D4  00000D  0027E1      4FA8       0  CODE        2
                text72                         0027E1  00000F  0027F0      4FC2       0  CODE        2
                text111                        0027F0  000010  002800      4FE0       0  CODE        2
                stringtext53                   002800  000281  002A81      5000       0  STRCODE     2


UNUSED ADDRESS RANGES

        Name                Unused          Largest block    Delta
        BANK0            00006D-00006F                3           1
        BANK1            0000EF-0000EF                1           1
        BANK10           000520-00056F               50           1
        BANK11           0005A0-0005EF               50           1
        BANK12           000620-00064F               30           1
        BANK2            000161-00016F                F           1
        BANK3            0001ED-0001EF                3           1
        BANK4            000267-00026F                9           1
        BANK5            0002A0-0002EF               50           1
        BANK6            000320-00036F               50           1
        BANK7            0003A0-0003EF               50           1
        BANK8            000420-00046F               50           1
        BANK9            0004A0-0004EF               50           1
        BIGRAM           002000-0023EF              3F0           1
        CODE             002433-002668              236           2
                         002A81-003FFF              800
        CONST            002433-002668              100           2
                         002A81-003FFF              100
        EEDATA           00F000-00F0FF              100           2
        ENTRY            002433-002668              100           2
                         002A81-003FFF              100
        RAM              00006D-00006F                3           1
                         0000EF-0000EF                1
                         000161-00016F                F
                         0001ED-0001EF                3
                         000267-00026F                9
                         0002A0-0002EF               50
                         000320-00036F               50
                         0003A0-0003EF               50
                         000420-00046F               50
                         0004A0-0004EF               50
                         000520-00056F               50
                         0005A0-0005EF               50
                         000620-00064F               30
        SFR0             000000-00001F               20           1
        SFR1             000080-00009F               20           1
        SFR10            000500-00051F               20           1
        SFR11            000580-00059F               20           1
        SFR12            000600-00061F               20           1
        SFR13            000680-0006EF               70           1
        SFR14            000700-00076F               70           1
        SFR15            000780-0007EF               70           1
        SFR16            000800-00086F               70           1
        SFR17            000880-0008EF               70           1
        SFR18            000900-00096F               70           1
        SFR19            000980-0009EF               70           1
        SFR2             000100-00011F               20           1
        SFR20            000A00-000A6F               70           1
        SFR21            000A80-000AEF               70           1
        SFR22            000B00-000B6F               70           1
        SFR23            000B80-000BEF               70           1
        SFR24            000C00-000C6F               70           1
        SFR25            000C80-000CEF               70           1
        SFR26            000D00-000D6F               70           1
        SFR27            000D80-000DEF               70           1
        SFR28            000E00-000E6F               70           1
        SFR29            000E80-000EEF               70           1
        SFR3             000180-00019F               20           1
        SFR30            000F00-000F6F               70           1
        SFR31            000F80-000FEF               70           1
        SFR4             000200-00021F               20           1
        SFR5             000280-00029F               20           1
        SFR6             000300-00031F               20           1
        SFR7             000380-00039F               20           1
        SFR8             000400-00041F               20           1
        SFR9             000480-00049F               20           1
        STACK            002187-0023EF              269           1
        STRCODE          002433-002668              236           2
                         002A81-003FFF             157F
        STRING           002433-002668              100           2
                         002A81-003FFF              100

                                  Symbol Table

?_ADC_GetConversion                            cstackBANK0      000023
?___aodiv                                      cstackBANK0      000023
?___aomod                                      cstackBANK0      000023
?_abs                                          cstackBANK0      000036
?_dtoa                                         cstackBANK0      00003F
?_pad                                          cstackBANK0      000036
?_printf                                       cstackBANK1      0000AD
?_sprintf                                      cstackBANK1      0000AD
?_strcat                                       cstackBANK0      000033
?_strlen                                       cstackBANK0      000023
?_vfpfcnvrt                                    cstackBANK0      00005D
?_vfprintf                                     cstackBANK0      000064
ADC_GetConversion@channel                      cstackBANK0      000026
EUSART_Read@readValue                          cstackBANK0      000024
EUSART_SetErrorHandler@interruptHandler        cstackBANK0      000023
EUSART_SetFramingErrorHandler@interruptHandler cstackBANK0      000023
EUSART_SetOverrunErrorHandler@interruptHandler cstackBANK0      000023
EUSART_SetRxInterruptHandler@interruptHandler  cstackBANK0      000023
EUSART_SetTxInterruptHandler@interruptHandler  cstackBANK0      000023
EUSART_Write@txData                            cstackBANK0      000024
I2C_CallbackReturnReset@funPtr                 cstackCOMMON     000079
I2C_MasterSendTxData@data                      cstackCOMMON     000070
I2C_Master_Write@data                          cstackBANK0      000023
I2C_SetBuffer@buffer                           cstackCOMMON     000073
I2C_SetBuffer@bufferSize                       cstackCOMMON     000070
I2C_SetCallback@cb                             cstackCOMMON     000070
I2C_SetCallback@idx                            cstackCOMMON     000074
I2C_SetCallback@ptr                            cstackCOMMON     000072
I2C_SetDataCompleteCallback@cb                 cstackCOMMON     000075
I2C_SetDataCompleteCallback@ptr                cstackCOMMON     000077
IO_Expander_Write@Data                         cstackBANK0      000024
LCD_CMD@CMD                                    cstackBANK0      000028
LCD_Init@I2C_Add                               cstackBANK0      00002B
LCD_Set_Cursor@COL                             cstackBANK0      000029
LCD_Set_Cursor@ROW                             cstackBANK0      00002C
LCD_Write_4Bit@Nibble                          cstackBANK0      000026
LCD_Write_Char@Data                            cstackBANK0      000028
LCD_Write_String@Str                           cstackBANK0      000029
LCD_Write_String@i                             cstackBANK0      00002C
_ACKDT                                         (abs)            0010B5
_ACKEN                                         (abs)            0010B4
_ACKSTAT                                       (abs)            0010B6
_ADCON0                                        (abs)            00009D
_ADCON0bits                                    (abs)            00009D
_ADCON1                                        (abs)            00009E
_ADC_GetConversion                             text74           0019F3
_ADC_Initialize                                text63           002702
_ADRESH                                        (abs)            00009C
_ADRESL                                        (abs)            00009B
_ANSELA                                        (abs)            00018C
_ANSELB                                        (abs)            00018D
_ANSELD                                        (abs)            00018F
_ANSELE                                        (abs)            000190
_APFCON                                        (abs)            00011D
_BAUDCON                                       (abs)            00019F
_BORCON                                        (abs)            000116
_BackLight_State                               dataBANK1        0000EE
_EEADRH                                        (abs)            000192
_EEADRL                                        (abs)            000191
_EECON1bits                                    (abs)            000195
_EECON2                                        (abs)            000196
_EEDATH                                        (abs)            000194
_EEDATL                                        (abs)            000193
_EUSART_DefaultErrorHandler                    text118          00267F
_EUSART_DefaultFramingErrorHandler             text117          002669
_EUSART_DefaultOverrunErrorHandler             text116          002683
_EUSART_ErrorHandler                           bssBANK2         000157
_EUSART_FramingErrorHandler                    bssBANK2         00015B
_EUSART_Initialize                             text57           001DD5
_EUSART_OverrunErrorHandler                    bssBANK2         000159
_EUSART_Read                                   text24           001C6D
_EUSART_Receive_ISR                            text115          001D08
_EUSART_RxDataHandler                          text119          001929
_EUSART_RxDefaultInterruptHandler              bssBANK2         00015D
_EUSART_SetErrorHandler                        text62           002713
_EUSART_SetFramingErrorHandler                 text61           00271C
_EUSART_SetOverrunErrorHandler                 text60           002725
_EUSART_SetRxInterruptHandler                  text59           00272E
_EUSART_SetTxInterruptHandler                  text58           002737
_EUSART_Transmit_ISR                           text114          001A35
_EUSART_TxDefaultInterruptHandler              bssBANK1         0000E5
_EUSART_Write                                  text37           000800
_GIE                                           (abs)            00005F
_I2C_CallbackReturnReset                       text102          000002
_I2C_CallbackReturnStop                        text103          00266B
_I2C_DO_ADDRESS_NACK                           text79           001BB4
_I2C_DO_IDLE                                   text93           00269C
_I2C_DO_RCEN                                   text88           0026EC
_I2C_DO_RESET                                  text80           0026C4
_I2C_DO_RX                                     text89           001D49
_I2C_DO_RX_ACK                                 text83           0026B5
_I2C_DO_RX_NACK_RESTART                        text81           0026BF
_I2C_DO_RX_NACK_STOP                           text82           0026BA
_I2C_DO_SEND_ADR_READ                          text92           00270A
_I2C_DO_SEND_ADR_WRITE                         text91           0026FA
_I2C_DO_SEND_RESTART                           text85           0026AB
_I2C_DO_SEND_RESTART_READ                      text87           0026A1
_I2C_DO_SEND_RESTART_WRITE                     text86           0026A6
_I2C_DO_SEND_STOP                              text84           0026B0
_I2C_DO_TX                                     text90           001F52
_I2C_DO_TX_EMPTY                               text94           001C0F
_I2C_MasterClearIrq                            text78           00267C
_I2C_MasterEnableRestart                       text113          00266D
_I2C_MasterFsm                                 text77           001BE1
_I2C_MasterGetRxData                           text99           002676
_I2C_MasterIsNack                              text96           0026CE
_I2C_MasterIsr                                 text76           00268F
_I2C_MasterSendAck                             text98           00268B
_I2C_MasterSendNack                            text100          002687
_I2C_MasterSendTxData                          text97           002697
_I2C_MasterSetIrq                              text95           002679
_I2C_MasterStartRx                             text101          002673
_I2C_MasterStop                                text112          002670
_I2C_Master_Init                               text73           002749
_I2C_Master_Start                              text70           0026D4
_I2C_Master_Stop                               text69           0026DA
_I2C_Master_Wait                               text71           002754
_I2C_Master_Write                              text68           00180D
_I2C_SetBuffer                                 text111          0027F0
_I2C_SetCallback                               text110          001B5E
_I2C_SetDataCompleteCallback                   text109          00276C
_I2C_Slave_Init                                text72           0027E1
_I2C_Status                                    bssBANK3         0001C8
_INTCONbits                                    (abs)            00000B
_INTERRUPT_InterruptManager                    intentry         000004
_IO_Expander_Write                             text67           001885
_LATA                                          (abs)            00010C
_LATAbits                                      (abs)            00010C
_LATB                                          (abs)            00010D
_LATBbits                                      (abs)            00010D
_LATC                                          (abs)            00010E
_LATD                                          (abs)            00010F
_LATE                                          (abs)            000110
_LATEbits                                      (abs)            000110
_LCD_CMD                                       text65           0018F7
_LCD_Clear                                     text50           002740
_LCD_Init                                      text64           001109
_LCD_Set_Cursor                                text49           001C3E
_LCD_Write_4Bit                                text66           0018DF
_LCD_Write_Char                                text48           001000
_LCD_Write_String                              text47           0019D4
_MSSP_InterruptHandler                         bssBANK1         0000E7
_OPTION_REGbits                                (abs)            000095
_OSCCON                                        (abs)            000099
_OSCILLATOR_Initialize                         text56           002760
_OSCTUNE                                       (abs)            000098
_PEIE                                          (abs)            00005E
_PEN                                           (abs)            0010B2
_PIE1bits                                      (abs)            000091
_PIE2bits                                      (abs)            000092
_PIN_MANAGER_Initialize                        text55           001996
_PIR1bits                                      (abs)            000011
_PIR2bits                                      (abs)            000012
_PLLR                                          (abs)            0004D6
_PORTCbits                                     (abs)            00000E
_PORTDbits                                     (abs)            00000F
_RCEN                                          (abs)            0010B3
_RCREG                                         (abs)            000199
_RCSTA                                         (abs)            00019D
_RCSTAbits                                     (abs)            00019D
_RS                                            bssBANK1         0000EA
_RSEN                                          (abs)            0010B1
_SEN                                           (abs)            0010B0
_SPBRGH                                        (abs)            00019C
[...]
_width                                         bssBANK2         000155
_wr1RegCompleteHandler                         text105          001860
_wr2RegCompleteHandler                         text108          00182D
abs@a                                          cstackBANK0      000036
activerBuzzer@i                                cstackBANK0      000024
alerteDefaut@F3758                             dataBANK3        0001A0
alerteDefaut@F3760                             dataBANK3        0001BE
alerteDefaut@eol                               cstackBANK1      0000B7
alerteDefaut@error                             cstackBANK1      0000C1
alerteDefaut@etape                             cstackBANK1      0000B0
alerteDefaut@testAct                           cstackBANK1      0000B2
alerteDefaut@testVoy                           cstackBANK1      0000B4
alerteDefautEtape16@F3811                      dataBANK4        000240
alerteDefautEtape16@F3813                      dataBANK3        0001B4
alerteDefautEtape16@autom                      cstackBANK1      0000DB
alerteDefautEtape16@eol                        cstackBANK2      000120
alerteDefautEtape16@error                      cstackBANK2      00012A
alerteDefautEtape16@etape                      cstackBANK1      0000D7
alerteDefautEtape16@prog                       cstackBANK1      0000DC
alerteDefautEtape16@reponse                    cstackBANK2      000140
alerteDefautEtape16@testAct                    cstackBANK1      0000D9
alerteDefautEtape16@testVoy                    cstackBANK1      0000DA
alimenter@active                               cstackBANK0      000023
attenteAquittement@autom                       cstackBANK1      0000B0
attenteAquittement@reception                   cstackBANK1      0000B6
attenteAquittement@repOperateur                cstackBANK1      0000B7
attenteAquittement@testAct                     cstackBANK1      0000B2
attenteDemarrage3@autom                        cstackBANK1      0000BC
attenteDemarrage3@prog                         cstackBANK1      0000B4
attenteDemarrage3@reception                    cstackBANK1      0000B8
attenteDemarrage3@repOperateur                 cstackBANK1      0000BB
attenteDemarrage3@repSlave                     cstackBANK1      0000BA
attenteDemarrage3@responseSlave                cstackBANK1      0000B9
attenteDemarrage3@testAct                      cstackBANK1      0000B3
attenteDemarrage3@testSlaveActive              cstackBANK1      0000B5
btemp                                          (abs)            00007E
clear_ram0                                     clrtext          0026E0
displayManager@s1                              cstackBANK0      00002E
displayManager@s2                              cstackBANK0      000030
displayManager@s3                              cstackBANK0      000032
displayManager@s4                              cstackBANK0      000034
dtoa@d                                         cstackBANK0      00003F
dtoa@fp                                        cstackBANK0      00004A
dtoa@i                                         cstackBANK0      00005B
dtoa@n                                         cstackBANK0      000053
dtoa@p                                         cstackBANK0      00004D
dtoa@s                                         cstackBANK0      000051
dtoa@w                                         cstackBANK0      00004F
end_of_initialization                          cinit            00008E
errorAlert@i                                   cstackBANK0      00002A
errorAlert@j                                   cstackBANK0      000028
fputc@c                                        cstackBANK0      000026
fputc@fp                                       cstackBANK0      000028
fputs@c                                        cstackBANK0      000032
fputs@fp                                       cstackBANK0      00002E
fputs@i                                        cstackBANK0      000033
fputs@s                                        cstackBANK0      000035
getSlaveStatus@code                            cstackBANK0      000024
getSlaveStatus@slaveResponse                   cstackBANK0      000025
init_ram                                       inittext         0026E6
initialConditions@autom                        cstackBANK1      0000B4
initialConditions@prog                         cstackBANK1      0000B6
initialConditions@testAct                      cstackBANK1      0000B0
initialConditions@testVoy                      cstackBANK1      0000B2
int$flags                                      (abs)            00007E
intlevel0                                      functab          000000
intlevel1                                      functab          000000
intlevel2                                      functab          000000
intlevel3                                      functab          000000
intlevel4                                      functab          000000
intlevel5                                      functab          000000
ledConforme@active                             cstackBANK0      000023
ledNonConforme@active                          cstackBANK0      000023
ledProgession@active                           cstackBANK0      000023
main@automatique                               cstackBANK4      000264
main@buffer                                    cstackBANK4      000254
main@buffer_1694                               cstackBANK4      000256
main@lectureAN1                                cstackBANK4      000260
main@master                                    cstackBANK4      000258
main@programmation                             cstackBANK4      000263
main@slaveInTest                               cstackBANK4      00025E
main@slaveSummary                              cstackBANK4      000262
main@slectureAN1                               cstackBANK4      000259
main@testActif                                 cstackBANK4      000266
main@testLeds                                  cstackBANK4      00025F
main@testVoyants                               cstackBANK4      000265
okAlert@i                                      cstackBANK1      0000B1
pad@buf                                        cstackBANK0      000036
pad@fp                                         cstackBANK0      00003E
pad@i                                          cstackBANK0      00003A
pad@p                                          cstackBANK0      000037
pad@w                                          cstackBANK0      00003C
pnum$maintext                                  (abs)            000084
pnum$maintext_split_1                          (abs)            0000FE
pnum$maintext_split_2                          (abs)            0000FF
pressBP1@active                                cstackBANK0      000023
pressBP2@active                                cstackBANK0      000023
printf@ap                                      cstackBANK1      0000AF
printf@fmt                                     cstackBANK1      0000AD
processSlaveResponse@repSlave                  cstackBANK1      0000B2
psplit$0                                       (abs)            8400FE
psplit$1                                       (abs)            FE00FF
putch@txData                                   cstackBANK0      000025
rd1RegCompleteHandler@ptr                      cstackCOMMON     000079
rd2RegCompleteHandler@ptr                      cstackCOMMON     000079
rdBlkRegCompleteHandler@ptr                    cstackCOMMON     000079
reponseOperateur@automatique                   cstackBANK0      000028
reponseOperateur@reception                     cstackBANK0      000027
reponseOperateur@repOperateur                  cstackBANK0      00002A
reponseOperateur@reponse                       cstackBANK0      000029
reset_vec                                      reset_vec        000000
setHorloge@active                              cstackBANK0      000023
setP1@active                                   cstackBANK0      000023
setP2@active                                   cstackBANK0      000023
sortieErreur@autom                             cstackBANK1      0000B8
sortieErreur@prog                              cstackBANK1      0000BE
sortieErreur@testAct                           cstackBANK1      0000BA
sortieErreur@testVoy                           cstackBANK1      0000BC
sprintf@ap                                     cstackBANK1      0000B3
sprintf@f                                      cstackBANK1      0000B5
sprintf@fmt                                    cstackBANK1      0000AD
sprintf@ret                                    cstackBANK1      0000B1
sprintf@s                                      cstackBANK1      0000B4
start                                          init             00004A
startAlert@i                                   cstackBANK0      000028
start_initialization                           cinit            00004C
strcat@dest                                    cstackBANK0      000033
strcat@src                                     cstackBANK0      000035
strcpy@d                                       cstackBANK0      000031
strcpy@dest                                    cstackBANK0      000027
strcpy@s                                       cstackBANK0      00002F
strcpy@src                                     cstackBANK0      000029
strlen@a                                       cstackBANK0      000025
strlen@s                                       cstackBANK0      000023
testNOK@active                                 cstackBANK0      000024
testNOK@result                                 cstackBANK0      000023
testOK@active                                  cstackBANK0      000024
testOK@result                                  cstackBANK0      000023
testR1@active                                  cstackBANK0      000024
testR1@result                                  cstackBANK0      000023
testR2@active                                  cstackBANK0      000024
testR2@result                                  cstackBANK0      000023
testR3@active                                  cstackBANK0      000024
testR3@result                                  cstackBANK0      000023
vfpfcnvrt@ap                                   cstackBANK0      00005E
vfpfcnvrt@fmt                                  cstackBANK0      00005D
vfpfcnvrt@fp                                   cstackBANK1      0000A9
vfpfcnvrt@ll                                   cstackBANK1      0000A0
vfpfcnvrt@vp                                   cstackBANK1      0000A8
vfprintf@ap                                    cstackBANK0      000066
vfprintf@cfmt                                  cstackBANK1      0000AB
vfprintf@fmt                                   cstackBANK0      000064
vfprintf@fp                                    cstackBANK1      0000AA
wr1RegCompleteHandler@ptr                      cstackCOMMON     000079
wr2RegCompleteHandler@ptr                      cstackCOMMON     000079
wtemp0                                         (abs)            00007E


MODULE INFORMATION

Module		Function		Class		Link	Load	Size
C:\Program Files\Microchip\xc8\v2.32\pic\sources\c99\common\nf_sprintf.c
		_sprintf       		CODE           	1CD0	0000	56

C:\Program Files\Microchip\xc8\v2.32\pic\sources\c99\common\nf_sprintf.c estimated size: 56

C:\Program Files\Microchip\xc8\v2.32\pic\sources\c99\common\doprnt.c
		_vfpfcnvrt     		CODE           	141C	0000	290
		_pad           		CODE           	079F	0000	92
		_dtoa          		CODE           	1690	0000	368
		_vfprintf      		CODE           	1C9C	0000	52

C:\Program Files\Microchip\xc8\v2.32\pic\sources\c99\common\doprnt.c estimated size: 802

mcc_generated_files/interrupt_manager.c
		_INTERRUPT_InterruptManager		CODE           	0004	0000	70

mcc_generated_files/interrupt_manager.c estimated size: 70

mcc_generated_files/examples/i2c_master_example.c
		_wr1RegCompleteHandler		CODE           	1860	0000	17
		_wr2RegCompleteHandler		CODE           	182D	0000	17
		_rdBlkRegCompleteHandler		CODE           	18C7	0000	24
		_rd1RegCompleteHandler		CODE           	183E	0000	17
		_rd2RegCompleteHandler		CODE           	184F	0000	17

mcc_generated_files/examples/i2c_master_example.c estimated size: 92

mcc_generated_files/pin_manager.c
		_PIN_MANAGER_Initialize		CODE           	1996	0000	31

mcc_generated_files/pin_manager.c estimated size: 31

C:\Program Files\Microchip\xc8\v2.32\pic\sources\c99\common\nf_fputs.c
		_fputs         		CODE           	1B35	0000	41

C:\Program Files\Microchip\xc8\v2.32\pic\sources\c99\common\nf_fputs.c estimated size: 41

mcc_generated_files/adc.c
		_ADC_Initialize		CODE           	2702	0000	8
		_ADC_GetConversion		CODE           	19F3	0000	33

mcc_generated_files/adc.c estimated size: 41

I2C-tester.c
		_getSlaveSummary		CODE           	07FB	0000	5
		_startTestSlave		CODE           	26C9	0000	5
		_getSlaveStatus		CODE           	1D8F	0000	70

I2C-tester.c estimated size: 80

C:\Program Files\Microchip\xc8\v2.32\pic\sources\c99\common\abs.c
		_abs           		CODE           	197A	0000	28

C:\Program Files\Microchip\xc8\v2.32\pic\sources\c99\common\abs.c estimated size: 28

C:\Program Files\Microchip\xc8\v2.32\pic\sources\c99\common\aomod.c
		___aomod       		CODE           	122A	0000	237

C:\Program Files\Microchip\xc8\v2.32\pic\sources\c99\common\aomod.c estimated size: 237

shared
		__initialization		CODE           	004C	0000	66
		_i2c_fsmStateTable		STRCODE        	2000	0000	32

shared estimated size: 98

I2C_LCD.c
		_LCD_Init      		CODE           	1109	0000	140
		_LCD_Write_4Bit		CODE           	18DF	0000	24
		_LCD_Write_Char		CODE           	1000	0000	25
		_LCD_CMD       		CODE           	18F7	0000	24
		_I2C_Master_Wait		CODE           	2754	0000	12
		_I2C_Master_Init		CODE           	2749	0000	11
		_I2C_Master_Stop		CODE           	26DA	0000	6
		_I2C_Slave_Init		CODE           	27E1	0000	15
		_LCD_Set_Cursor		CODE           	1C3E	0000	47
		_LCD_Clear     		CODE           	2740	0000	9
		_IO_Expander_Write		CODE           	1885	0000	21
		_I2C_Master_Write		CODE           	180D	0000	16
		_I2C_Master_Start		CODE           	26D4	0000	6
		_LCD_Write_String		CODE           	19D4	0000	31

I2C_LCD.c estimated size: 387

mcc_generated_files/mcc.c
		_WDT_Initialize		CODE           	2693	0000	4
		_OSCILLATOR_Initialize		CODE           	2760	0000	12
		_SYSTEM_Initialize		CODE           	181D	0000	16

mcc_generated_files/mcc.c estimated size: 32

display.c
		_displayManager		CODE           	1EAF	0000	81

display.c estimated size: 81

C:\Program Files\Microchip\xc8\v2.32\pic\sources\c99\common\strcat.c
		_strcat        		CODE           	18B0	0000	23

C:\Program Files\Microchip\xc8\v2.32\pic\sources\c99\common\strcat.c estimated size: 23

mcc_generated_files/i2c_master.c
		_I2C_MasterStartRx		CODE           	2673	0000	3
		_I2C_DO_SEND_ADR_WRITE		CODE           	26FA	0000	8
		_I2C_DO_SEND_STOP		CODE           	26B0	0000	5
		_I2C_MasterSendNack		CODE           	2687	0000	4
		_I2C_CallbackReturnStop		CODE           	266B	0000	2
		_I2C_DO_SEND_ADR_READ		CODE           	270A	0000	9
		_I2C_DO_RX_NACK_STOP		CODE           	26BA	0000	5
		_I2C_DO_SEND_RESTART		CODE           	26AB	0000	5
		_I2C_DO_RX     		CODE           	1D49	0000	70
		_I2C_DO_TX     		CODE           	1F52	0000	87
		_I2C_DO_IDLE   		CODE           	269C	0000	5
		_I2C_DO_RCEN   		CODE           	26EC	0000	7
		_I2C_DO_RESET  		CODE           	26C4	0000	5
		_I2C_DO_RX_ACK 		CODE           	26B5	0000	5
		_I2C_MasterClearIrq		CODE           	267C	0000	3
		_I2C_MasterGetRxData		CODE           	2676	0000	3
		_I2C_SetCallback		CODE           	1B5E	0000	42
		_I2C_DO_ADDRESS_NACK		CODE           	1BB4	0000	45
		_I2C_MasterEnableRestart		CODE           	266D	0000	3
		_I2C_CallbackReturnReset		CODE           	0002	0000	2
		_I2C_DO_TX_EMPTY		CODE           	1C0F	0000	47
		_I2C_DO_SEND_RESTART_WRITE		CODE           	26A6	0000	5
		_I2C_MasterIsNack		CODE           	26CE	0000	6
		_I2C_SetDataCompleteCallback		CODE           	276C	0000	13
		_I2C_DO_RX_NACK_RESTART		CODE           	26BF	0000	5
		_I2C_MasterSendAck		CODE           	268B	0000	4
		_I2C_MasterFsm 		CODE           	1BE1	0000	46
		_I2C_MasterIsr 		CODE           	268F	0000	4
		_I2C_MasterSetIrq		CODE           	2679	0000	3
		_I2C_DO_SEND_RESTART_READ		CODE           	26A1	0000	5
		_I2C_SetBuffer 		CODE           	27F0	0000	16
		_I2C_MasterSendTxData		CODE           	2697	0000	5
		_I2C_MasterStop		CODE           	2670	0000	3

mcc_generated_files/i2c_master.c estimated size: 480

mcc_generated_files/eusart.c
		_EUSART_SetRxInterruptHandler		CODE           	272E	0000	9
		_EUSART_SetTxInterruptHandler		CODE           	2737	0000	9
		_putch         		CODE           	26F3	0000	7
		_EUSART_Read   		CODE           	1C6D	0000	47
		_EUSART_DefaultOverrunErrorHandler		CODE           	2683	0000	4
		_EUSART_Write  		CODE           	0800	0000	45
		_EUSART_DefaultErrorHandler		CODE           	267F	0000	4
		_EUSART_Transmit_ISR		CODE           	1A35	0000	34
		_EUSART_Initialize		CODE           	1DD5	0000	72
		_EUSART_SetFramingErrorHandler		CODE           	271C	0000	9
		_EUSART_SetErrorHandler		CODE           	2713	0000	9
		_EUSART_SetOverrunErrorHandler		CODE           	2725	0000	9
		_EUSART_Receive_ISR		CODE           	1D08	0000	65
		_EUSART_RxDataHandler		CODE           	1929	0000	27
		_EUSART_DefaultFramingErrorHandler		CODE           	2669	0000	1

mcc_generated_files/eusart.c estimated size: 351

C:\Program Files\Microchip\xc8\v2.32\pic\sources\c99\common\printf.c
		_printf        		CODE           	189A	0000	22

C:\Program Files\Microchip\xc8\v2.32\pic\sources\c99\common\printf.c estimated size: 22

C:\Program Files\Microchip\xc8\v2.32\pic\sources\c99\common\nf_fputc.c
		_fputc         		CODE           	1F00	0000	82

C:\Program Files\Microchip\xc8\v2.32\pic\sources\c99\common\nf_fputc.c estimated size: 82

tester.c
		_okAlert       		CODE           	1A14	0000	33
		_testR3        		CODE           	1A9D	0000	35
		_alerteDefaut  		CODE           	1080	0000	137
		_initialConditions		CODE           	1E65	0000	74
		_attenteDemarrage3		CODE           	0BD4	0000	523
		_setHorloge    		CODE           	1800	0000	13
		_errorAlert    		CODE           	1E1D	0000	72
		_alimenter     		CODE           	2779	0000	13
		_testR1        		CODE           	1A57	0000	35
		_ledProgession 		CODE           	27A0	0000	13
		_attenteAquittement		CODE           	1019	0000	103
		_startAlert    		CODE           	1AC0	0000	38
		_processSlaveResponse		CODE           	082D	0000	421
		_pressBP1      		CODE           	27AD	0000	13
		_pressBP2      		CODE           	27BA	0000	13
		_testNOK       		CODE           	1944	0000	27
		_ledConforme   		CODE           	2786	0000	13
		_alerteDefautEtape16		CODE           	153E	0000	338
		_testR2        		CODE           	1A7A	0000	35
		_ledNonConforme		CODE           	2793	0000	13
		_setP1         		CODE           	27C7	0000	13
		_testOK        		CODE           	195F	0000	27
		_activerTouche 		CODE           	19B5	0000	31
		_activerBuzzer 		CODE           	1B88	0000	44
		_sortieErreur  		CODE           	1FA9	0000	87
		_setP2         		CODE           	27D4	0000	13
		_reponseOperateur		CODE           	1195	0000	149

tester.c estimated size: 2326

C:\Program Files\Microchip\xc8\v2.32\pic\sources\c99\common\aodiv.c
		___aodiv       		CODE           	1317	0000	261

C:\Program Files\Microchip\xc8\v2.32\pic\sources\c99\common\aodiv.c estimated size: 261

main.c
		_main          		CODE           	0DDF	0000	2864

main.c estimated size: 2864

C:\Program Files\Microchip\xc8\v2.32\pic\sources\c99\common\strlen.c
		_strlen        		CODE           	190F	0000	26

C:\Program Files\Microchip\xc8\v2.32\pic\sources\c99\common\strlen.c estimated size: 26

C:\Program Files\Microchip\xc8\v2.32\pic\sources\c99\common\strcpy.c
		_strcpy        		CODE           	1AE6	0000	39

C:\Program Files\Microchip\xc8\v2.32\pic\sources\c99\common\strcpy.c estimated size: 39

