Microchip MPLAB XC8 Compiler V2.32

Linker command line:

-W-3 --edf=C:\Program Files\Microchip\xc8\v2.32\pic\dat\en_msgs.txt -cn \
  -h+dist/default/production\galeoTesterBiModuleMaster.X.production.sym \
  --cmf=dist/default/production\galeoTesterBiModuleMaster.X.production.cmf \
  -z -Q16LF1939 -oC:\Users\Michel\AppData\Local\Temp\xcAsnf4.5 \
  --defsym=__MPLAB_BUILD=1 \
  -Mdist/default/production/galeoTesterBiModuleMaster.X.production.map -E1 \
  -ver=XC8 Compiler --acfsm=1493 -ASTACK=02188h-023EFh -pstack=STACK \
  -ACODE=00h-07FFhx8 -ASTRCODE=00h-03FFFh -ASTRING=00h-0FFhx64 \
  -ACONST=00h-0FFhx64 -AENTRY=00h-0FFhx64 -ACOMMON=070h-07Fh \
  -ABANK0=020h-06Fh -ABANK1=0A0h-0EFh -ABANK2=0120h-016Fh \
  -ABANK3=01A0h-01EFh -ABANK4=0220h-026Fh -ABANK5=02A0h-02EFh \
  -ABANK6=0320h-036Fh -ABANK7=03A0h-03EFh -ABANK8=0420h-046Fh \
  -ABANK9=04A0h-04EFh -ABANK10=0520h-056Fh -ABANK11=05A0h-05EFh \
  -ABANK12=0620h-064Fh -ABIGRAM=02000h-023EFh \
  -ARAM=020h-06Fh,0A0h-0EFh,0120h-016Fh,01A0h-01EFh,0220h-026Fh,02A0h-02EFh,0320h-036Fh,03A0h-03EFh,0420h-046Fh,04A0h-04EFh,0520h-056Fh,05A0h-05EFh,0620h-064Fh \
  -AABS1=020h-07Fh,0A0h-0EFh,0120h-016Fh,01A0h-01EFh,0220h-026Fh,02A0h-02EFh,0320h-036Fh,03A0h-03EFh,0420h-046Fh,04A0h-04EFh,0520h-056Fh,05A0h-05EFh,0620h-064Fh \
  -ASFR0=00h-01Fh -ASFR1=080h-09Fh -ASFR2=0100h-011Fh -ASFR3=0180h-019Fh \
  -ASFR4=0200h-021Fh -ASFR5=0280h-029Fh -ASFR6=0300h-031Fh \
  -ASFR7=0380h-039Fh -ASFR8=0400h-041Fh -ASFR9=0480h-049Fh \
  -ASFR10=0500h-051Fh -ASFR11=0580h-059Fh -ASFR12=0600h-061Fh \
  -ASFR13=0680h-06EFh -ASFR14=0700h-076Fh -ASFR15=0780h-07EFh \
  -ASFR16=0800h-086Fh -ASFR17=0880h-08EFh -ASFR18=0900h-096Fh \
  -ASFR19=0980h-09EFh -ASFR20=0A00h-0A6Fh -ASFR21=0A80h-0AEFh \
  -ASFR22=0B00h-0B6Fh -ASFR23=0B80h-0BEFh -ASFR24=0C00h-0C6Fh \
  -ASFR25=0C80h-0CEFh -ASFR26=0D00h-0D6Fh -ASFR27=0D80h-0DEFh \
  -ASFR28=0E00h-0E6Fh -ASFR29=0E80h-0EEFh -ASFR30=0F00h-0F6Fh \
  -ASFR31=0F80h-0FEFh -ACONFIG=08007h-08008h -DCONFIG=2 \
  -AIDLOC=08000h-08003h -DIDLOC=2 -AEEDATA=00h-0FFh/0F000h \
  -peeprom_data=EEDATA -DEEDATA=2 -DCODE=2 -DSTRCODE=2 -DSTRING=2 -DCONST=2 \
  -DENTRY=2 -preset_vec=00h,intentry=04h,init,end_init -ppowerup=CODE \
  -pcinit=CODE -pfunctab=ENTRY -k \
  C:\Users\Michel\AppData\Local\Temp\xcAsnf4.o \
  dist/default/production\galeoTesterBiModuleMaster.X.production.o 

Object code version is 3.11

Machine type is 16LF1939



                Name                               Link     Load   Length Selector   Space Scale
C:\Users\Michel\AppData\Local\Temp\xcAsnf4.o
                end_init                             4A       4A        2        8       0
                reset_vec                             0        0        2        0       0
                config                             8007     8007        2        0       4
                idloc                              8000     8000        4        0       5
dist/default/production\galeoTesterBiModuleMaster.X.production.o
                cinit                                4C       4C       46        8       0
                intentry                              4        4       46        8       0
                maintext_split_3                    87F      87F      781     10FE       0
                maintext_split_2                     92       92      306        8       0
                maintext_split_1                   1087     1087      115     210E       0
                config                             8007     8007        2        0       4
                idloc                              8000     8000        4        0       5
                text124                            250C     250C       1B     4A18       0
                text123                            2242     2242        4     4484       0
                text122                            2230     2230        1     4460       0
                text121                            2246     2246        4     448C       0
                text120                            1910     1910       41     3220       0
                text119                            25F9     25F9       22     4BF2       0
                text118                            2233     2233        3     4466       0
                text117                            2236     2236        3     446C       0
                text116                            23DE     23DE       10     47BC       0
                text115                            2722     2722       2A     4E44       0
                text114                            233E     233E        D     467C       0
                text113                            240E     240E       11     481C       0
                text112                            241F     241F       11     483E       0
                text111                            2430     2430       11     4860       0
                text110                            2441     2441       11     4882       0
                text109                            2491     2491       18     4922       0
                text108                            2231     2231        2     4462       0
                text107                               2        2        2        0       0
                text106                            2239     2239        3     4472       0
                text105                            224A     224A        4     4494       0
                text104                            223C     223C        3     4478       0
                text103                            224E     224E        4     449C       0
                text102                            225A     225A        5     44B4       0
                text101                            22A0     22A0        6     4540       0
                text100                            223F     223F        3     447E       0
                text99                             1817     1817       2F     302E       0
                text98                             225F     225F        5     44BE       0
                text97                             22DC     22DC        9     45B8       0
                text96                             22CC     22CC        8     4598       0
                text95                             1B5A     1B5A       57     36B4       0
                text94                             1951     1951       46     32A2       0
                text93                             22BE     22BE        7     457C       0
                text92                             2264     2264        5     44C8       0
                text91                             2269     2269        5     44D2       0
                text90                             226E     226E        5     44DC       0
                text89                             2273     2273        5     44E6       0
                text88                             2278     2278        5     44F0       0
                text87                             227D     227D        5     44FA       0
                text86                             2282     2282        5     4504       0
                text85                             2287     2287        5     450E       0
                text84                             2778     2778       2D     4EF0       0
                text83                              800      800        3        8       0
                text82                             27D2     27D2       2E     4FA4       0
                text81                             2252     2252        4     44A4       0
                text79                             25B7     25B7       21     4B6E       0
                text78                             231B     231B        B     4636       0
                text77                             23C0     23C0        F     4780       0
                text76                             2326     2326        C     464C       0
                text75                             22A6     22A6        6     454C       0
                text74                             22AC     22AC        6     4558       0
                text73                             23EE     23EE       10     47DC       0
                text72                             2466     2466       15     48CC       0
                text71                             24A9     24A9       18     4952       0
                text70                             24C1     24C1       18     4982       0
                text69                             1CED     1CED       8C     39DA       0
                text68                             22D4     22D4        8     45A8       0
                text67                             22E5     22E5        9     45CA       0
                text66                             22EE     22EE        9     45DC       0
                text65                             22F7     22F7        9     45EE       0
                text64                             2300     2300        9     4600       0
                text63                             2309     2309        9     4612       0
                text62                             19DD     19DD       48     33BA       0
                text61                             2332     2332        C     4664       0
                text60                             2579     2579       1F     4AF2       0
                text59                             2256     2256        4     44AC       0
                text58                             23FE     23FE       10     47FC       0
                text57                             2598     2598       1F     4B30       0
                text56                             234B     234B        D     4696       0
                text55                             2312     2312        9     4624       0
                text54                             1846     1846       2F     308C       0
                text53                             24D9     24D9       19     49B2       0
                text52                             1001     1001       1F     2002       0
                text51                             1AB7     1AB7       51     356E       0
                text50                             274C     274C       2C     4E98       0
                text49                             1A25     1A25       48     344A       0
                text48                             2358     2358        D     46B0       0
                text47                             2365     2365        D     46CA       0
                text46                             2372     2372        D     46E4       0
                text45                             1EFB     1EFB      105     3DF6       0
                text44                             1E0E     1E0E       ED     3C1C       0
                text43                             255D     255D       1C     4ABA       0
                text42                             27A5     27A5       2D     4F4A       0
                text41                             22C5     22C5        7     458A       0
                text40                             1B08     1B08       52     3610       0
                text39                             26F9     26F9       29     4DF2       0
                text38                             24F2     24F2       1A     49E4       0
                text37                             1C08     1C08       5C     3810       0
                text36                             1410     1410      170     2820       0
                text35                             119C     119C      122     2338       0
                text34                             18A4     18A4       34     3148       0
                text33                             247B     247B       16     48F6       0
                text32                             26AA     26AA       27     4D54       0
                text31                             1800     1800       17     2B00       0
                text30                             1C64     1C64       89     38C8       0
                text29                             1875     1875       2F     30EA       0
                text28                             2527     2527       1B     4A4E       0
                text27                             2542     2542       1B     4A84       0
                text26                             1D79     1D79       95     3AF2       0
                text25                             1020     1020       67     2040       0
                text24                             237F     237F        D     46FE       0
                text23                             238C     238C        D     4718       0
                text22                             2399     2399        D     4732       0
                text21                             23A6     23A6        D     474C       0
                text20                             1A6D     1A6D       4A     34DA       0
                text19                             1BB1     1BB1       57     3762       0
                text18                             261B     261B       23     4C36       0
                text17                             263E     263E       23     4C7C       0
                text16                             2661     2661       23     4CC2       0
                text15                             12BE     12BE      152     257C       0
                text14                              61D      61D      1DE        8       0
                text13                             1997     1997       46     332E       0
                text12                             228C     228C        5     4518       0
                text11                             2291     2291        5     4522       0
                text10                             2296     2296        5     452C       0
                text9                              229B     229B        5     4536       0
                text8                              1580     1580      280     2B00       0
                text7                              23CF     23CF        F     479E       0
                text6                               7FB      7FB        5        8       0
                text5                              2684     2684       26     4D08       0
                text4                              25D8     25D8       21     4BB0       0
                text3                               803      803       7C     1006       0
                text2                              23B3     23B3        D     4766       0
                text1                              18D8     18D8       38     31B0       0
                maintext                            398      398      285        8       0
                cstackBANK0                          20       20       4A       20       1
                cstackCOMMON                         70       70        D       70       1
                cstackBANK1                          A0       A0       3F       A0       1
                cstackBANK2                         120      120       3B      120       1
                clrtext                            22B2     22B2        6     4564       0
                inittext                           22B8     22B8        6     4570       0
                dataBANK4                           220      220       28      220       1
                bssBANK4                            248      248       20      220       1
                dataBANK3                           1CD      1CD       14      1A0       1
                bssBANK3                            1A0      1A0       2D      1A0       1
                bssBANK2                            15B      15B       14      120       1
                dataBANK1                            EE       EE        1       A0       1
                bssBANK1                             DF       DF        F       A0       1
                bssBANK0                             6A       6A        3       20       1
                bssCOMMON                            7D       7D        1       70       1
                stringtext116                      2F0A     2F0A        3     5000       0
                stringtext115                      2F02     2F02        8     5000       0
                stringtext114                      2EFA     2EFA        8     5000       0
                stringtext113                      2EF2     2EF2        8     5000       0
                stringtext112                      2EEA     2EEA        8     5000       0
                stringtext111                      2EE2     2EE2        8     5000       0
                stringtext110                      2EDA     2EDA        8     5000       0
                stringtext109                      2ED2     2ED2        8     5000       0
                stringtext108                      2ECA     2ECA        8     5000       0
                stringtext107                      2EC2     2EC2        8     5000       0
                stringtext106                      2EBA     2EBA        8     5000       0
                stringtext105                      2EB2     2EB2        8     5000       0
                stringtext104                      2EA9     2EA9        9     5000       0
                stringtext103                      2EA0     2EA0        9     5000       0
                stringtext102                      2E97     2E97        9     5000       0
                stringtext101                      2E8E     2E8E        9     5000       0
                stringtext100                      2E85     2E85        9     5000       0
                stringtext99                       2E7C     2E7C        9     5000       0
                stringtext98                       2E73     2E73        9     5000       0
                stringtext97                       2E6A     2E6A        9     5000       0
                stringtext96                       2E61     2E61        9     5000       0
                stringtext95                       2E56     2E56        B     5000       0
                stringtext94                       2E4B     2E4B        B     5000       0
                stringtext93                       2E3F     2E3F        C     5000       0
                stringtext92                       2E33     2E33        C     5000       0
                stringtext91                       2E27     2E27        C     5000       0
                stringtext90                       2E1B     2E1B        C     5000       0
                stringtext89                       2E0F     2E0F        C     5000       0
                stringtext88                       2E03     2E03        C     5000       0
                stringtext87                       2DF7     2DF7        C     5000       0
                stringtext86                       2DEB     2DEB        C     5000       0
                stringtext85                       2DDF     2DDF        C     5000       0
                stringtext84                       2DD3     2DD3        C     5000       0
                stringtext83                       2DC7     2DC7        C     5000       0
                stringtext82                       2DBA     2DBA        D     5000       0
                stringtext81                       2DAD     2DAD        D     5000       0
                stringtext80                       2DA0     2DA0        D     5000       0
                stringtext79                       2D93     2D93        D     5000       0
                stringtext78                       2D86     2D86        D     5000       0
                stringtext77                       2D79     2D79        D     5000       0
                stringtext76                       2D6C     2D6C        D     5000       0
                stringtext75                       2D5F     2D5F        D     5000       0
                stringtext74                       2D52     2D52        D     5000       0
                stringtext73                       2D45     2D45        D     5000       0
                stringtext72                       2D37     2D37        E     5000       0
                stringtext71                       2D29     2D29        E     5000       0
                stringtext70                       2D1B     2D1B        E     5000       0
                stringtext69                       2D0C     2D0C        F     5000       0
                stringtext68                       2CFD     2CFD        F     5000       0
                stringtext67                       2CEE     2CEE        F     5000       0
                stringtext66                       2CDF     2CDF        F     5000       0
                stringtext65                       2CD0     2CD0        F     5000       0
                stringtext64                       2CC1     2CC1        F     5000       0
                stringtext63                       2CB2     2CB2        F     5000       0
                stringtext62                       2CA3     2CA3        F     5000       0
                stringtext61                       2C94     2C94        F     5000       0
                stringtext60                       2C84     2C84       10     5000       0
                stringtext59                       2C74     2C74       10     5000       0
                stringtext58                       2C63     2C63       11     5000       0
                stringtext57                       2C52     2C52       11     5000       0
                stringtext56                       2C41     2C41       11     5000       0
                stringtext55                       2C30     2C30       11     5000       0
                stringtext54                       2C1F     2C1F       11     5000       0
                stringtext53                       2C0E     2C0E       11     5000       0
                stringtext52                       2BFD     2BFD       11     5000       0
                stringtext51                       2BEC     2BEC       11     5000       0
                stringtext50                       2BDB     2BDB       11     5000       0
                stringtext49                       2BCA     2BCA       11     5000       0
                stringtext48                       2BB9     2BB9       11     5000       0
                stringtext47                       2BA8     2BA8       11     5000       0
                stringtext46                       2B97     2B97       11     5000       0
                stringtext45                       2B86     2B86       11     5000       0
                stringtext44                       2B75     2B75       11     5000       0
                stringtext43                       2B64     2B64       11     5000       0
                stringtext42                       2B52     2B52       12     5000       0
                stringtext41                       2B40     2B40       12     5000       0
                stringtext40                       2B2E     2B2E       12     5000       0
                stringtext39                       2B1C     2B1C       12     5000       0
                stringtext38                       2B0A     2B0A       12     5000       0
                stringtext37                       2AF8     2AF8       12     5000       0
                stringtext36                       2AE6     2AE6       12     5000       0
                stringtext35                       2AD4     2AD4       12     5000       0
                stringtext34                       2AC2     2AC2       12     5000       0
                stringtext33                       2AB0     2AB0       12     5000       0
                stringtext32                       2A9E     2A9E       12     5000       0
                stringtext31                       2A8C     2A8C       12     5000       0
                stringtext30                       2A7A     2A7A       12     5000       0
                stringtext29                       2A68     2A68       12     5000       0
                stringtext28                       2A56     2A56       12     5000       0
                stringtext27                       2A43     2A43       13     5000       0
                stringtext26                       2A30     2A30       13     5000       0
                stringtext25                       2A1D     2A1D       13     5000       0
                stringtext24                       2A09     2A09       14     5000       0
                stringtext23                       29F5     29F5       14     5000       0
                stringtext22                       29E1     29E1       14     5000       0
                stringtext21                       29CC     29CC       15     5000       0
                stringtext20                       29B7     29B7       15     5000       0
                stringtext19                       29A2     29A2       15     5000       0
                stringtext18                       298D     298D       15     5000       0
                stringtext17                       2978     2978       15     5000       0
                stringtext16                       2963     2963       15     5000       0
                stringtext15                       294C     294C       17     5000       0
                stringtext14                       2935     2935       17     5000       0
                stringtext13                       291E     291E       17     5000       0
                stringtext12                       2907     2907       17     5000       0
                stringtext11                       28EF     28EF       18     5000       0
                stringtext10                       28D7     28D7       18     5000       0
                stringtext9                        28BE     28BE       19     5000       0
                stringtext8                        28A5     28A5       19     5000       0
                stringtext7                        288B     288B       1A     5000       0
                stringtext6                        2871     2871       1A     5000       0
                stringtext5                        2857     2857       1A     5000       0
                stringtext4                        283B     283B       1C     5000       0
                stringtext3                        281F     281F       1C     5000       0
                stringtext2                        2800     2800       1F     5000       0
                stringtext1                        2000     2000       4A     4000       0
                idataBANK4                         26D1     26D1       28     4DA2       0
                idataBANK3                         2452     2452       14     48A4       0
                idataBANK1                         1000     1000        1     10FE       0

TOTAL           Name                               Link     Load   Length     Space
        CLASS   STACK          

        CLASS   CODE           
                end_init                             4A       4A        2         0
                cinit                                4C       4C       46         0
                intentry                              4        4       46         0
                reset_vec                             0        0        2         0
                maintext_split_3                    87F      87F      781         0
                maintext_split_2                     92       92      306         0
                maintext_split_1                   1087     1087      115         0
                text124                            250C     250C       1B         0
                text123                            2242     2242        4         0
                text122                            2230     2230        1         0
                text121                            2246     2246        4         0
                text120                            1910     1910       41         0
                text119                            25F9     25F9       22         0
                text118                            2233     2233        3         0
                text117                            2236     2236        3         0
                text116                            23DE     23DE       10         0
                text115                            2722     2722       2A         0
                text114                            233E     233E        D         0
                text113                            240E     240E       11         0
                text112                            241F     241F       11         0
                text111                            2430     2430       11         0
                text110                            2441     2441       11         0
                text109                            2491     2491       18         0
                text108                            2231     2231        2         0
                text107                               2        2        2         0
                text106                            2239     2239        3         0
                text105                            224A     224A        4         0
                text104                            223C     223C        3         0
                text103                            224E     224E        4         0
                text102                            225A     225A        5         0
                text101                            22A0     22A0        6         0
                text100                            223F     223F        3         0
                text99                             1817     1817       2F         0
                text98                             225F     225F        5         0
                text97                             22DC     22DC        9         0
                text96                             22CC     22CC        8         0
                text95                             1B5A     1B5A       57         0
                text94                             1951     1951       46         0
                text93                             22BE     22BE        7         0
                text92                             2264     2264        5         0
                text91                             2269     2269        5         0
                text90                             226E     226E        5         0
                text89                             2273     2273        5         0
                text88                             2278     2278        5         0
                text87                             227D     227D        5         0
                text86                             2282     2282        5         0
                text85                             2287     2287        5         0
                text84                             2778     2778       2D         0
                text83                              800      800        3         0
                text82                             27D2     27D2       2E         0
                text81                             2252     2252        4         0
                text79                             25B7     25B7       21         0
                text78                             231B     231B        B         0
                text77                             23C0     23C0        F         0
                text76                             2326     2326        C         0
                text75                             22A6     22A6        6         0
                text74                             22AC     22AC        6         0
                text73                             23EE     23EE       10         0
                text72                             2466     2466       15         0
                text71                             24A9     24A9       18         0
                text70                             24C1     24C1       18         0
                text69                             1CED     1CED       8C         0
                text68                             22D4     22D4        8         0
                text67                             22E5     22E5        9         0
                text66                             22EE     22EE        9         0
                text65                             22F7     22F7        9         0
                text64                             2300     2300        9         0
                text63                             2309     2309        9         0
                text62                             19DD     19DD       48         0
                text61                             2332     2332        C         0
                text60                             2579     2579       1F         0
                text59                             2256     2256        4         0
                text58                             23FE     23FE       10         0
                text57                             2598     2598       1F         0
                text56                             234B     234B        D         0
                text55                             2312     2312        9         0
                text54                             1846     1846       2F         0
                text53                             24D9     24D9       19         0
                text52                             1001     1001       1F         0
                text51                             1AB7     1AB7       51         0
                text50                             274C     274C       2C         0
                text49                             1A25     1A25       48         0
                text48                             2358     2358        D         0
                text47                             2365     2365        D         0
                text46                             2372     2372        D         0
                text45                             1EFB     1EFB      105         0
                text44                             1E0E     1E0E       ED         0
                text43                             255D     255D       1C         0
                text42                             27A5     27A5       2D         0
                text41                             22C5     22C5        7         0
                text40                             1B08     1B08       52         0
                text39                             26F9     26F9       29         0
                text38                             24F2     24F2       1A         0
                text37                             1C08     1C08       5C         0
                text36                             1410     1410      170         0
                text35                             119C     119C      122         0
                text34                             18A4     18A4       34         0
                text33                             247B     247B       16         0
                text32                             26AA     26AA       27         0
                text31                             1800     1800       17         0
                text30                             1C64     1C64       89         0
                text29                             1875     1875       2F         0
                text28                             2527     2527       1B         0
                text27                             2542     2542       1B         0
                text26                             1D79     1D79       95         0
                text25                             1020     1020       67         0
                text24                             237F     237F        D         0
                text23                             238C     238C        D         0
                text22                             2399     2399        D         0
                text21                             23A6     23A6        D         0
                text20                             1A6D     1A6D       4A         0
                text19                             1BB1     1BB1       57         0
                text18                             261B     261B       23         0
                text17                             263E     263E       23         0
                text16                             2661     2661       23         0
                text15                             12BE     12BE      152         0
                text14                              61D      61D      1DE         0
                text13                             1997     1997       46         0
                text12                             228C     228C        5         0
                text11                             2291     2291        5         0
                text10                             2296     2296        5         0
                text9                              229B     229B        5         0
                text8                              1580     1580      280         0
                text7                              23CF     23CF        F         0
                text6                               7FB      7FB        5         0
                text5                              2684     2684       26         0
                text4                              25D8     25D8       21         0
                text3                               803      803       7C         0
                text2                              23B3     23B3        D         0
                text1                              18D8     18D8       38         0
                maintext                            398      398      285         0
                clrtext                            22B2     22B2        6         0
                inittext                           22B8     22B8        6         0
                idataBANK4                         26D1     26D1       28         0
                idataBANK3                         2452     2452       14         0
                idataBANK1                         1000     1000        1         0

        CLASS   STRCODE        
                stringtext116                      2F0A     2F0A        3         0
                stringtext115                      2F02     2F02        8         0
                stringtext114                      2EFA     2EFA        8         0
                stringtext113                      2EF2     2EF2        8         0
                stringtext112                      2EEA     2EEA        8         0
                stringtext111                      2EE2     2EE2        8         0
                stringtext110                      2EDA     2EDA        8         0
                stringtext109                      2ED2     2ED2        8         0
                stringtext108                      2ECA     2ECA        8         0
                stringtext107                      2EC2     2EC2        8         0
                stringtext106                      2EBA     2EBA        8         0
                stringtext105                      2EB2     2EB2        8         0
                stringtext104                      2EA9     2EA9        9         0
                stringtext103                      2EA0     2EA0        9         0
                stringtext102                      2E97     2E97        9         0
                stringtext101                      2E8E     2E8E        9         0
                stringtext100                      2E85     2E85        9         0
                stringtext99                       2E7C     2E7C        9         0
                stringtext98                       2E73     2E73        9         0
                stringtext97                       2E6A     2E6A        9         0
                stringtext96                       2E61     2E61        9         0
                stringtext95                       2E56     2E56        B         0
                stringtext94                       2E4B     2E4B        B         0
                stringtext93                       2E3F     2E3F        C         0
                stringtext92                       2E33     2E33        C         0
                stringtext91                       2E27     2E27        C         0
                stringtext90                       2E1B     2E1B        C         0
                stringtext89                       2E0F     2E0F        C         0
                stringtext88                       2E03     2E03        C         0
                stringtext87                       2DF7     2DF7        C         0
                stringtext86                       2DEB     2DEB        C         0
                stringtext85                       2DDF     2DDF        C         0
                stringtext84                       2DD3     2DD3        C         0
                stringtext83                       2DC7     2DC7        C         0
                stringtext82                       2DBA     2DBA        D         0
                stringtext81                       2DAD     2DAD        D         0
                stringtext80                       2DA0     2DA0        D         0
                stringtext79                       2D93     2D93        D         0
                stringtext78                       2D86     2D86        D         0
                stringtext77                       2D79     2D79        D         0
                stringtext76                       2D6C     2D6C        D         0
                stringtext75                       2D5F     2D5F        D         0
                stringtext74                       2D52     2D52        D         0
                stringtext73                       2D45     2D45        D         0
                stringtext72                       2D37     2D37        E         0
                stringtext71                       2D29     2D29        E         0
                stringtext70                       2D1B     2D1B        E         0
                stringtext69                       2D0C     2D0C        F         0
                stringtext68                       2CFD     2CFD        F         0
                stringtext67                       2CEE     2CEE        F         0
                stringtext66                       2CDF     2CDF        F         0
                stringtext65                       2CD0     2CD0        F         0
                stringtext64                       2CC1     2CC1        F         0
                stringtext63                       2CB2     2CB2        F         0
                stringtext62                       2CA3     2CA3        F         0
                stringtext61                       2C94     2C94        F         0
                stringtext60                       2C84     2C84       10         0
                stringtext59                       2C74     2C74       10         0
                stringtext58                       2C63     2C63       11         0
                stringtext57                       2C52     2C52       11         0
                stringtext56                       2C41     2C41       11         0
                stringtext55                       2C30     2C30       11         0
                stringtext54                       2C1F     2C1F       11         0
                stringtext53                       2C0E     2C0E       11         0
                stringtext52                       2BFD     2BFD       11         0
                stringtext51                       2BEC     2BEC       11         0
                stringtext50                       2BDB     2BDB       11         0
                stringtext49                       2BCA     2BCA       11         0
                stringtext48                       2BB9     2BB9       11         0
                stringtext47                       2BA8     2BA8       11         0
                stringtext46                       2B97     2B97       11         0
                stringtext45                       2B86     2B86       11         0
                stringtext44                       2B75     2B75       11         0
                stringtext43                       2B64     2B64       11         0
                stringtext42                       2B52     2B52       12         0
                stringtext41                       2B40     2B40       12         0
                stringtext40                       2B2E     2B2E       12         0
                stringtext39                       2B1C     2B1C       12         0
                stringtext38                       2B0A     2B0A       12         0
                stringtext37                       2AF8     2AF8       12         0
                stringtext36                       2AE6     2AE6       12         0
                stringtext35                       2AD4     2AD4       12         0
                stringtext34                       2AC2     2AC2       12         0
                stringtext33                       2AB0     2AB0       12         0
                stringtext32                       2A9E     2A9E       12         0
                stringtext31                       2A8C     2A8C       12         0
                stringtext30                       2A7A     2A7A       12         0
                stringtext29                       2A68     2A68       12         0
                stringtext28                       2A56     2A56       12         0
                stringtext27                       2A43     2A43       13         0
                stringtext26                       2A30     2A30       13         0
                stringtext25                       2A1D     2A1D       13         0
                stringtext24                       2A09     2A09       14         0
                stringtext23                       29F5     29F5       14         0
                stringtext22                       29E1     29E1       14         0
                stringtext21                       29CC     29CC       15         0
                stringtext20                       29B7     29B7       15         0
                stringtext19                       29A2     29A2       15         0
                stringtext18                       298D     298D       15         0
                stringtext17                       2978     2978       15         0
                stringtext16                       2963     2963       15         0
                stringtext15                       294C     294C       17         0
                stringtext14                       2935     2935       17         0
                stringtext13                       291E     291E       17         0
                stringtext12                       2907     2907       17         0
                stringtext11                       28EF     28EF       18         0
                stringtext10                       28D7     28D7       18         0
                stringtext9                        28BE     28BE       19         0
                stringtext8                        28A5     28A5       19         0
                stringtext7                        288B     288B       1A         0
                stringtext6                        2871     2871       1A         0
                stringtext5                        2857     2857       1A         0
                stringtext4                        283B     283B       1C         0
                stringtext3                        281F     281F       1C         0
                stringtext2                        2800     2800       1F         0
                stringtext1                        2000     2000       4A         0

        CLASS   STRING         

        CLASS   CONST          

        CLASS   ENTRY          

        CLASS   COMMON         
                cstackCOMMON                         70       70        D         1
                bssCOMMON                            7D       7D        1         1

        CLASS   BANK0          
                cstackBANK0                          20       20       4A         1
                bssBANK0                             6A       6A        3         1

        CLASS   BANK1          
                cstackBANK1                          A0       A0       3F         1
                dataBANK1                            EE       EE        1         1
                bssBANK1                             DF       DF        F         1

        CLASS   BANK2          
                cstackBANK2                         120      120       3B         1
                bssBANK2                            15B      15B       14         1

        CLASS   BANK3          
                dataBANK3                           1CD      1CD       14         1
                bssBANK3                            1A0      1A0       2D         1

        CLASS   BANK4          
                dataBANK4                           220      220       28         1
                bssBANK4                            248      248       20         1

        CLASS   BANK5          

        CLASS   BANK6          

        CLASS   BANK7          

        CLASS   BANK8          

        CLASS   BANK9          

        CLASS   BANK10         

        CLASS   BANK11         

        CLASS   BANK12         

        CLASS   BIGRAM         

        CLASS   RAM            

        CLASS   ABS1           
                abs_s1                               7E       7E        2         1

        CLASS   SFR0           

        CLASS   SFR1           

        CLASS   SFR2           

        CLASS   SFR3           

        CLASS   SFR4           

        CLASS   SFR5           

        CLASS   SFR6           

        CLASS   SFR7           

        CLASS   SFR8           

        CLASS   SFR9           

        CLASS   SFR10          

        CLASS   SFR11          

        CLASS   SFR12          

        CLASS   SFR13          

        CLASS   SFR14          

        CLASS   SFR15          

        CLASS   SFR16          

        CLASS   SFR17          

        CLASS   SFR18          

        CLASS   SFR19          

        CLASS   SFR20          

        CLASS   SFR21          

        CLASS   SFR22          

        CLASS   SFR23          

        CLASS   SFR24          

        CLASS   SFR25          

        CLASS   SFR26          

        CLASS   SFR27          

        CLASS   SFR28          

        CLASS   SFR29          

        CLASS   SFR30          

        CLASS   SFR31          

        CLASS   CONFIG         
                config                             8007     8007        2         4

        CLASS   IDLOC          
                idloc                              8000     8000        4         5

        CLASS   EEDATA         

        CLASS   BANK31         

        CLASS   BANK30         

        CLASS   BANK29         

        CLASS   BANK28         

        CLASS   BANK27         

        CLASS   BANK26         

        CLASS   BANK25         

        CLASS   BANK24         

        CLASS   BANK23         

        CLASS   BANK22         

        CLASS   BANK21         

        CLASS   BANK20         

        CLASS   BANK19         

        CLASS   BANK18         

        CLASS   BANK17         

        CLASS   BANK16         

        CLASS   BANK15         

        CLASS   BANK14         

        CLASS   BANK13         



SEGMENTS        Name                           Load    Length   Top    Selector   Space  Class     Delta

                reset_vec                      000000  000004  000004         0       0  CODE        2
                intentry                       000004  0007FF  000803         8       0  CODE        2
                cstackBANK0                    000020  00004D  00006D        20       1  BANK0       1
                cstackCOMMON                   000070  00000E  00007E        70       1  COMMON      1
                cstackBANK1                    0000A0  00004F  0000EF        A0       1  BANK1       1
                cstackBANK2                    000120  00004F  00016F       120       1  BANK2       1
                bssBANK3                       0001A0  000041  0001E1       1A0       1  BANK3       1
                dataBANK4                      000220  000048  000268       220       1  BANK4       1
                text3                          000803  00007C  00087F      1006       0  CODE        2
                maintext_split_3               00087F  000782  001001      10FE       0  CODE        2
                text52                         001001  00001F  001020      2002       0  CODE        2
                text25                         001020  000067  001087      2040       0  CODE        2
                maintext_split_1               001087  000115  00119C      210E       0  CODE        2
                text35                         00119C  000122  0012BE      2338       0  CODE        2
                text15                         0012BE  000152  001410      257C       0  CODE        2
                text36                         001410  000170  001580      2820       0  CODE        2
                text8                          001580  000297  001817      2B00       0  CODE        2
                text99                         001817  00002F  001846      302E       0  CODE        2
                text54                         001846  00002F  001875      308C       0  CODE        2
                text29                         001875  00002F  0018A4      30EA       0  CODE        2
                text34                         0018A4  000034  0018D8      3148       0  CODE        2
                text1                          0018D8  000038  001910      31B0       0  CODE        2
                text120                        001910  000041  001951      3220       0  CODE        2
                text94                         001951  000046  001997      32A2       0  CODE        2
                text13                         001997  000046  0019DD      332E       0  CODE        2
                text62                         0019DD  000048  001A25      33BA       0  CODE        2
                text49                         001A25  000048  001A6D      344A       0  CODE        2
                text20                         001A6D  00004A  001AB7      34DA       0  CODE        2
                text51                         001AB7  000051  001B08      356E       0  CODE        2
                text40                         001B08  000052  001B5A      3610       0  CODE        2
                text95                         001B5A  000057  001BB1      36B4       0  CODE        2
                text19                         001BB1  000057  001C08      3762       0  CODE        2
                text37                         001C08  00005C  001C64      3810       0  CODE        2
                text30                         001C64  000089  001CED      38C8       0  CODE        2
                text69                         001CED  00008C  001D79      39DA       0  CODE        2
                text26                         001D79  000095  001E0E      3AF2       0  CODE        2
                text44                         001E0E  0000ED  001EFB      3C1C       0  CODE        2
                text45                         001EFB  000105  002000      3DF6       0  CODE        2
                stringtext1                    002000  00004A  00204A      4000       0  STRCODE     2
                text122                        002230  000001  002231      4460       0  CODE        2
                text108                        002231  000002  002233      4462       0  CODE        2
                text118                        002233  000003  002236      4466       0  CODE        2
                text117                        002236  000003  002239      446C       0  CODE        2
                text106                        002239  000003  00223C      4472       0  CODE        2
                text104                        00223C  000003  00223F      4478       0  CODE        2
                text100                        00223F  000003  002242      447E       0  CODE        2
                text123                        002242  000004  002246      4484       0  CODE        2
                text121                        002246  000004  00224A      448C       0  CODE        2
                text105                        00224A  000004  00224E      4494       0  CODE        2
                text103                        00224E  000004  002252      449C       0  CODE        2
                text81                         002252  000004  002256      44A4       0  CODE        2
                text59                         002256  000004  00225A      44AC       0  CODE        2
                text102                        00225A  000005  00225F      44B4       0  CODE        2
                text98                         00225F  000005  002264      44BE       0  CODE        2
                text92                         002264  000005  002269      44C8       0  CODE        2
                text91                         002269  000005  00226E      44D2       0  CODE        2
                text90                         00226E  000005  002273      44DC       0  CODE        2
                text89                         002273  000005  002278      44E6       0  CODE        2
                text88                         002278  000005  00227D      44F0       0  CODE        2
                text87                         00227D  000005  002282      44FA       0  CODE        2
                text86                         002282  000005  002287      4504       0  CODE        2
                text85                         002287  000005  00228C      450E       0  CODE        2
                text12                         00228C  000005  002291      4518       0  CODE        2
                text11                         002291  000005  002296      4522       0  CODE        2
                text10                         002296  000005  00229B      452C       0  CODE        2
                text9                          00229B  000005  0022A0      4536       0  CODE        2
                text101                        0022A0  000006  0022A6      4540       0  CODE        2
                text75                         0022A6  000006  0022AC      454C       0  CODE        2
                text74                         0022AC  000006  0022B2      4558       0  CODE        2
                clrtext                        0022B2  000006  0022B8      4564       0  CODE        2
                inittext                       0022B8  000006  0022BE      4570       0  CODE        2
                text93                         0022BE  000007  0022C5      457C       0  CODE        2
                text41                         0022C5  000007  0022CC      458A       0  CODE        2
                text96                         0022CC  000008  0022D4      4598       0  CODE        2
                text68                         0022D4  000008  0022DC      45A8       0  CODE        2
                text97                         0022DC  000009  0022E5      45B8       0  CODE        2
                text67                         0022E5  000009  0022EE      45CA       0  CODE        2
                text66                         0022EE  000009  0022F7      45DC       0  CODE        2
                text65                         0022F7  000009  002300      45EE       0  CODE        2
                text64                         002300  000009  002309      4600       0  CODE        2
                text63                         002309  000009  002312      4612       0  CODE        2
                text55                         002312  000009  00231B      4624       0  CODE        2
                text78                         00231B  00000B  002326      4636       0  CODE        2
                text76                         002326  00000C  002332      464C       0  CODE        2
                text61                         002332  00000C  00233E      4664       0  CODE        2
                text114                        00233E  00000D  00234B      467C       0  CODE        2
                text56                         00234B  00000D  002358      4696       0  CODE        2
                text48                         002358  00000D  002365      46B0       0  CODE        2
                text47                         002365  00000D  002372      46CA       0  CODE        2
                text46                         002372  00000D  00237F      46E4       0  CODE        2
                text24                         00237F  00000D  00238C      46FE       0  CODE        2
                text23                         00238C  00000D  002399      4718       0  CODE        2
                text22                         002399  00000D  0023A6      4732       0  CODE        2
                text21                         0023A6  00000D  0023B3      474C       0  CODE        2
                text2                          0023B3  00000D  0023C0      4766       0  CODE        2
                text77                         0023C0  00000F  0023CF      4780       0  CODE        2
                text7                          0023CF  00000F  0023DE      479E       0  CODE        2
                text116                        0023DE  000010  0023EE      47BC       0  CODE        2
                text73                         0023EE  000010  0023FE      47DC       0  CODE        2
                text58                         0023FE  000010  00240E      47FC       0  CODE        2
                text113                        00240E  000011  00241F      481C       0  CODE        2
                text112                        00241F  000011  002430      483E       0  CODE        2
                text111                        002430  000011  002441      4860       0  CODE        2
                text110                        002441  000011  002452      4882       0  CODE        2
                idataBANK3                     002452  000014  002466      48A4       0  CODE        2
                text72                         002466  000015  00247B      48CC       0  CODE        2
                text33                         00247B  000016  002491      48F6       0  CODE        2
                text109                        002491  000018  0024A9      4922       0  CODE        2
                text71                         0024A9  000018  0024C1      4952       0  CODE        2
                text70                         0024C1  000018  0024D9      4982       0  CODE        2
                text53                         0024D9  000019  0024F2      49B2       0  CODE        2
                text38                         0024F2  00001A  00250C      49E4       0  CODE        2
                text124                        00250C  00001B  002527      4A18       0  CODE        2
                text28                         002527  00001B  002542      4A4E       0  CODE        2
                text27                         002542  00001B  00255D      4A84       0  CODE        2
                text43                         00255D  00001C  002579      4ABA       0  CODE        2
                text60                         002579  00001F  002598      4AF2       0  CODE        2
                text57                         002598  00001F  0025B7      4B30       0  CODE        2
                text79                         0025B7  000021  0025D8      4B6E       0  CODE        2
                text4                          0025D8  000021  0025F9      4BB0       0  CODE        2
                text119                        0025F9  000022  00261B      4BF2       0  CODE        2
                text18                         00261B  000023  00263E      4C36       0  CODE        2
                text17                         00263E  000023  002661      4C7C       0  CODE        2
                text16                         002661  000023  002684      4CC2       0  CODE        2
                text5                          002684  000026  0026AA      4D08       0  CODE        2
                text32                         0026AA  000027  0026D1      4D54       0  CODE        2
                idataBANK4                     0026D1  000028  0026F9      4DA2       0  CODE        2
                text39                         0026F9  000029  002722      4DF2       0  CODE        2
                text115                        002722  00002A  00274C      4E44       0  CODE        2
                text50                         00274C  00002C  002778      4E98       0  CODE        2
                text84                         002778  00002D  0027A5      4EF0       0  CODE        2
                text42                         0027A5  00002D  0027D2      4F4A       0  CODE        2
                text82                         0027D2  00002E  002800      4FA4       0  CODE        2
                stringtext2                    002800  00070D  002F0D      5000       0  STRCODE     2


UNUSED ADDRESS RANGES

        Name                Unused          Largest block    Delta
        BANK0            000006D-000006F                 3           1
        BANK1            00000EF-00000EF                 1           1
        BANK10           0000520-000056F                50           1
        BANK11           00005A0-00005EF                50           1
        BANK12           0000620-000064F                30           1
        BANK2            000016F-000016F                 1           1
        BANK3            00001E1-00001EF                 F           1
        BANK4            0000268-000026F                 8           1
        BANK5            00002A0-00002EF                50           1
        BANK6            0000320-000036F                50           1
        BANK7            00003A0-00003EF                50           1
        BANK8            0000420-000046F                50           1
        BANK9            00004A0-00004EF                50           1
        BIGRAM           0002000-00023EF               3F0           1
        CODE             000204A-000222F               1E6           2
                         0002F0D-0003FFF               800
        CONST            000204A-000222F               100           2
                         0002F0D-0003FFF               100
        EEDATA           000F000-000F0FF               100           2
        ENTRY            000204A-000222F               100           2
                         0002F0D-0003FFF               100
        RAM              000006D-000006F                 3           1
                         00000EF-00000EF                 1
                         000016F-000016F                 1
                         00001E1-00001EF                 F
                         0000268-000026F                 8
                         00002A0-00002EF                50
                         0000320-000036F                50
                         00003A0-00003EF                50
                         0000420-000046F                50
                         00004A0-00004EF                50
                         0000520-000056F                50
                         00005A0-00005EF                50
                         0000620-000064F                30
        SFR0             0000000-000001F                20           1
        SFR1             0000080-000009F                20           1
        SFR10            0000500-000051F                20           1
        SFR11            0000580-000059F                20           1
        SFR12            0000600-000061F                20           1
        SFR13            0000680-00006EF                70           1
        SFR14            0000700-000076F                70           1
        SFR15            0000780-00007EF                70           1
        SFR16            0000800-000086F                70           1
        SFR17            0000880-00008EF                70           1
        SFR18            0000900-000096F                70           1
        SFR19            0000980-00009EF                70           1
        SFR2             0000100-000011F                20           1
        SFR20            0000A00-0000A6F                70           1
        SFR21            0000A80-0000AEF                70           1
        SFR22            0000B00-0000B6F                70           1
        SFR23            0000B80-0000BEF                70           1
        SFR24            0000C00-0000C6F                70           1
        SFR25            0000C80-0000CEF                70           1
        SFR26            0000D00-0000D6F                70           1
        SFR27            0000D80-0000DEF                70           1
        SFR28            0000E00-0000E6F                70           1
        SFR29            0000E80-0000EEF                70           1
        SFR3             0000180-000019F                20           1
        SFR30            0000F00-0000F6F                70           1
        SFR31            0000F80-0000FEF                70           1
        SFR4             0000200-000021F                20           1
        SFR5             0000280-000029F                20           1
        SFR6             0000300-000031F                20           1
        SFR7             0000380-000039F                20           1
        SFR8             0000400-000041F                20           1
        SFR9             0000480-000049F                20           1
        STACK            0002188-00023EF               268           1
        STRCODE          000204A-000222F               1E6           2
                         0002F0D-0003FFF              10F3
        STRING           000204A-000222F               100           2
                         0002F0D-0003FFF               100

                                  Symbol Table

?_ADC_GetConversion                            cstackBANK0      0000023
?___aodiv                                      cstackBANK0      0000023
?___aomod                                      cstackBANK0      0000023
?_abs                                          cstackBANK0      0000036
?_dtoa                                         cstackBANK0      000003F
?_pad                                          cstackBANK0      0000036
?_printf                                       cstackBANK1      00000AD
?_sprintf                                      cstackBANK1      00000AD
?_strcat                                       cstackBANK0      0000033
?_strlen                                       cstackBANK0      0000023
?_vfpfcnvrt                                    cstackBANK0      000005D
?_vfprintf                                     cstackBANK0      0000064
ADC_GetConversion@channel                      cstackBANK0      0000026
EUSART_Read@readValue                          cstackBANK0      0000024
EUSART_SetErrorHandler@interruptHandler        cstackBANK0      0000023
EUSART_SetFramingErrorHandler@interruptHandler cstackBANK0      0000023
EUSART_SetOverrunErrorHandler@interruptHandler cstackBANK0      0000023
EUSART_SetRxInterruptHandler@interruptHandler  cstackBANK0      0000023
EUSART_SetTxInterruptHandler@interruptHandler  cstackBANK0      0000023
EUSART_Write@txData                            cstackBANK0      0000024
I2C_CallbackReturnReset@funPtr                 cstackCOMMON     0000079
I2C_MasterSendTxData@data                      cstackCOMMON     0000070
I2C_Master_Write@data                          cstackBANK0      0000023
I2C_SetBuffer@buffer                           cstackCOMMON     0000073
I2C_SetBuffer@bufferSize                       cstackCOMMON     0000070
I2C_SetCallback@cb                             cstackCOMMON     0000070
I2C_SetCallback@idx                            cstackCOMMON     0000074
I2C_SetCallback@ptr                            cstackCOMMON     0000072
I2C_SetDataCompleteCallback@cb                 cstackCOMMON     0000075
I2C_SetDataCompleteCallback@ptr                cstackCOMMON     0000077
IO_Expander_Write@Data                         cstackBANK0      0000024
LCD_CMD@CMD                                    cstackBANK0      0000028
LCD_Init@I2C_Add                               cstackBANK0      000002B
LCD_Set_Cursor@COL                             cstackBANK0      0000029
LCD_Set_Cursor@ROW                             cstackBANK0      000002C
LCD_Write_4Bit@Nibble                          cstackBANK0      0000026
LCD_Write_Char@Data                            cstackBANK0      0000028
LCD_Write_String@Str                           cstackBANK0      0000029
LCD_Write_String@i                             cstackBANK0      000002C
_ACKDT                                         (abs)            00010B5
_ACKEN                                         (abs)            00010B4
_ACKSTAT                                       (abs)            00010B6
_ADCON0                                        (abs)            000009D
_ADCON0bits                                    (abs)            000009D
_ADCON1                                        (abs)            000009E
_ADC_GetConversion                             text79           00025B7
_ADC_Initialize                                text68           00022D4
_ADRESH                                        (abs)            000009C
_ADRESL                                        (abs)            000009B
_ANSELA                                        (abs)            000018C
_ANSELB                                        (abs)            000018D
_ANSELD                                        (abs)            000018F
_ANSELE                                        (abs)            0000190
_APFCON                                        (abs)            000011D
_BAUDCON                                       (abs)            000019F
_BORCON                                        (abs)            0000116
_BackLight_State                               dataBANK1        00000EE
_EEADRH                                        (abs)            0000192
_EEADRL                                        (abs)            0000191
_EECON1bits                                    (abs)            0000195
_EECON2                                        (abs)            0000196
_EEDATH                                        (abs)            0000194
_EEDATL                                        (abs)            0000193
_EUSART_DefaultErrorHandler                    text123          0002242
_EUSART_DefaultFramingErrorHandler             text122          0002230
_EUSART_DefaultOverrunErrorHandler             text121          0002246
_EUSART_ErrorHandler                           bssBANK2         0000165
_EUSART_FramingErrorHandler                    bssBANK2         0000169
_EUSART_Initialize                             text62           00019DD
_EUSART_OverrunErrorHandler                    bssBANK2         0000167
_EUSART_Read                                   text29           0001875
_EUSART_Receive_ISR                            text120          0001910
_EUSART_RxDataHandler                          text124          000250C
_EUSART_RxDefaultInterruptHandler              bssBANK2         000016B
_EUSART_SetErrorHandler                        text67           00022E5
_EUSART_SetFramingErrorHandler                 text66           00022EE
_EUSART_SetOverrunErrorHandler                 text65           00022F7
_EUSART_SetRxInterruptHandler                  text64           0002300
_EUSART_SetTxInterruptHandler                  text63           0002309
_EUSART_Transmit_ISR                           text119          00025F9
_EUSART_TxDefaultInterruptHandler              bssBANK1         00000E5
_EUSART_Write                                  text42           00027A5
_GIE                                           (abs)            000005F
_I2C_CallbackReturnReset                       text107          0000002
_I2C_CallbackReturnStop                        text108          0002231
_I2C_DO_ADDRESS_NACK                           text84           0002778
_I2C_DO_IDLE                                   text98           000225F
_I2C_DO_RCEN                                   text93           00022BE
_I2C_DO_RESET                                  text85           0002287
_I2C_DO_RX                                     text94           0001951
_I2C_DO_RX_ACK                                 text88           0002278
_I2C_DO_RX_NACK_RESTART                        text86           0002282
_I2C_DO_RX_NACK_STOP                           text87           000227D
_I2C_DO_SEND_ADR_READ                          text97           00022DC
_I2C_DO_SEND_ADR_WRITE                         text96           00022CC
_I2C_DO_SEND_RESTART                           text90           000226E
_I2C_DO_SEND_RESTART_READ                      text92           0002264
_I2C_DO_SEND_RESTART_WRITE                     text91           0002269
_I2C_DO_SEND_STOP                              text89           0002273
_I2C_DO_TX                                     text95           0001B5A
_I2C_DO_TX_EMPTY                               text99           0001817
_I2C_MasterClearIrq                            text83           0000800
_I2C_MasterEnableRestart                       text118          0002233
_I2C_MasterFsm                                 text82           00027D2
_I2C_MasterGetRxData                           text104          000223C
_I2C_MasterIsNack                              text101          00022A0
_I2C_MasterIsr                                 text81           0002252
_I2C_MasterSendAck                             text103          000224E
_I2C_MasterSendNack                            text105          000224A
_I2C_MasterSendTxData                          text102          000225A
_I2C_MasterSetIrq                              text100          000223F
_I2C_MasterStartRx                             text106          0002239
_I2C_MasterStop                                text117          0002236
_I2C_Master_Init                               text78           000231B
_I2C_Master_Start                              text75           00022A6
_I2C_Master_Stop                               text74           00022AC
_I2C_Master_Wait                               text76           0002326
_I2C_Master_Write                              text73           00023EE
_I2C_SetBuffer                                 text116          00023DE
_I2C_SetCallback                               text115          0002722
_I2C_SetDataCompleteCallback                   text114          000233E
_I2C_Slave_Init                                text77           00023C0
_I2C_Status                                    bssBANK3         00001A0
[...]
attenteAquittement@reception                   cstackBANK1      00000B6
attenteAquittement@repOperateur                cstackBANK1      00000B7
attenteAquittement@testAct                     cstackBANK1      00000B2
attenteDemarrage3@autom                        cstackBANK1      00000C2
attenteDemarrage3@prog                         cstackBANK1      00000B6
attenteDemarrage3@reception                    cstackBANK1      00000BB
attenteDemarrage3@repOperateur                 cstackBANK1      00000C1
attenteDemarrage3@repSlave                     cstackBANK1      00000C0
attenteDemarrage3@responseSlave                cstackBANK1      00000BC
attenteDemarrage3@responseSlave_2073           cstackBANK1      00000BD
attenteDemarrage3@responseSlave_2076           cstackBANK1      00000BE
attenteDemarrage3@responseSlave_2079           cstackBANK1      00000BF
attenteDemarrage3@slaveIsWaiting               cstackBANK1      00000B8
attenteDemarrage3@testAct                      cstackBANK1      00000B5
attenteDemarrage3@testSlaveActive              cstackBANK1      00000B7
btemp                                          (abs)            000007E
clear_ram0                                     clrtext          00022B2
displayManager@s1                              cstackBANK0      000002E
displayManager@s2                              cstackBANK0      0000030
displayManager@s3                              cstackBANK0      0000032
displayManager@s4                              cstackBANK0      0000034
dtoa@d                                         cstackBANK0      000003F
dtoa@fp                                        cstackBANK0      000004A
dtoa@i                                         cstackBANK0      000005B
dtoa@n                                         cstackBANK0      0000053
dtoa@p                                         cstackBANK0      000004D
dtoa@s                                         cstackBANK0      0000051
dtoa@w                                         cstackBANK0      000004F
end_of_initialization                          cinit            000008E
errorAlert@i                                   cstackBANK0      000002A
errorAlert@j                                   cstackBANK0      0000028
fputc@c                                        cstackBANK0      0000026
fputc@fp                                       cstackBANK0      0000028
fputs@c                                        cstackBANK0      0000032
fputs@fp                                       cstackBANK0      000002E
fputs@i                                        cstackBANK0      0000033
fputs@s                                        cstackBANK0      0000035
getRS232@reception                             cstackBANK0      0000026
getSlaveStatus@code                            cstackBANK0      0000024
getSlaveStatus@slaveResponse                   cstackBANK0      0000025
init_ram                                       inittext         00022B8
initialConditions@autom                        cstackBANK1      00000B4
initialConditions@prog                         cstackBANK1      00000B6
initialConditions@testAct                      cstackBANK1      00000B0
initialConditions@testVoy                      cstackBANK1      00000B2
int$flags                                      (abs)            000007E
intlevel0                                      functab          0000000
intlevel1                                      functab          0000000
intlevel2                                      functab          0000000
intlevel3                                      functab          0000000
intlevel4                                      functab          0000000
intlevel5                                      functab          0000000
ledConforme@active                             cstackBANK0      0000023
ledNonConforme@active                          cstackBANK0      0000023
ledProgession@active                           cstackBANK0      0000023
main@automatique                               cstackBANK2      0000159
main@buffer                                    cstackBANK2      0000145
main@buffer_1712                               cstackBANK2      0000147
main@lectureAN1                                cstackBANK2      0000151
main@master                                    cstackBANK2      0000149
main@orderFormWin                              cstackBANK2      0000156
main@pap                                       cstackBANK2      000014F
main@programmation                             cstackBANK2      0000158
main@slaveInTest                               cstackBANK2      0000154
main@slaveSummary                              cstackBANK2      0000155
main@slaveWaiting                              cstackBANK2      0000153
main@slectureAN1                               cstackBANK2      000014A
main@testActif                                 cstackBANK2      000015A
main@testLeds                                  cstackBANK2      0000150
main@testVoyants                               cstackBANK2      0000157
okAlert@i                                      cstackBANK1      00000B1
pad@buf                                        cstackBANK0      0000036
pad@fp                                         cstackBANK0      000003E
pad@i                                          cstackBANK0      000003A
pad@p                                          cstackBANK0      0000037
pad@w                                          cstackBANK0      000003C
pnum$maintext                                  (abs)            000008A
pnum$maintext_split_1                          (abs)            0000109
pnum$maintext_split_2                          (abs)            000010A
pnum$maintext_split_3                          (abs)            000010B
pressBP1@active                                cstackBANK0      0000023
pressBP2@active                                cstackBANK0      0000023
printf@ap                                      cstackBANK1      00000AF
printf@fmt                                     cstackBANK1      00000AD
processActionForSlave@autom                    cstackBANK1      00000B8
processActionForSlave@echo_2183                cstackBANK1      00000B7
processActionForSlave@ordreFromWin             cstackBANK1      00000B3
processActionForSlave@prog                     cstackBANK1      00000B1
processActionForSlave@responseSlave            cstackBANK1      00000B6
processActionForSlave@testAct                  cstackBANK1      00000B0
processActionForSlave@testSlaveActive          cstackBANK1      00000B2
processSlaveResponse@repSlave                  cstackBANK1      00000B4
processSlaveResponse@slaveIsWaiting            cstackBANK1      00000B0
psplit$0                                       (abs)            08A0109
psplit$1                                       (abs)            109010A
psplit$2                                       (abs)            10A010B
putch@txData                                   cstackBANK0      0000025
rd1RegCompleteHandler@ptr                      cstackCOMMON     0000079
rd2RegCompleteHandler@ptr                      cstackCOMMON     0000079
rdBlkRegCompleteHandler@ptr                    cstackCOMMON     0000079
reponseOperateur@automatique                   cstackBANK0      0000028
reponseOperateur@reception                     cstackBANK0      0000027
reponseOperateur@repOperateur                  cstackBANK0      000002A
reponseOperateur@reponse                       cstackBANK0      0000029
reset_vec                                      reset_vec        0000000
setHorloge@active                              cstackBANK0      0000023
setP1@active                                   cstackBANK0      0000023
setP2@active                                   cstackBANK0      0000023
sortieErreur@autom                             cstackBANK1      00000B8
sortieErreur@prog                              cstackBANK1      00000BE
sortieErreur@testAct                           cstackBANK1      00000BA
sortieErreur@testVoy                           cstackBANK1      00000BC
sprintf@ap                                     cstackBANK1      00000B3
sprintf@f                                      cstackBANK1      00000B5
sprintf@fmt                                    cstackBANK1      00000AD
sprintf@ret                                    cstackBANK1      00000B1
sprintf@s                                      cstackBANK1      00000B4
start                                          init             000004A
startAlert@i                                   cstackBANK0      0000028
start_initialization                           cinit            000004C
strcat@dest                                    cstackBANK0      0000033
strcat@src                                     cstackBANK0      0000035
strcpy@d                                       cstackBANK0      0000031
strcpy@dest                                    cstackBANK0      0000027
strcpy@s                                       cstackBANK0      000002F
strcpy@src                                     cstackBANK0      0000029
strlen@a                                       cstackBANK0      0000025
strlen@s                                       cstackBANK0      0000023
testNOK@active                                 cstackBANK0      0000024
testNOK@result                                 cstackBANK0      0000023
testOK@active                                  cstackBANK0      0000024
testOK@result                                  cstackBANK0      0000023
testR1@active                                  cstackBANK0      0000024
testR1@result                                  cstackBANK0      0000023
testR2@active                                  cstackBANK0      0000024
testR2@result                                  cstackBANK0      0000023
testR3@active                                  cstackBANK0      0000024
testR3@result                                  cstackBANK0      0000023
vfpfcnvrt@ap                                   cstackBANK0      000005E
vfpfcnvrt@fmt                                  cstackBANK0      000005D
vfpfcnvrt@fp                                   cstackBANK1      00000A9
vfpfcnvrt@ll                                   cstackBANK1      00000A0
vfpfcnvrt@vp                                   cstackBANK1      00000A8
vfprintf@ap                                    cstackBANK0      0000066
vfprintf@cfmt                                  cstackBANK1      00000AB
vfprintf@fmt                                   cstackBANK0      0000064
vfprintf@fp                                    cstackBANK1      00000AA
wr1RegCompleteHandler@ptr                      cstackCOMMON     0000079
wr2RegCompleteHandler@ptr                      cstackCOMMON     0000079
wtemp0                                         (abs)            000007E


MODULE INFORMATION

Module		Function		Class		Link	Load	Size
C:\Program Files\Microchip\xc8\v2.32\pic\sources\c99\common\nf_sprintf.c
		_sprintf       		CODE           	18D8	0000	56

C:\Program Files\Microchip\xc8\v2.32\pic\sources\c99\common\nf_sprintf.c estimated size: 56

C:\Program Files\Microchip\xc8\v2.32\pic\sources\c99\common\doprnt.c
		_vfpfcnvrt     		CODE           	119C	0000	290
		_pad           		CODE           	1C08	0000	92
		_dtoa          		CODE           	1410	0000	368
		_vfprintf      		CODE           	18A4	0000	52

C:\Program Files\Microchip\xc8\v2.32\pic\sources\c99\common\doprnt.c estimated size: 802

mcc_generated_files/interrupt_manager.c
		_INTERRUPT_InterruptManager		CODE           	0004	0000	70

mcc_generated_files/interrupt_manager.c estimated size: 70

mcc_generated_files/examples/i2c_master_example.c
		_wr1RegCompleteHandler		CODE           	2441	0000	17
		_wr2RegCompleteHandler		CODE           	240E	0000	17
		_rdBlkRegCompleteHandler		CODE           	2491	0000	24
		_rd1RegCompleteHandler		CODE           	241F	0000	17
		_rd2RegCompleteHandler		CODE           	2430	0000	17

mcc_generated_files/examples/i2c_master_example.c estimated size: 92

mcc_generated_files/pin_manager.c
		_PIN_MANAGER_Initialize		CODE           	2579	0000	31

mcc_generated_files/pin_manager.c estimated size: 31

C:\Program Files\Microchip\xc8\v2.32\pic\sources\c99\common\nf_fputs.c
		_fputs         		CODE           	26F9	0000	41

C:\Program Files\Microchip\xc8\v2.32\pic\sources\c99\common\nf_fputs.c estimated size: 41

mcc_generated_files/adc.c
		_ADC_Initialize		CODE           	22D4	0000	8
		_ADC_GetConversion		CODE           	25B7	0000	33

mcc_generated_files/adc.c estimated size: 41

I2C-tester.c
		_sendACQToSlave		CODE           	228C	0000	5
		_sendOKToSlave 		CODE           	2296	0000	5
		_getSlaveSummary		CODE           	07FB	0000	5
		_sendNOKToSlave		CODE           	2291	0000	5
		_startTestSlave		CODE           	229B	0000	5
		_getSlaveStatus		CODE           	1997	0000	70

I2C-tester.c estimated size: 95

C:\Program Files\Microchip\xc8\v2.32\pic\sources\c99\common\abs.c
		_abs           		CODE           	255D	0000	28

C:\Program Files\Microchip\xc8\v2.32\pic\sources\c99\common\abs.c estimated size: 28

C:\Program Files\Microchip\xc8\v2.32\pic\sources\c99\common\aomod.c
		___aomod       		CODE           	1E0E	0000	237

C:\Program Files\Microchip\xc8\v2.32\pic\sources\c99\common\aomod.c estimated size: 237

shared
		__initialization		CODE           	004C	0000	66
		_i2c_fsmStateTable		STRCODE        	2000	0000	32

shared estimated size: 98

I2C_LCD.c
		_LCD_Init      		CODE           	1CED	0000	140
		_LCD_Write_4Bit		CODE           	24A9	0000	24
		_LCD_Write_Char		CODE           	24D9	0000	25
		_LCD_CMD       		CODE           	24C1	0000	24
		_I2C_Master_Wait		CODE           	2326	0000	12
		_I2C_Master_Init		CODE           	231B	0000	11
		_I2C_Master_Stop		CODE           	22AC	0000	6
		_I2C_Slave_Init		CODE           	23C0	0000	15
		_LCD_Set_Cursor		CODE           	1846	0000	47
		_LCD_Clear     		CODE           	2312	0000	9
		_IO_Expander_Write		CODE           	2466	0000	21
		_I2C_Master_Write		CODE           	23EE	0000	16
		_I2C_Master_Start		CODE           	22A6	0000	6
		_LCD_Write_String		CODE           	1001	0000	31

I2C_LCD.c estimated size: 387

mcc_generated_files/mcc.c
		_WDT_Initialize		CODE           	2256	0000	4
		_OSCILLATOR_Initialize		CODE           	2332	0000	12
		_SYSTEM_Initialize		CODE           	23FE	0000	16

mcc_generated_files/mcc.c estimated size: 32

display.c
		_displayManager		CODE           	1AB7	0000	81

display.c estimated size: 81

C:\Program Files\Microchip\xc8\v2.32\pic\sources\c99\common\strcat.c
		_strcat        		CODE           	1800	0000	23

C:\Program Files\Microchip\xc8\v2.32\pic\sources\c99\common\strcat.c estimated size: 23

mcc_generated_files/i2c_master.c
		_I2C_MasterStartRx		CODE           	2239	0000	3
		_I2C_DO_SEND_ADR_WRITE		CODE           	22CC	0000	8
		_I2C_DO_SEND_STOP		CODE           	2273	0000	5
		_I2C_MasterSendNack		CODE           	224A	0000	4
		_I2C_CallbackReturnStop		CODE           	2231	0000	2
		_I2C_DO_SEND_ADR_READ		CODE           	22DC	0000	9
		_I2C_DO_RX_NACK_STOP		CODE           	227D	0000	5
		_I2C_DO_SEND_RESTART		CODE           	226E	0000	5
		_I2C_DO_RX     		CODE           	1951	0000	70
		_I2C_DO_TX     		CODE           	1B5A	0000	87
		_I2C_DO_IDLE   		CODE           	225F	0000	5
		_I2C_DO_RCEN   		CODE           	22BE	0000	7
		_I2C_DO_RESET  		CODE           	2287	0000	5
		_I2C_DO_RX_ACK 		CODE           	2278	0000	5
		_I2C_MasterClearIrq		CODE           	0800	0000	3
		_I2C_MasterGetRxData		CODE           	223C	0000	3
		_I2C_SetCallback		CODE           	2722	0000	42
		_I2C_DO_ADDRESS_NACK		CODE           	2778	0000	45
		_I2C_MasterEnableRestart		CODE           	2233	0000	3
		_I2C_CallbackReturnReset		CODE           	0002	0000	2
		_I2C_DO_TX_EMPTY		CODE           	1817	0000	47
		_I2C_DO_SEND_RESTART_WRITE		CODE           	2269	0000	5
		_I2C_MasterIsNack		CODE           	22A0	0000	6
		_I2C_SetDataCompleteCallback		CODE           	233E	0000	13
		_I2C_DO_RX_NACK_RESTART		CODE           	2282	0000	5
		_I2C_MasterSendAck		CODE           	224E	0000	4
		_I2C_MasterFsm 		CODE           	27D2	0000	46
		_I2C_MasterIsr 		CODE           	2252	0000	4
		_I2C_MasterSetIrq		CODE           	223F	0000	3
		_I2C_DO_SEND_RESTART_READ		CODE           	2264	0000	5
		_I2C_SetBuffer 		CODE           	23DE	0000	16
		_I2C_MasterSendTxData		CODE           	225A	0000	5
		_I2C_MasterStop		CODE           	2236	0000	3

mcc_generated_files/i2c_master.c estimated size: 480

mcc_generated_files/eusart.c
		_EUSART_SetRxInterruptHandler		CODE           	2300	0000	9
		_EUSART_SetTxInterruptHandler		CODE           	2309	0000	9
		_putch         		CODE           	22C5	0000	7
		_EUSART_Read   		CODE           	1875	0000	47
		_EUSART_DefaultOverrunErrorHandler		CODE           	2246	0000	4
		_EUSART_Write  		CODE           	27A5	0000	45
		_EUSART_DefaultErrorHandler		CODE           	2242	0000	4
		_EUSART_Transmit_ISR		CODE           	25F9	0000	34
		_EUSART_Initialize		CODE           	19DD	0000	72
		_EUSART_SetFramingErrorHandler		CODE           	22EE	0000	9
		_EUSART_SetErrorHandler		CODE           	22E5	0000	9
		_EUSART_SetOverrunErrorHandler		CODE           	22F7	0000	9
		_EUSART_Receive_ISR		CODE           	1910	0000	65
		_EUSART_RxDataHandler		CODE           	250C	0000	27
		_EUSART_DefaultFramingErrorHandler		CODE           	2230	0000	1

mcc_generated_files/eusart.c estimated size: 351

C:\Program Files\Microchip\xc8\v2.32\pic\sources\c99\common\printf.c
		_printf        		CODE           	247B	0000	22

C:\Program Files\Microchip\xc8\v2.32\pic\sources\c99\common\printf.c estimated size: 22

C:\Program Files\Microchip\xc8\v2.32\pic\sources\c99\common\nf_fputc.c
		_fputc         		CODE           	1B08	0000	82

C:\Program Files\Microchip\xc8\v2.32\pic\sources\c99\common\nf_fputc.c estimated size: 82

tester.c
		_okAlert       		CODE           	25D8	0000	33
		_testR3        		CODE           	2661	0000	35
		_processActionForSlave		CODE           	0803	0000	124
		_alerteDefaut  		CODE           	1C64	0000	137
		_initialConditions		CODE           	1A6D	0000	74
		_attenteDemarrage3		CODE           	1580	0000	640
		_setHorloge    		CODE           	23B3	0000	13
		_errorAlert    		CODE           	1A25	0000	72
		_alimenter     		CODE           	234B	0000	13
		_testR1        		CODE           	261B	0000	35
		_ledProgession 		CODE           	2372	0000	13
		_attenteAquittement		CODE           	1020	0000	103
		_startAlert    		CODE           	2684	0000	38
		_processSlaveResponse		CODE           	061D	0000	478
		_pressBP1      		CODE           	237F	0000	13
		_pressBP2      		CODE           	238C	0000	13
		_testNOK       		CODE           	2527	0000	27
		_ledConforme   		CODE           	2358	0000	13
		_alerteDefautEtape16		CODE           	12BE	0000	338
		_testR2        		CODE           	263E	0000	35
		_ledNonConforme		CODE           	2365	0000	13
		_setP1         		CODE           	2399	0000	13
		_testOK        		CODE           	2542	0000	27
		_activerTouche 		CODE           	2598	0000	31
		_activerBuzzer 		CODE           	274C	0000	44
		_sortieErreur  		CODE           	1BB1	0000	87
		_setP2         		CODE           	23A6	0000	13
		_getRS232      		CODE           	23CF	0000	15
		_reponseOperateur		CODE           	1D79	0000	149

tester.c estimated size: 2639

C:\Program Files\Microchip\xc8\v2.32\pic\sources\c99\common\aodiv.c
		___aodiv       		CODE           	1EFB	0000	261

C:\Program Files\Microchip\xc8\v2.32\pic\sources\c99\common\aodiv.c estimated size: 261

main.c
		_main          		CODE           	0398	0000	3617

main.c estimated size: 3617

C:\Program Files\Microchip\xc8\v2.32\pic\sources\c99\common\strlen.c
		_strlen        		CODE           	24F2	0000	26

C:\Program Files\Microchip\xc8\v2.32\pic\sources\c99\common\strlen.c estimated size: 26

C:\Program Files\Microchip\xc8\v2.32\pic\sources\c99\common\strcpy.c
		_strcpy        		CODE           	26AA	0000	39

C:\Program Files\Microchip\xc8\v2.32\pic\sources\c99\common\strcpy.c estimated size: 39

