Microchip MPLAB XC8 Compiler V2.32

Linker command line:

-W-3 --edf=C:\Program Files\Microchip\xc8\v2.32\pic\dat\en_msgs.txt -cn \
  -h+dist/default/production\galeoTester1.X.production.sym \
  --cmf=dist/default/production\galeoTester1.X.production.cmf -z -Q16LF1939 \
  -oC:\Users\Michel\AppData\Local\Temp\xcAss80.4 --defsym=__MPLAB_BUILD=1 \
  -Mdist/default/production/galeoTester1.X.production.map -E1 \
  -ver=XC8 Compiler --acfsm=1493 -ASTACK=02184h-023EFh -pstack=STACK \
  -ACODE=00h-07FFhx8 -ASTRCODE=00h-03FFFh -ASTRING=00h-0FFhx64 \
  -ACONST=00h-0FFhx64 -AENTRY=00h-0FFhx64 -ACOMMON=070h-07Fh \
  -ABANK0=020h-06Fh -ABANK1=0A0h-0EFh -ABANK2=0120h-016Fh \
  -ABANK3=01A0h-01EFh -ABANK4=0220h-026Fh -ABANK5=02A0h-02EFh \
  -ABANK6=0320h-036Fh -ABANK7=03A0h-03EFh -ABANK8=0420h-046Fh \
  -ABANK9=04A0h-04EFh -ABANK10=0520h-056Fh -ABANK11=05A0h-05EFh \
  -ABANK12=0620h-064Fh -ABIGRAM=02000h-023EFh \
  -ARAM=020h-06Fh,0A0h-0EFh,0120h-016Fh,01A0h-01EFh,0220h-026Fh,02A0h-02EFh,0320h-036Fh,03A0h-03EFh,0420h-046Fh,04A0h-04EFh,0520h-056Fh,05A0h-05EFh,0620h-064Fh \
  -AABS1=020h-07Fh,0A0h-0EFh,0120h-016Fh,01A0h-01EFh,0220h-026Fh,02A0h-02EFh,0320h-036Fh,03A0h-03EFh,0420h-046Fh,04A0h-04EFh,0520h-056Fh,05A0h-05EFh,0620h-064Fh \
  -ASFR0=00h-01Fh -ASFR1=080h-09Fh -ASFR2=0100h-011Fh -ASFR3=0180h-019Fh \
  -ASFR4=0200h-021Fh -ASFR5=0280h-029Fh -ASFR6=0300h-031Fh \
  -ASFR7=0380h-039Fh -ASFR8=0400h-041Fh -ASFR9=0480h-049Fh \
  -ASFR10=0500h-051Fh -ASFR11=0580h-059Fh -ASFR12=0600h-061Fh \
  -ASFR13=0680h-06EFh -ASFR14=0700h-076Fh -ASFR15=0780h-07EFh \
  -ASFR16=0800h-086Fh -ASFR17=0880h-08EFh -ASFR18=0900h-096Fh \
  -ASFR19=0980h-09EFh -ASFR20=0A00h-0A6Fh -ASFR21=0A80h-0AEFh \
  -ASFR22=0B00h-0B6Fh -ASFR23=0B80h-0BEFh -ASFR24=0C00h-0C6Fh \
  -ASFR25=0C80h-0CEFh -ASFR26=0D00h-0D6Fh -ASFR27=0D80h-0DEFh \
  -ASFR28=0E00h-0E6Fh -ASFR29=0E80h-0EEFh -ASFR30=0F00h-0F6Fh \
  -ASFR31=0F80h-0FEFh -ACONFIG=08007h-08008h -DCONFIG=2 \
  -AIDLOC=08000h-08003h -DIDLOC=2 -AEEDATA=00h-0FFh/0F000h \
  -peeprom_data=EEDATA -DEEDATA=2 -DCODE=2 -DSTRCODE=2 -DSTRING=2 -DCONST=2 \
  -DENTRY=2 -preset_vec=00h,intentry=04h,init,end_init -ppowerup=CODE \
  -pcinit=CODE -pfunctab=ENTRY -k \
  C:\Users\Michel\AppData\Local\Temp\xcAss80.o \
  dist/default/production\galeoTester1.X.production.o 

Object code version is 3.11

Machine type is 16LF1939



                Name                               Link     Load   Length Selector   Space Scale
C:\Users\Michel\AppData\Local\Temp\xcAss80.o
                end_init                             4A       4A        2        8       0
                reset_vec                             0        0        2        0       0
                config                             8007     8007        2        0       4
                idloc                              8000     8000        4        0       5
dist/default/production\galeoTester1.X.production.o
                cinit                                4C       4C       40        8       0
                intentry                              4        4       46        8       0
                maintext_split_1                    83D      83D      7C3     107A       0
                config                             8007     8007        2        0       4
                idloc                              8000     8000        4        0       5
                text115                            1CBA     1CBA       1B     3974       0
                text114                            1A0B     1A0B        4     3416       0
                text113                            19F8     19F8        1     33F0       0
                text112                            1A0F     1A0F        4     341E       0
                text111                            1061     1061       41     20C2       0
                text110                            1E2F     1E2F       25     3C5E       0
                text109                            19FC     19FC        3     33F8       0
                text108                            19FF     19FF        3     33FE       0
                text107                            1B72     1B72       10     36E4       0
                text106                            1EF2     1EF2       2A     3DE4       0
                text105                            1AF0     1AF0        D     35E0       0
                text104                            1B92     1B92       11     3724       0
                text103                            1BA3     1BA3       11     3746       0
                text102                            1BB4     1BB4       11     3768       0
                text101                            1BC5     1BC5       11     378A       0
                text100                            1C3F     1C3F       18     387E       0
                text99                             19FA     19FA        2     33F4       0
                text98                                2        2        2        0       0
                text97                             1A02     1A02        3     3404       0
                text96                             1A13     1A13        4     3426       0
                text95                             1A05     1A05        3     340A       0
                text94                             1A17     1A17        4     342E       0
                text93                             1A23     1A23        5     3446       0
                text92                             1A55     1A55        6     34AA       0
                text91                             1A08     1A08        3     3410       0
                text90                             1FD1     1FD1       2F     3FA2       0
                text89                             1A28     1A28        5     3450       0
                text88                             1A84     1A84        9     3508       0
                text87                             1A74     1A74        8     34E8       0
                text86                             1266     1266       57     24CC       0
                text85                             10A2     10A2       46     2144       0
                text84                             1A6D     1A6D        7     34DA       0
                text83                             1A2D     1A2D        5     345A       0
                text82                             1A32     1A32        5     3464       0
                text81                             1A37     1A37        5     346E       0
                text80                             1A3C     1A3C        5     3478       0
                text79                             1A41     1A41        5     3482       0
                text78                             1A46     1A46        5     348C       0
                text77                             1A4B     1A4B        5     3496       0
                text76                             1A50     1A50        5     34A0       0
                text75                             1F48     1F48       2D     3E90       0
                text74                             1000     1000        3     107A       0
                text73                             1F75     1F75       2E     3EEA       0
                text72                             1A1B     1A1B        4     3436       0
                text70                             1D84     1D84       21     3B08       0
                text69                             1ACD     1ACD        B     359A       0
                text68                             1AD8     1AD8        C     35B0       0
                text67                             1A5B     1A5B        6     34B6       0
                text66                             1A61     1A61        6     34C2       0
                text65                             1B82     1B82       10     3704       0
                text64                             1BFD     1BFD       15     37FA       0
                text63                             1C57     1C57       18     38AE       0
                text62                             1C6F     1C6F       18     38DE       0
                text61                             1460     1460       8C     28C0       0
                text60                             1A7C     1A7C        8     34F8       0
                text59                             1A8D     1A8D        9     351A       0
                text58                             1A96     1A96        9     352C       0
                text57                             1A9F     1A9F        9     353E       0
                text56                             1AA8     1AA8        9     3550       0
                text55                             1AB1     1AB1        9     3562       0
                text54                             1130     1130       49     2260       0
                text53                             1AC3     1AC3        A     3586       0
                text52                             1AE4     1AE4        C     35C8       0
                text51                             1D27     1D27       1F     3A4E       0
                text50                             1A1F     1A1F        4     343E       0
                text49                             1BD6     1BD6       13     37AC       0
                text48                             1D46     1D46       1F     3A8C       0
                text47                             1AFD     1AFD        D     35FA       0
                text46                             1ABA     1ABA        9     3574       0
                text45                             1003     1003       2F     2006       0
                text44                             1C87     1C87       19     390E       0
                text43                             1D65     1D65       1F     3ACA       0
                text42                             11C3     11C3       51     2386       0
                text41                             1F1C     1F1C       2C     3E38       0
                text40                             10E8     10E8       48     21D0       0
                text39                             1B0A     1B0A        D     3614       0
                text38                             1B17     1B17        D     362E       0
                text37                             1B24     1B24        D     3648       0
                text36                             15D9     15D9      105     2BB2       0
                text35                             14EC     14EC       ED     29D8       0
                text34                             1D0B     1D0B       1C     3A16       0
                text33                             1FA3     1FA3       2E     3F46       0
                text32                              7F9      7F9        7        8       0
                text31                             1214     1214       52     2428       0
                text30                             1EC9     1EC9       29     3D92       0
                text29                             1CA0     1CA0       1A     3940       0
                text28                             1314     1314       5C     2628       0
                text27                              46A      46A      170        8       0
                text26                             16DE     16DE      122     2DBC       0
                text25                              806      806       37     100C       0
                text24                             1C12     1C12       16     3824       0
                text23                             1E7A     1E7A       27     3CF4       0
                text22                             1C28     1C28       17     3850       0
                text21                             13D7     13D7       89     27AE       0
                text20                             1032     1032       2F     2064       0
                text19                             1CD5     1CD5       1B     39AA       0
                text18                             1CF0     1CF0       1B     39E0       0
                text17                              72C      72C       95        8       0
                text16                             1370     1370       67     26E0       0
                text15                             1B31     1B31        D     3662       0
                text14                             1B3E     1B3E        D     367C       0
                text13                             1B4B     1B4B        D     3696       0
                text12                             1B58     1B58        D     36B0       0
                text11                             1179     1179       4A     22F2       0
                text10                             12BD     12BD       57     257A       0
                text9                              1DC6     1DC6       23     3B8C       0
                text8                              1DE9     1DE9       23     3BD2       0
                text7                              1E0C     1E0C       23     3C18       0
                text6                               5DA      5DA      152        8       0
                text5                               2B3      2B3      1B7        8       0
                text4                              1E54     1E54       26     3CA8       0
                text3                              1DA5     1DA5       21     3B4A       0
                text2                              1B65     1B65        D     36CA       0
                text1                               7C1      7C1       38        8       0
                maintext                             8C       8C      227        8       0
                cstackBANK0                          20       20       4A       20       1
                cstackCOMMON                         70       70        D       70       1
                cstackBANK1                          A0       A0       43       A0       1
                cstackBANK2                         14A      14A       21      120       1
                cstackBANK4                         254      254       10      220       1
                clrtext                            1A67     1A67        6     34CE       0
                inittext                            800      800        6        8       0
                dataBANK4                           240      240       14      220       1
                bssBANK4                            220      220       20      220       1
                dataBANK3                           1A0      1A0       28      1A0       1
                bssBANK3                            1C8      1C8       25      1A0       1
                dataBANK2                           16B      16B        1      120       1
                bssBANK2                            120      120       2A      120       1
                bssBANK1                             E3       E3        1       A0       1
                bssBANK0                             6A       6A        3       20       1
                bssCOMMON                            7D       7D        1       70       1
                stringtext86                       24CE     24CE        3     4000       0
                stringtext85                       24C6     24C6        8     4000       0
                stringtext84                       24BE     24BE        8     4000       0
                stringtext83                       24B6     24B6        8     4000       0
                stringtext82                       24AE     24AE        8     4000       0
                stringtext81                       24A6     24A6        8     4000       0
                stringtext80                       249E     249E        8     4000       0
                stringtext79                       2496     2496        8     4000       0
                stringtext78                       248E     248E        8     4000       0
                stringtext77                       2486     2486        8     4000       0
                stringtext76                       247E     247E        8     4000       0
                stringtext75                       2476     2476        8     4000       0
                stringtext74                       246E     246E        8     4000       0
                stringtext73                       2465     2465        9     4000       0
                stringtext72                       245C     245C        9     4000       0
                stringtext71                       2453     2453        9     4000       0
                stringtext70                       244A     244A        9     4000       0
                stringtext69                       2441     2441        9     4000       0
                stringtext68                       2438     2438        9     4000       0
                stringtext67                       242F     242F        9     4000       0
                stringtext66                       2426     2426        9     4000       0
                stringtext65                       241D     241D        9     4000       0
                stringtext64                       2412     2412        B     4000       0
                stringtext63                       2407     2407        B     4000       0
                stringtext62                       23FB     23FB        C     4000       0
                stringtext61                       23EF     23EF        C     4000       0
                stringtext60                       23E3     23E3        C     4000       0
                stringtext59                       23D7     23D7        C     4000       0
                stringtext58                       23CB     23CB        C     4000       0
                stringtext57                       23BF     23BF        C     4000       0
                stringtext56                       23B3     23B3        C     4000       0
                stringtext55                       23A7     23A7        C     4000       0
                stringtext54                       239B     239B        C     4000       0
                stringtext53                       238F     238F        C     4000       0
                stringtext52                       2383     2383        C     4000       0
                stringtext51                       2376     2376        D     4000       0
                stringtext50                       2369     2369        D     4000       0
                stringtext49                       235C     235C        D     4000       0
                stringtext48                       234F     234F        D     4000       0
                stringtext47                       2342     2342        D     4000       0
                stringtext46                       2335     2335        D     4000       0
                stringtext45                       2328     2328        D     4000       0
                stringtext44                       231B     231B        D     4000       0
                stringtext43                       230E     230E        D     4000       0
                stringtext42                       2301     2301        D     4000       0
                stringtext41                       22F3     22F3        E     4000       0
                stringtext40                       22E5     22E5        E     4000       0
                stringtext39                       22D7     22D7        E     4000       0
                stringtext38                       22C8     22C8        F     4000       0
                stringtext37                       22B9     22B9        F     4000       0
                stringtext36                       22AA     22AA        F     4000       0
                stringtext35                       229B     229B        F     4000       0
                stringtext34                       228C     228C        F     4000       0
                stringtext33                       227D     227D        F     4000       0
                stringtext32                       226E     226E        F     4000       0
                stringtext31                       225E     225E       10     4000       0
                stringtext30                       224E     224E       10     4000       0
                stringtext29                       223D     223D       11     4000       0
                stringtext28                       222C     222C       11     4000       0
                stringtext27                       221B     221B       11     4000       0
                stringtext26                       220A     220A       11     4000       0
                stringtext25                       21F8     21F8       12     4000       0
                stringtext24                       21E6     21E6       12     4000       0
                stringtext23                       21D4     21D4       12     4000       0
                stringtext22                       21C2     21C2       12     4000       0
                stringtext21                       21B0     21B0       12     4000       0
                stringtext20                       219E     219E       12     4000       0
                stringtext19                       218C     218C       12     4000       0
                stringtext18                       2179     2179       13     4000       0
                stringtext17                       2166     2166       13     4000       0
                stringtext16                       2152     2152       14     4000       0
                stringtext15                       213E     213E       14     4000       0
                stringtext14                       212A     212A       14     4000       0
                stringtext13                       2115     2115       15     4000       0
                stringtext12                       2100     2100       15     4000       0
                stringtext11                       20EB     20EB       15     4000       0
                stringtext10                       20D6     20D6       15     4000       0
                stringtext9                        20BE     20BE       18     4000       0
                stringtext8                        20A5     20A5       19     4000       0
                stringtext7                        208B     208B       1A     4000       0
                stringtext6                        2071     2071       1A     4000       0
                stringtext5                        2057     2057       1A     4000       0
                stringtext4                        203B     203B       1C     4000       0
                stringtext3                        201F     201F       1C     4000       0
                stringtext2                        2000     2000       1F     4000       0
                stringtext1                        1800     1800       4A     3000       0
                idataBANK4                         1BE9     1BE9       14     37D2       0
                idataBANK3                         1EA1     1EA1       28     3D42       0
                idataBANK2                         19F9     19F9        1     33F2       0

TOTAL           Name                               Link     Load   Length     Space
        CLASS   STACK          

        CLASS   CODE           
                end_init                             4A       4A        2         0
                cinit                                4C       4C       40         0
                intentry                              4        4       46         0
                reset_vec                             0        0        2         0
                maintext_split_1                    83D      83D      7C3         0
                text115                            1CBA     1CBA       1B         0
                text114                            1A0B     1A0B        4         0
                text113                            19F8     19F8        1         0
                text112                            1A0F     1A0F        4         0
                text111                            1061     1061       41         0
                text110                            1E2F     1E2F       25         0
                text109                            19FC     19FC        3         0
                text108                            19FF     19FF        3         0
                text107                            1B72     1B72       10         0
                text106                            1EF2     1EF2       2A         0
                text105                            1AF0     1AF0        D         0
                text104                            1B92     1B92       11         0
                text103                            1BA3     1BA3       11         0
                text102                            1BB4     1BB4       11         0
                text101                            1BC5     1BC5       11         0
                text100                            1C3F     1C3F       18         0
                text99                             19FA     19FA        2         0
                text98                                2        2        2         0
                text97                             1A02     1A02        3         0
                text96                             1A13     1A13        4         0
                text95                             1A05     1A05        3         0
                text94                             1A17     1A17        4         0
                text93                             1A23     1A23        5         0
                text92                             1A55     1A55        6         0
                text91                             1A08     1A08        3         0
                text90                             1FD1     1FD1       2F         0
                text89                             1A28     1A28        5         0
                text88                             1A84     1A84        9         0
                text87                             1A74     1A74        8         0
                text86                             1266     1266       57         0
                text85                             10A2     10A2       46         0
                text84                             1A6D     1A6D        7         0
                text83                             1A2D     1A2D        5         0
                text82                             1A32     1A32        5         0
                text81                             1A37     1A37        5         0
                text80                             1A3C     1A3C        5         0
                text79                             1A41     1A41        5         0
                text78                             1A46     1A46        5         0
                text77                             1A4B     1A4B        5         0
                text76                             1A50     1A50        5         0
                text75                             1F48     1F48       2D         0
                text74                             1000     1000        3         0
                text73                             1F75     1F75       2E         0
                text72                             1A1B     1A1B        4         0
                text70                             1D84     1D84       21         0
                text69                             1ACD     1ACD        B         0
                text68                             1AD8     1AD8        C         0
                text67                             1A5B     1A5B        6         0
                text66                             1A61     1A61        6         0
                text65                             1B82     1B82       10         0
                text64                             1BFD     1BFD       15         0
                text63                             1C57     1C57       18         0
                text62                             1C6F     1C6F       18         0
                text61                             1460     1460       8C         0
                text60                             1A7C     1A7C        8         0
                text59                             1A8D     1A8D        9         0
                text58                             1A96     1A96        9         0
                text57                             1A9F     1A9F        9         0
                text56                             1AA8     1AA8        9         0
                text55                             1AB1     1AB1        9         0
                text54                             1130     1130       49         0
                text53                             1AC3     1AC3        A         0
                text52                             1AE4     1AE4        C         0
                text51                             1D27     1D27       1F         0
                text50                             1A1F     1A1F        4         0
                text49                             1BD6     1BD6       13         0
                text48                             1D46     1D46       1F         0
                text47                             1AFD     1AFD        D         0
                text46                             1ABA     1ABA        9         0
                text45                             1003     1003       2F         0
                text44                             1C87     1C87       19         0
                text43                             1D65     1D65       1F         0
                text42                             11C3     11C3       51         0
                text41                             1F1C     1F1C       2C         0
                text40                             10E8     10E8       48         0
                text39                             1B0A     1B0A        D         0
                text38                             1B17     1B17        D         0
                text37                             1B24     1B24        D         0
                text36                             15D9     15D9      105         0
                text35                             14EC     14EC       ED         0
                text34                             1D0B     1D0B       1C         0
                text33                             1FA3     1FA3       2E         0
                text32                              7F9      7F9        7         0
                text31                             1214     1214       52         0
                text30                             1EC9     1EC9       29         0
                text29                             1CA0     1CA0       1A         0
                text28                             1314     1314       5C         0
                text27                              46A      46A      170         0
                text26                             16DE     16DE      122         0
                text25                              806      806       37         0
                text24                             1C12     1C12       16         0
                text23                             1E7A     1E7A       27         0
                text22                             1C28     1C28       17         0
                text21                             13D7     13D7       89         0
                text20                             1032     1032       2F         0
                text19                             1CD5     1CD5       1B         0
                text18                             1CF0     1CF0       1B         0
                text17                              72C      72C       95         0
                text16                             1370     1370       67         0
                text15                             1B31     1B31        D         0
                text14                             1B3E     1B3E        D         0
                text13                             1B4B     1B4B        D         0
                text12                             1B58     1B58        D         0
                text11                             1179     1179       4A         0
                text10                             12BD     12BD       57         0
                text9                              1DC6     1DC6       23         0
                text8                              1DE9     1DE9       23         0
                text7                              1E0C     1E0C       23         0
                text6                               5DA      5DA      152         0
                text5                               2B3      2B3      1B7         0
                text4                              1E54     1E54       26         0
                text3                              1DA5     1DA5       21         0
                text2                              1B65     1B65        D         0
                text1                               7C1      7C1       38         0
                maintext                             8C       8C      227         0
                clrtext                            1A67     1A67        6         0
                inittext                            800      800        6         0
                idataBANK4                         1BE9     1BE9       14         0
                idataBANK3                         1EA1     1EA1       28         0
                idataBANK2                         19F9     19F9        1         0

        CLASS   STRCODE        
                stringtext86                       24CE     24CE        3         0
                stringtext85                       24C6     24C6        8         0
                stringtext84                       24BE     24BE        8         0
                stringtext83                       24B6     24B6        8         0
                stringtext82                       24AE     24AE        8         0
                stringtext81                       24A6     24A6        8         0
                stringtext80                       249E     249E        8         0
                stringtext79                       2496     2496        8         0
                stringtext78                       248E     248E        8         0
                stringtext77                       2486     2486        8         0
                stringtext76                       247E     247E        8         0
                stringtext75                       2476     2476        8         0
                stringtext74                       246E     246E        8         0
                stringtext73                       2465     2465        9         0
                stringtext72                       245C     245C        9         0
                stringtext71                       2453     2453        9         0
                stringtext70                       244A     244A        9         0
                stringtext69                       2441     2441        9         0
                stringtext68                       2438     2438        9         0
                stringtext67                       242F     242F        9         0
                stringtext66                       2426     2426        9         0
                stringtext65                       241D     241D        9         0
                stringtext64                       2412     2412        B         0
                stringtext63                       2407     2407        B         0
                stringtext62                       23FB     23FB        C         0
                stringtext61                       23EF     23EF        C         0
                stringtext60                       23E3     23E3        C         0
                stringtext59                       23D7     23D7        C         0
                stringtext58                       23CB     23CB        C         0
                stringtext57                       23BF     23BF        C         0
                stringtext56                       23B3     23B3        C         0
                stringtext55                       23A7     23A7        C         0
                stringtext54                       239B     239B        C         0
                stringtext53                       238F     238F        C         0
                stringtext52                       2383     2383        C         0
                stringtext51                       2376     2376        D         0
                stringtext50                       2369     2369        D         0
                stringtext49                       235C     235C        D         0
                stringtext48                       234F     234F        D         0
                stringtext47                       2342     2342        D         0
                stringtext46                       2335     2335        D         0
                stringtext45                       2328     2328        D         0
                stringtext44                       231B     231B        D         0
                stringtext43                       230E     230E        D         0
                stringtext42                       2301     2301        D         0
                stringtext41                       22F3     22F3        E         0
                stringtext40                       22E5     22E5        E         0
                stringtext39                       22D7     22D7        E         0
                stringtext38                       22C8     22C8        F         0
                stringtext37                       22B9     22B9        F         0
                stringtext36                       22AA     22AA        F         0
                stringtext35                       229B     229B        F         0
                stringtext34                       228C     228C        F         0
                stringtext33                       227D     227D        F         0
                stringtext32                       226E     226E        F         0
                stringtext31                       225E     225E       10         0
                stringtext30                       224E     224E       10         0
                stringtext29                       223D     223D       11         0
                stringtext28                       222C     222C       11         0
                stringtext27                       221B     221B       11         0
                stringtext26                       220A     220A       11         0
                stringtext25                       21F8     21F8       12         0
                stringtext24                       21E6     21E6       12         0
                stringtext23                       21D4     21D4       12         0
                stringtext22                       21C2     21C2       12         0
                stringtext21                       21B0     21B0       12         0
                stringtext20                       219E     219E       12         0
                stringtext19                       218C     218C       12         0
                stringtext18                       2179     2179       13         0
                stringtext17                       2166     2166       13         0
                stringtext16                       2152     2152       14         0
                stringtext15                       213E     213E       14         0
                stringtext14                       212A     212A       14         0
                stringtext13                       2115     2115       15         0
                stringtext12                       2100     2100       15         0
                stringtext11                       20EB     20EB       15         0
                stringtext10                       20D6     20D6       15         0
                stringtext9                        20BE     20BE       18         0
                stringtext8                        20A5     20A5       19         0
                stringtext7                        208B     208B       1A         0
                stringtext6                        2071     2071       1A         0
                stringtext5                        2057     2057       1A         0
                stringtext4                        203B     203B       1C         0
                stringtext3                        201F     201F       1C         0
                stringtext2                        2000     2000       1F         0
                stringtext1                        1800     1800       4A         0

        CLASS   STRING         

        CLASS   CONST          

        CLASS   ENTRY          

        CLASS   COMMON         
                cstackCOMMON                         70       70        D         1
                bssCOMMON                            7D       7D        1         1

        CLASS   BANK0          
                cstackBANK0                          20       20       4A         1
                bssBANK0                             6A       6A        3         1

        CLASS   BANK1          
                cstackBANK1                          A0       A0       43         1
                bssBANK1                             E3       E3        1         1

        CLASS   BANK2          
                cstackBANK2                         14A      14A       21         1
                dataBANK2                           16B      16B        1         1
                bssBANK2                            120      120       2A         1

        CLASS   BANK3          
                dataBANK3                           1A0      1A0       28         1
                bssBANK3                            1C8      1C8       25         1

        CLASS   BANK4          
                cstackBANK4                         254      254       10         1
                dataBANK4                           240      240       14         1
                bssBANK4                            220      220       20         1

        CLASS   BANK5          

        CLASS   BANK6          

        CLASS   BANK7          

        CLASS   BANK8          

        CLASS   BANK9          

        CLASS   BANK10         

        CLASS   BANK11         

        CLASS   BANK12         

        CLASS   BIGRAM         

        CLASS   RAM            

        CLASS   ABS1           
                abs_s1                               7E       7E        2         1

        CLASS   SFR0           

        CLASS   SFR1           

        CLASS   SFR2           

        CLASS   SFR3           

        CLASS   SFR4           

        CLASS   SFR5           

        CLASS   SFR6           

        CLASS   SFR7           

        CLASS   SFR8           

        CLASS   SFR9           

        CLASS   SFR10          

        CLASS   SFR11          

        CLASS   SFR12          

        CLASS   SFR13          

        CLASS   SFR14          

        CLASS   SFR15          

        CLASS   SFR16          

        CLASS   SFR17          

        CLASS   SFR18          

        CLASS   SFR19          

        CLASS   SFR20          

        CLASS   SFR21          

        CLASS   SFR22          

        CLASS   SFR23          

        CLASS   SFR24          

        CLASS   SFR25          

        CLASS   SFR26          

        CLASS   SFR27          

        CLASS   SFR28          

        CLASS   SFR29          

        CLASS   SFR30          

        CLASS   SFR31          

        CLASS   CONFIG         
                config                             8007     8007        2         4

        CLASS   IDLOC          
                idloc                              8000     8000        4         5

        CLASS   EEDATA         

        CLASS   BANK31         

        CLASS   BANK30         

        CLASS   BANK29         

        CLASS   BANK28         

        CLASS   BANK27         

        CLASS   BANK26         

        CLASS   BANK25         

        CLASS   BANK24         

        CLASS   BANK23         

        CLASS   BANK22         

        CLASS   BANK21         

        CLASS   BANK20         

        CLASS   BANK19         

        CLASS   BANK18         

        CLASS   BANK17         

        CLASS   BANK16         

        CLASS   BANK15         

        CLASS   BANK14         

        CLASS   BANK13         



SEGMENTS        Name                           Load    Length   Top    Selector   Space  Class     Delta

                reset_vec                      000000  000004  000004         0       0  CODE        2
                intentry                       000004  000802  000806         8       0  CODE        2
                cstackBANK0                    000020  00004D  00006D        20       1  BANK0       1
                cstackCOMMON                   000070  00000E  00007E        70       1  COMMON      1
                cstackBANK1                    0000A0  000044  0000E4        A0       1  BANK1       1
                bssBANK2                       000120  00004C  00016C       120       1  BANK2       1
                dataBANK3                      0001A0  00004D  0001ED       1A0       1  BANK3       1
                bssBANK4                       000220  000044  000264       220       1  BANK4       1
                text25                         000806  000037  00083D      100C       0  CODE        2
                maintext_split_1               00083D  0007C6  001003      107A       0  CODE        2
                text45                         001003  00002F  001032      2006       0  CODE        2
                text20                         001032  00002F  001061      2064       0  CODE        2
                text111                        001061  000041  0010A2      20C2       0  CODE        2
                text85                         0010A2  000046  0010E8      2144       0  CODE        2
                text40                         0010E8  000048  001130      21D0       0  CODE        2
                text54                         001130  000049  001179      2260       0  CODE        2
                text11                         001179  00004A  0011C3      22F2       0  CODE        2
                text42                         0011C3  000051  001214      2386       0  CODE        2
                text31                         001214  000052  001266      2428       0  CODE        2
                text86                         001266  000057  0012BD      24CC       0  CODE        2
                text10                         0012BD  000057  001314      257A       0  CODE        2
                text28                         001314  00005C  001370      2628       0  CODE        2
                text16                         001370  000067  0013D7      26E0       0  CODE        2
                text21                         0013D7  000089  001460      27AE       0  CODE        2
                text61                         001460  00008C  0014EC      28C0       0  CODE        2
                text35                         0014EC  0000ED  0015D9      29D8       0  CODE        2
                text36                         0015D9  000105  0016DE      2BB2       0  CODE        2
                text26                         0016DE  000122  001800      2DBC       0  CODE        2
                stringtext1                    001800  00004A  00184A      3000       0  STRCODE     2
                text113                        0019F8  000001  0019F9      33F0       0  CODE        2
                idataBANK2                     0019F9  000001  0019FA      33F2       0  CODE        2
                text99                         0019FA  000002  0019FC      33F4       0  CODE        2
                text109                        0019FC  000003  0019FF      33F8       0  CODE        2
                text108                        0019FF  000003  001A02      33FE       0  CODE        2
                text97                         001A02  000003  001A05      3404       0  CODE        2
                text95                         001A05  000003  001A08      340A       0  CODE        2
                text91                         001A08  000003  001A0B      3410       0  CODE        2
                text114                        001A0B  000004  001A0F      3416       0  CODE        2
                text112                        001A0F  000004  001A13      341E       0  CODE        2
                text96                         001A13  000004  001A17      3426       0  CODE        2
                text94                         001A17  000004  001A1B      342E       0  CODE        2
                text72                         001A1B  000004  001A1F      3436       0  CODE        2
                text50                         001A1F  000004  001A23      343E       0  CODE        2
                text93                         001A23  000005  001A28      3446       0  CODE        2
                text89                         001A28  000005  001A2D      3450       0  CODE        2
                text83                         001A2D  000005  001A32      345A       0  CODE        2
                text82                         001A32  000005  001A37      3464       0  CODE        2
                text81                         001A37  000005  001A3C      346E       0  CODE        2
                text80                         001A3C  000005  001A41      3478       0  CODE        2
                text79                         001A41  000005  001A46      3482       0  CODE        2
                text78                         001A46  000005  001A4B      348C       0  CODE        2
                text77                         001A4B  000005  001A50      3496       0  CODE        2
                text76                         001A50  000005  001A55      34A0       0  CODE        2
                text92                         001A55  000006  001A5B      34AA       0  CODE        2
                text67                         001A5B  000006  001A61      34B6       0  CODE        2
                text66                         001A61  000006  001A67      34C2       0  CODE        2
                clrtext                        001A67  000006  001A6D      34CE       0  CODE        2
                text84                         001A6D  000007  001A74      34DA       0  CODE        2
                text87                         001A74  000008  001A7C      34E8       0  CODE        2
                text60                         001A7C  000008  001A84      34F8       0  CODE        2
                text88                         001A84  000009  001A8D      3508       0  CODE        2
                text59                         001A8D  000009  001A96      351A       0  CODE        2
                text58                         001A96  000009  001A9F      352C       0  CODE        2
                text57                         001A9F  000009  001AA8      353E       0  CODE        2
                text56                         001AA8  000009  001AB1      3550       0  CODE        2
                text55                         001AB1  000009  001ABA      3562       0  CODE        2
                text46                         001ABA  000009  001AC3      3574       0  CODE        2
                text53                         001AC3  00000A  001ACD      3586       0  CODE        2
                text69                         001ACD  00000B  001AD8      359A       0  CODE        2
                text68                         001AD8  00000C  001AE4      35B0       0  CODE        2
                text52                         001AE4  00000C  001AF0      35C8       0  CODE        2
                text105                        001AF0  00000D  001AFD      35E0       0  CODE        2
                text47                         001AFD  00000D  001B0A      35FA       0  CODE        2
                text39                         001B0A  00000D  001B17      3614       0  CODE        2
                text38                         001B17  00000D  001B24      362E       0  CODE        2
                text37                         001B24  00000D  001B31      3648       0  CODE        2
                text15                         001B31  00000D  001B3E      3662       0  CODE        2
                text14                         001B3E  00000D  001B4B      367C       0  CODE        2
                text13                         001B4B  00000D  001B58      3696       0  CODE        2
                text12                         001B58  00000D  001B65      36B0       0  CODE        2
                text2                          001B65  00000D  001B72      36CA       0  CODE        2
                text107                        001B72  000010  001B82      36E4       0  CODE        2
                text65                         001B82  000010  001B92      3704       0  CODE        2
                text104                        001B92  000011  001BA3      3724       0  CODE        2
                text103                        001BA3  000011  001BB4      3746       0  CODE        2
                text102                        001BB4  000011  001BC5      3768       0  CODE        2
                text101                        001BC5  000011  001BD6      378A       0  CODE        2
                text49                         001BD6  000013  001BE9      37AC       0  CODE        2
                idataBANK4                     001BE9  000014  001BFD      37D2       0  CODE        2
                text64                         001BFD  000015  001C12      37FA       0  CODE        2
                text24                         001C12  000016  001C28      3824       0  CODE        2
                text22                         001C28  000017  001C3F      3850       0  CODE        2
                text100                        001C3F  000018  001C57      387E       0  CODE        2
                text63                         001C57  000018  001C6F      38AE       0  CODE        2
                text62                         001C6F  000018  001C87      38DE       0  CODE        2
                text44                         001C87  000019  001CA0      390E       0  CODE        2
                text29                         001CA0  00001A  001CBA      3940       0  CODE        2
                text115                        001CBA  00001B  001CD5      3974       0  CODE        2
                text19                         001CD5  00001B  001CF0      39AA       0  CODE        2
                text18                         001CF0  00001B  001D0B      39E0       0  CODE        2
                text34                         001D0B  00001C  001D27      3A16       0  CODE        2
                text51                         001D27  00001F  001D46      3A4E       0  CODE        2
                text48                         001D46  00001F  001D65      3A8C       0  CODE        2
                text43                         001D65  00001F  001D84      3ACA       0  CODE        2
                text70                         001D84  000021  001DA5      3B08       0  CODE        2
                text3                          001DA5  000021  001DC6      3B4A       0  CODE        2
                text9                          001DC6  000023  001DE9      3B8C       0  CODE        2
                text8                          001DE9  000023  001E0C      3BD2       0  CODE        2
                text7                          001E0C  000023  001E2F      3C18       0  CODE        2
                text110                        001E2F  000025  001E54      3C5E       0  CODE        2
                text4                          001E54  000026  001E7A      3CA8       0  CODE        2
                text23                         001E7A  000027  001EA1      3CF4       0  CODE        2
                idataBANK3                     001EA1  000028  001EC9      3D42       0  CODE        2
                text30                         001EC9  000029  001EF2      3D92       0  CODE        2
                text106                        001EF2  00002A  001F1C      3DE4       0  CODE        2
                text41                         001F1C  00002C  001F48      3E38       0  CODE        2
                text75                         001F48  00002D  001F75      3E90       0  CODE        2
                text73                         001F75  00002E  001FA3      3EEA       0  CODE        2
                text33                         001FA3  00002E  001FD1      3F46       0  CODE        2
                text90                         001FD1  00002F  002000      3FA2       0  CODE        2
                stringtext2                    002000  0004D1  0024D1      4000       0  STRCODE     2


UNUSED ADDRESS RANGES

        Name                Unused          Largest block    Delta
        BANK0            00006D-00006F                3           1
        BANK1            0000E4-0000EF                C           1
        BANK10           000520-00056F               50           1
        BANK11           0005A0-0005EF               50           1
        BANK12           000620-00064F               30           1
        BANK2            00016C-00016F                4           1
        BANK3            0001ED-0001EF                3           1
        BANK4            000264-00026F                C           1
        BANK5            0002A0-0002EF               50           1
        BANK6            000320-00036F               50           1
        BANK7            0003A0-0003EF               50           1
        BANK8            000420-00046F               50           1
        BANK9            0004A0-0004EF               50           1
        BIGRAM           002000-0023EF              3F0           1
        CODE             00184A-0019F7              1AE           2
                         0024D1-003FFF              800
        CONST            00184A-0019F7               B6           2
                         0024D1-003FFF              100
        EEDATA           00F000-00F0FF              100           2
        ENTRY            00184A-0019F7               B6           2
                         0024D1-003FFF              100
        RAM              00006D-00006F                3           1
                         0000E4-0000EF                C
                         00016C-00016F                4
                         0001ED-0001EF                3
                         000264-00026F                C
                         0002A0-0002EF               50
                         000320-00036F               50
                         0003A0-0003EF               50
                         000420-00046F               50
                         0004A0-0004EF               50
                         000520-00056F               50
                         0005A0-0005EF               50
                         000620-00064F               30
        SFR0             000000-00001F               20           1
        SFR1             000080-00009F               20           1
        SFR10            000500-00051F               20           1
        SFR11            000580-00059F               20           1
        SFR12            000600-00061F               20           1
        SFR13            000680-0006EF               70           1
        SFR14            000700-00076F               70           1
        SFR15            000780-0007EF               70           1
        SFR16            000800-00086F               70           1
        SFR17            000880-0008EF               70           1
        SFR18            000900-00096F               70           1
        SFR19            000980-0009EF               70           1
        SFR2             000100-00011F               20           1
        SFR20            000A00-000A6F               70           1
        SFR21            000A80-000AEF               70           1
        SFR22            000B00-000B6F               70           1
        SFR23            000B80-000BEF               70           1
        SFR24            000C00-000C6F               70           1
        SFR25            000C80-000CEF               70           1
        SFR26            000D00-000D6F               70           1
        SFR27            000D80-000DEF               70           1
        SFR28            000E00-000E6F               70           1
        SFR29            000E80-000EEF               70           1
        SFR3             000180-00019F               20           1
        SFR30            000F00-000F6F               70           1
        SFR31            000F80-000FEF               70           1
        SFR4             000200-00021F               20           1
        SFR5             000280-00029F               20           1
        SFR6             000300-00031F               20           1
        SFR7             000380-00039F               20           1
        SFR8             000400-00041F               20           1
        SFR9             000480-00049F               20           1
        STACK            002184-0023EF              26C           1
        STRCODE          00184A-0019F7              1AE           2
                         0024D1-003FFF             1B2F
        STRING           00184A-0019F7               B6           2
                         0024D1-003FFF              100

                                  Symbol Table

?_ADC_GetConversion                            cstackBANK0      000023
?___aodiv                                      cstackBANK0      000023
?___aomod                                      cstackBANK0      000023
?_abs                                          cstackBANK0      000036
?_dtoa                                         cstackBANK0      00003F
?_pad                                          cstackBANK0      000036
?_printf                                       cstackBANK1      0000AD
?_sprintf                                      cstackBANK1      0000AD
?_strcat                                       cstackBANK0      000033
?_strlen                                       cstackBANK0      000023
?_vfpfcnvrt                                    cstackBANK0      00005D
?_vfprintf                                     cstackBANK0      000064
ADC_GetConversion@channel                      cstackBANK0      000026
EUSART_Read@readValue                          cstackBANK0      000024
EUSART_SetErrorHandler@interruptHandler        cstackBANK0      000023
EUSART_SetFramingErrorHandler@interruptHandler cstackBANK0      000023
EUSART_SetOverrunErrorHandler@interruptHandler cstackBANK0      000023
EUSART_SetRxInterruptHandler@interruptHandler  cstackBANK0      000023
EUSART_SetTxInterruptHandler@interruptHandler  cstackBANK0      000023
EUSART_Write@txData                            cstackBANK0      000024
I2C_CallbackReturnReset@funPtr                 cstackCOMMON     000079
I2C_MasterSendTxData@data                      cstackCOMMON     000070
I2C_Master_Write@data                          cstackBANK0      000023
I2C_SetBuffer@buffer                           cstackCOMMON     000073
I2C_SetBuffer@bufferSize                       cstackCOMMON     000070
I2C_SetCallback@cb                             cstackCOMMON     000070
I2C_SetCallback@idx                            cstackCOMMON     000074
I2C_SetCallback@ptr                            cstackCOMMON     000072
I2C_SetDataCompleteCallback@cb                 cstackCOMMON     000075
I2C_SetDataCompleteCallback@ptr                cstackCOMMON     000077
IO_Expander_Write@Data                         cstackBANK0      000024
LCD_CMD@CMD                                    cstackBANK0      000028
LCD_Init@I2C_Add                               cstackBANK0      00002B
LCD_Set_Cursor@COL                             cstackBANK0      000029
LCD_Set_Cursor@ROW                             cstackBANK0      00002C
LCD_Write_4Bit@Nibble                          cstackBANK0      000026
LCD_Write_Char@Data                            cstackBANK0      000028
LCD_Write_String@Str                           cstackBANK0      000029
LCD_Write_String@i                             cstackBANK0      00002C
_ACKDT                                         (abs)            0010B5
_ACKEN                                         (abs)            0010B4
_ACKSTAT                                       (abs)            0010B6
_ADCON0                                        (abs)            00009D
_ADCON0bits                                    (abs)            00009D
_ADCON1                                        (abs)            00009E
_ADC_GetConversion                             text70           001D84
_ADC_Initialize                                text60           001A7C
_ADRESH                                        (abs)            00009C
_ADRESL                                        (abs)            00009B
_ANSELA                                        (abs)            00018C
_ANSELB                                        (abs)            00018D
_ANSELD                                        (abs)            00018F
_ANSELE                                        (abs)            000190
_APFCON                                        (abs)            00011D
_BAUDCON                                       (abs)            00019F
_BORCON                                        (abs)            000116
_BackLight_State                               dataBANK2        00016B
_EEADRH                                        (abs)            000192
_EEADRL                                        (abs)            000191
_EECON1bits                                    (abs)            000195
_EECON2                                        (abs)            000196
_EEDATH                                        (abs)            000194
_EEDATL                                        (abs)            000193
_EUSART_DefaultErrorHandler                    text114          001A0B
_EUSART_DefaultFramingErrorHandler             text113          0019F8
_EUSART_DefaultOverrunErrorHandler             text112          001A0F
_EUSART_ErrorHandler                           bssBANK2         000138
_EUSART_FramingErrorHandler                    bssBANK2         00013C
_EUSART_Initialize                             text54           001130
_EUSART_OverrunErrorHandler                    bssBANK2         00013A
_EUSART_Read                                   text20           001032
_EUSART_Receive_ISR                            text111          001061
_EUSART_RxDataHandler                          text115          001CBA
_EUSART_RxDefaultInterruptHandler              bssBANK2         00013E
_EUSART_SetErrorHandler                        text59           001A8D
_EUSART_SetFramingErrorHandler                 text58           001A96
_EUSART_SetOverrunErrorHandler                 text57           001A9F
_EUSART_SetRxInterruptHandler                  text56           001AA8
_EUSART_SetTxInterruptHandler                  text55           001AB1
_EUSART_Transmit_ISR                           text110          001E2F
_EUSART_TxDefaultInterruptHandler              bssBANK2         000140
_EUSART_Write                                  text33           001FA3
_I2C_CallbackReturnReset                       text98           000002
_I2C_CallbackReturnStop                        text99           0019FA
_I2C_DO_ADDRESS_NACK                           text75           001F48
_I2C_DO_IDLE                                   text89           001A28
_I2C_DO_RCEN                                   text84           001A6D
_I2C_DO_RESET                                  text76           001A50
_I2C_DO_RX                                     text85           0010A2
_I2C_DO_RX_ACK                                 text79           001A41
_I2C_DO_RX_NACK_RESTART                        text77           001A4B
_I2C_DO_RX_NACK_STOP                           text78           001A46
_I2C_DO_SEND_ADR_READ                          text88           001A84
_I2C_DO_SEND_ADR_WRITE                         text87           001A74
_I2C_DO_SEND_RESTART                           text81           001A37
_I2C_DO_SEND_RESTART_READ                      text83           001A2D
_I2C_DO_SEND_RESTART_WRITE                     text82           001A32
_I2C_DO_SEND_STOP                              text80           001A3C
_I2C_DO_TX                                     text86           001266
_I2C_DO_TX_EMPTY                               text90           001FD1
_I2C_Initialize                                text53           001AC3
_I2C_MasterClearIrq                            text74           001000
_I2C_MasterEnableRestart                       text109          0019FC
_I2C_MasterFsm                                 text73           001F75
_I2C_MasterGetRxData                           text95           001A05
_I2C_MasterIsNack                              text92           001A55
_I2C_MasterIsr                                 text72           001A1B
_I2C_MasterSendAck                             text94           001A17
_I2C_MasterSendNack                            text96           001A13
_I2C_MasterSendTxData                          text93           001A23
_I2C_MasterSetIrq                              text91           001A08
_I2C_MasterStartRx                             text97           001A02
_I2C_MasterStop                                text108          0019FF
_I2C_Master_Init                               text69           001ACD
_I2C_Master_Start                              text67           001A5B
_I2C_Master_Stop                               text66           001A61
_I2C_Master_Wait                               text68           001AD8
_I2C_Master_Write                              text65           001B82
_I2C_SetBuffer                                 text107          001B72
_I2C_SetCallback                               text106          001EF2
_I2C_SetDataCompleteCallback                   text105          001AF0
_I2C_Status                                    bssBANK3         0001C8
_INTCONbits                                    (abs)            00000B
_INTERRUPT_InterruptManager                    intentry         000004
_IO_Expander_Write                             text64           001BFD
_LATA                                          (abs)            00010C
_LATAbits                                      (abs)            00010C
_LATB                                          (abs)            00010D
_LATBbits                                      (abs)            00010D
_LATC                                          (abs)            00010E
_LATD                                          (abs)            00010F
_LATE                                          (abs)            000110
_LATEbits                                      (abs)            000110
_LCD_CMD                                       text62           001C6F
_LCD_Clear                                     text46           001ABA
_LCD_Init                                      text61           001460
_LCD_Set_Cursor                                text45           001003
_LCD_Write_4Bit                                text63           001C57
_LCD_Write_Char                                text44           001C87
_LCD_Write_String                              text43           001D65
_MSSP_InterruptHandler                         bssBANK2         000144
_OPTION_REGbits                                (abs)            000095
_OSCCON                                        (abs)            000099
_OSCILLATOR_Initialize                         text52           001AE4
_OSCTUNE                                       (abs)            000098
_PEN                                           (abs)            0010B2
_PIE1bits                                      (abs)            000091
_PIE2bits                                      (abs)            000092
_PIN_MANAGER_Initialize                        text51           001D27
_PIR1bits                                      (abs)            000011
_PIR2bits                                      (abs)            000012
_PLLR                                          (abs)            0004D6
_PORTCbits                                     (abs)            00000E
_PORTDbits                                     (abs)            00000F
_RCEN                                          (abs)            0010B3
_RCREG                                         (abs)            000199
_RCSTA                                         (abs)            00019D
_RCSTAbits                                     (abs)            00019D
_RS                                            bssBANK2         000147
_RSEN                                          (abs)            0010B1
_SEN                                           (abs)            0010B0
_SPBRGH                                        (abs)            00019C
_SPBRGL                                        (abs)            00019B
_SSPADD                                        (abs)            000212
_SSPBUF                                        (abs)            000211
_SSPCON                                        (abs)            000215
_SSPCON1                                       (abs)            000215
_SSPCON1bits                                   (abs)            000215
_SSPCON2                                       (abs)            000216
_SSPCON2bits                                   (abs)            000216
_SSPIF                                         (abs)            00008B
_SSPSTAT                                       (abs)            000214
_SSPSTATbits                                   (abs)            000214
_SYSTEM_Initialize                             text49           001BD6
_TRISA                                         (abs)            00008C
_TRISB                                         (abs)            00008D
_TRISC                                         (abs)            00008E
_TRISC3                                        (abs)            000473
_TRISC4                                        (abs)            000474
_TRISD                                         (abs)            00008F
_TRISE                                         (abs)            000090
_TXREG                                         (abs)            00019A
_TXSTA                                         (abs)            00019E
_TXSTAbits                                     (abs)            00019E
_WDTCON                                        (abs)            000097
_WDT_Initialize                                text50           001A1F
_WPUB                                          (abs)            00020D
_WPUE                                          (abs)            000210
__Habs1                                        abs1             000000
__Hbank0                                       bank0            000000
__Hbank1                                       bank1            000000
__Hbank10                                      bank10           000000
__Hbank11                                      bank11           000000
__Hbank12                                      bank12           000000
__Hbank13                                      bank13           000000
__Hbank14                                      bank14           000000
__Hbank15                                      bank15           000000
__Hbank16                                      bank16           000000
__Hbank17                                      bank17           000000
__Hbank18                                      bank18           000000
__Hbank19                                      bank19           000000
__Hbank2                                       bank2            000000
__Hbank20                                      bank20           000000
__Hbank21                                      bank21           000000
__Hbank22                                      bank22           000000
__Hbank23                                      bank23           000000
__Hbank24                                      bank24           000000
__Hbank25                                      bank25           000000
__Hbank26                                      bank26           000000
__Hbank27                                      bank27           000000
__Hbank28                                      bank28           000000
__Hbank29                                      bank29           000000
__Hbank3                                       bank3            000000
__Hbank30                                      bank30           000000
__Hbank31                                      bank31           000000
__Hbank4                                       bank4            000000
__Hbank5                                       bank5            000000
__Hbank6                                       bank6            000000
__Hbank7                                       bank7            000000
__Hbank8                                       bank8            000000
__Hbank9                                       bank9            000000
__Hbigram                                      bigram           000000
__HbssBANK0                                    bssBANK0         000000
__HbssBANK1                                    bssBANK1         000000
__HbssBANK2                                    bssBANK2         000000
__HbssBANK3                                    bssBANK3         000000
__HbssBANK4                                    bssBANK4         000000
__HbssCOMMON                                   bssCOMMON        000000
__Hcinit                                       cinit            00008C
__Hclrtext                                     clrtext          000000
__Hcode                                        code             000000
__Hcommon                                      common           000000
__Hconfig                                      config           008009
__HcstackBANK0                                 cstackBANK0      000000
__HcstackBANK1                                 cstackBANK1      000000
__HcstackBANK2                                 cstackBANK2      000000
__HcstackBANK4                                 cstackBANK4      000000
__HcstackCOMMON                                cstackCOMMON     000000
__HdataBANK2                                   dataBANK2        000000
__HdataBANK3                                   dataBANK3        000000
__HdataBANK4                                   dataBANK4        000000
__Heeprom_data                                 eeprom_data      000000
__Hend_init                                    end_init         00004C
__Hfunctab                                     functab          000000
__HidataBANK2                                  idataBANK2       000000
__HidataBANK3                                  idataBANK3       000000
[...]
_setP2                                         text12           001B58
_sortieErreur                                  text10           0012BD
_sprintf                                       text1            0007C1
_startAlert                                    text4            001E54
_strcat                                        text22           001C28
_strcpy                                        text23           001E7A
_strlen                                        text29           001CA0
_testNOK                                       text19           001CD5
_testOK                                        text18           001CF0
_testR1                                        text9            001DC6
_testR2                                        text8            001DE9
_testR3                                        text7            001E0C
_vfpfcnvrt                                     text26           0016DE
_vfprintf                                      text25           000806
_width                                         bssBANK2         000132
_wr1RegCompleteHandler                         text101          001BC5
_wr2RegCompleteHandler                         text104          001B92
abs@a                                          cstackBANK0      000036
activerBuzzer@i                                cstackBANK0      000024
alerteDefaut@F3753                             dataBANK3        0001A0
alerteDefaut@F3755                             dataBANK3        0001BE
alerteDefaut@eol                               cstackBANK1      0000B7
alerteDefaut@error                             cstackBANK1      0000C1
alerteDefaut@etape                             cstackBANK1      0000B0
alerteDefaut@testAct                           cstackBANK1      0000B2
alerteDefaut@testVoy                           cstackBANK1      0000B4
alerteDefautEtape16@F3808                      dataBANK4        000240
alerteDefautEtape16@F3810                      dataBANK3        0001B4
alerteDefautEtape16@autom                      cstackBANK1      0000DB
alerteDefautEtape16@eol                        cstackBANK2      00014A
alerteDefautEtape16@error                      cstackBANK2      000154
alerteDefautEtape16@etape                      cstackBANK1      0000D7
alerteDefautEtape16@prog                       cstackBANK1      0000DC
alerteDefautEtape16@reponse                    cstackBANK2      00016A
alerteDefautEtape16@testAct                    cstackBANK1      0000D9
alerteDefautEtape16@testVoy                    cstackBANK1      0000DA
alimenter@active                               cstackBANK0      000023
attenteAquittement@autom                       cstackBANK1      0000B0
attenteAquittement@reception                   cstackBANK1      0000B6
attenteAquittement@repOperateur                cstackBANK1      0000B7
attenteAquittement@testAct                     cstackBANK1      0000B2
attenteDemarrage3@autom                        cstackBANK1      0000B6
attenteDemarrage3@prog                         cstackBANK1      0000B1
attenteDemarrage3@reception                    cstackBANK1      0000B4
attenteDemarrage3@repOperateur                 cstackBANK1      0000B5
attenteDemarrage3@testAct                      cstackBANK1      0000B0
btemp                                          (abs)            00007E
clear_ram0                                     clrtext          001A67
displayManager@s1                              cstackBANK0      00002E
displayManager@s2                              cstackBANK0      000030
displayManager@s3                              cstackBANK0      000032
displayManager@s4                              cstackBANK0      000034
dtoa@d                                         cstackBANK0      00003F
dtoa@fp                                        cstackBANK0      00004A
dtoa@i                                         cstackBANK0      00005B
dtoa@n                                         cstackBANK0      000053
dtoa@p                                         cstackBANK0      00004D
dtoa@s                                         cstackBANK0      000051
dtoa@w                                         cstackBANK0      00004F
end_of_initialization                          cinit            000088
errorAlert@i                                   cstackBANK0      00002A
errorAlert@j                                   cstackBANK0      000028
fputc@c                                        cstackBANK0      000026
fputc@fp                                       cstackBANK0      000028
fputs@c                                        cstackBANK0      000032
fputs@fp                                       cstackBANK0      00002E
fputs@i                                        cstackBANK0      000033
fputs@s                                        cstackBANK0      000035
init_ram                                       inittext         000800
initialConditions@autom                        cstackBANK1      0000B4
initialConditions@prog                         cstackBANK1      0000B6
initialConditions@testAct                      cstackBANK1      0000B0
initialConditions@testVoy                      cstackBANK1      0000B2
int$flags                                      (abs)            00007E
intlevel0                                      functab          000000
intlevel1                                      functab          000000
intlevel2                                      functab          000000
intlevel3                                      functab          000000
intlevel4                                      functab          000000
intlevel5                                      functab          000000
ledConforme@active                             cstackBANK0      000023
ledNonConforme@active                          cstackBANK0      000023
ledProgession@active                           cstackBANK0      000023
main@automatique                               cstackBANK4      000261
main@buffer                                    cstackBANK4      000254
main@buffer_1674                               cstackBANK4      000256
main@lectureAN1                                cstackBANK4      00025E
main@programmation                             cstackBANK4      000260
main@slectureAN1                               cstackBANK4      000258
main@testActif                                 cstackBANK4      000263
main@testLeds                                  cstackBANK4      00025D
main@testVoyants                               cstackBANK4      000262
okAlert@i                                      cstackBANK1      0000B1
pad@buf                                        cstackBANK0      000036
pad@fp                                         cstackBANK0      00003E
pad@i                                          cstackBANK0      00003A
pad@p                                          cstackBANK0      000037
pad@w                                          cstackBANK0      00003C
pnum$maintext                                  (abs)            00006D
pnum$maintext_split_1                          (abs)            0000E3
pressBP1@active                                cstackBANK0      000023
pressBP2@active                                cstackBANK0      000023
printf@ap                                      cstackBANK1      0000AF
printf@fmt                                     cstackBANK1      0000AD
psplit$0                                       (abs)            6D00E3
putch@txData                                   cstackBANK0      000025
rd1RegCompleteHandler@ptr                      cstackCOMMON     000079
rd2RegCompleteHandler@ptr                      cstackCOMMON     000079
rdBlkRegCompleteHandler@ptr                    cstackCOMMON     000079
reponseOperateur@automatique                   cstackBANK0      000028
reponseOperateur@reception                     cstackBANK0      000027
reponseOperateur@repOperateur                  cstackBANK0      00002A
reponseOperateur@reponse                       cstackBANK0      000029
reset_vec                                      reset_vec        000000
setHorloge@active                              cstackBANK0      000023
setP1@active                                   cstackBANK0      000023
setP2@active                                   cstackBANK0      000023
sortieErreur@autom                             cstackBANK1      0000B8
sortieErreur@prog                              cstackBANK1      0000BE
sortieErreur@testAct                           cstackBANK1      0000BA
sortieErreur@testVoy                           cstackBANK1      0000BC
sprintf@ap                                     cstackBANK1      0000B3
sprintf@f                                      cstackBANK1      0000B5
sprintf@fmt                                    cstackBANK1      0000AD
sprintf@ret                                    cstackBANK1      0000B1
sprintf@s                                      cstackBANK1      0000B4
start                                          init             00004A
startAlert@i                                   cstackBANK0      000028
start_initialization                           cinit            00004C
strcat@dest                                    cstackBANK0      000033
strcat@src                                     cstackBANK0      000035
strcpy@d                                       cstackBANK0      000031
strcpy@dest                                    cstackBANK0      000027
strcpy@s                                       cstackBANK0      00002F
strcpy@src                                     cstackBANK0      000029
strlen@a                                       cstackBANK0      000025
strlen@s                                       cstackBANK0      000023
testNOK@active                                 cstackBANK0      000024
testNOK@result                                 cstackBANK0      000023
testOK@active                                  cstackBANK0      000024
testOK@result                                  cstackBANK0      000023
testR1@active                                  cstackBANK0      000024
testR1@result                                  cstackBANK0      000023
testR2@active                                  cstackBANK0      000024
testR2@result                                  cstackBANK0      000023
testR3@active                                  cstackBANK0      000024
testR3@result                                  cstackBANK0      000023
vfpfcnvrt@ap                                   cstackBANK0      00005E
vfpfcnvrt@fmt                                  cstackBANK0      00005D
vfpfcnvrt@fp                                   cstackBANK1      0000A9
vfpfcnvrt@ll                                   cstackBANK1      0000A0
vfpfcnvrt@vp                                   cstackBANK1      0000A8
vfprintf@ap                                    cstackBANK0      000066
vfprintf@cfmt                                  cstackBANK1      0000AB
vfprintf@fmt                                   cstackBANK0      000064
vfprintf@fp                                    cstackBANK1      0000AA
wr1RegCompleteHandler@ptr                      cstackCOMMON     000079
wr2RegCompleteHandler@ptr                      cstackCOMMON     000079
wtemp0                                         (abs)            00007E


MODULE INFORMATION

Module		Function		Class		Link	Load	Size
C:\Program Files\Microchip\xc8\v2.32\pic\sources\c99\common\nf_sprintf.c
		_sprintf       		CODE           	07C1	0000	56

C:\Program Files\Microchip\xc8\v2.32\pic\sources\c99\common\nf_sprintf.c estimated size: 56

C:\Program Files\Microchip\xc8\v2.32\pic\sources\c99\common\doprnt.c
		_vfpfcnvrt     		CODE           	16DE	0000	290
		_pad           		CODE           	1314	0000	92
		_dtoa          		CODE           	046A	0000	368
		_vfprintf      		CODE           	0806	0000	55

C:\Program Files\Microchip\xc8\v2.32\pic\sources\c99\common\doprnt.c estimated size: 805

mcc_generated_files/interrupt_manager.c
		_INTERRUPT_InterruptManager		CODE           	0004	0000	70

mcc_generated_files/interrupt_manager.c estimated size: 70

mcc_generated_files/examples/i2c_master_example.c
		_wr1RegCompleteHandler		CODE           	1BC5	0000	17
		_wr2RegCompleteHandler		CODE           	1B92	0000	17
		_rdBlkRegCompleteHandler		CODE           	1C3F	0000	24
		_rd1RegCompleteHandler		CODE           	1BA3	0000	17
		_rd2RegCompleteHandler		CODE           	1BB4	0000	17

mcc_generated_files/examples/i2c_master_example.c estimated size: 92

mcc_generated_files/pin_manager.c
		_PIN_MANAGER_Initialize		CODE           	1D27	0000	31

mcc_generated_files/pin_manager.c estimated size: 31

C:\Program Files\Microchip\xc8\v2.32\pic\sources\c99\common\nf_fputs.c
		_fputs         		CODE           	1EC9	0000	41

C:\Program Files\Microchip\xc8\v2.32\pic\sources\c99\common\nf_fputs.c estimated size: 41

mcc_generated_files/adc.c
		_ADC_Initialize		CODE           	1A7C	0000	8
		_ADC_GetConversion		CODE           	1D84	0000	33

mcc_generated_files/adc.c estimated size: 41

C:\Program Files\Microchip\xc8\v2.32\pic\sources\c99\common\abs.c
		_abs           		CODE           	1D0B	0000	28

C:\Program Files\Microchip\xc8\v2.32\pic\sources\c99\common\abs.c estimated size: 28

C:\Program Files\Microchip\xc8\v2.32\pic\sources\c99\common\aomod.c
		___aomod       		CODE           	14EC	0000	237

C:\Program Files\Microchip\xc8\v2.32\pic\sources\c99\common\aomod.c estimated size: 237

shared
		__initialization		CODE           	004C	0000	60
		_i2c_fsmStateTable		STRCODE        	1800	0000	32

shared estimated size: 92

I2C_LCD.c
		_LCD_Init      		CODE           	1460	0000	140
		_LCD_Write_4Bit		CODE           	1C57	0000	24
		_LCD_Write_Char		CODE           	1C87	0000	25
		_LCD_CMD       		CODE           	1C6F	0000	24
		_I2C_Master_Wait		CODE           	1AD8	0000	12
		_I2C_Master_Init		CODE           	1ACD	0000	11
		_I2C_Master_Stop		CODE           	1A61	0000	6
		_LCD_Set_Cursor		CODE           	1003	0000	47
		_LCD_Clear     		CODE           	1ABA	0000	9
		_IO_Expander_Write		CODE           	1BFD	0000	21
		_I2C_Master_Write		CODE           	1B82	0000	16
		_I2C_Master_Start		CODE           	1A5B	0000	6
		_LCD_Write_String		CODE           	1D65	0000	31

I2C_LCD.c estimated size: 372

mcc_generated_files/mcc.c
		_WDT_Initialize		CODE           	1A1F	0000	4
		_OSCILLATOR_Initialize		CODE           	1AE4	0000	12
		_SYSTEM_Initialize		CODE           	1BD6	0000	19

mcc_generated_files/mcc.c estimated size: 35

display.c
		_displayManager		CODE           	11C3	0000	81

display.c estimated size: 81

C:\Program Files\Microchip\xc8\v2.32\pic\sources\c99\common\strcat.c
		_strcat        		CODE           	1C28	0000	23

C:\Program Files\Microchip\xc8\v2.32\pic\sources\c99\common\strcat.c estimated size: 23

mcc_generated_files/i2c_master.c
		_I2C_MasterStartRx		CODE           	1A02	0000	3
		_I2C_DO_SEND_ADR_WRITE		CODE           	1A74	0000	8
		_I2C_DO_SEND_STOP		CODE           	1A3C	0000	5
		_I2C_MasterSendNack		CODE           	1A13	0000	4
		_I2C_CallbackReturnStop		CODE           	19FA	0000	2
		_I2C_DO_SEND_ADR_READ		CODE           	1A84	0000	9
		_I2C_DO_RX_NACK_STOP		CODE           	1A46	0000	5
		_I2C_DO_SEND_RESTART		CODE           	1A37	0000	5
		_I2C_DO_RX     		CODE           	10A2	0000	70
		_I2C_DO_TX     		CODE           	1266	0000	87
		_I2C_DO_IDLE   		CODE           	1A28	0000	5
		_I2C_DO_RCEN   		CODE           	1A6D	0000	7
		_I2C_DO_RESET  		CODE           	1A50	0000	5
		_I2C_DO_RX_ACK 		CODE           	1A41	0000	5
		_I2C_MasterClearIrq		CODE           	1000	0000	3
		_I2C_MasterGetRxData		CODE           	1A05	0000	3
		_I2C_SetCallback		CODE           	1EF2	0000	42
		_I2C_DO_ADDRESS_NACK		CODE           	1F48	0000	45
		_I2C_MasterEnableRestart		CODE           	19FC	0000	3
		_I2C_CallbackReturnReset		CODE           	0002	0000	2
		_I2C_DO_TX_EMPTY		CODE           	1FD1	0000	47
		_I2C_DO_SEND_RESTART_WRITE		CODE           	1A32	0000	5
		_I2C_MasterIsNack		CODE           	1A55	0000	6
		_I2C_SetDataCompleteCallback		CODE           	1AF0	0000	13
		_I2C_DO_RX_NACK_RESTART		CODE           	1A4B	0000	5
		_I2C_MasterSendAck		CODE           	1A17	0000	4
		_I2C_MasterFsm 		CODE           	1F75	0000	46
		_I2C_MasterIsr 		CODE           	1A1B	0000	4
		_I2C_MasterSetIrq		CODE           	1A08	0000	3
		_I2C_DO_SEND_RESTART_READ		CODE           	1A2D	0000	5
		_I2C_Initialize		CODE           	1AC3	0000	10
		_I2C_SetBuffer 		CODE           	1B72	0000	16
		_I2C_MasterSendTxData		CODE           	1A23	0000	5
		_I2C_MasterStop		CODE           	19FF	0000	3

mcc_generated_files/i2c_master.c estimated size: 490

mcc_generated_files/eusart.c
		_EUSART_SetRxInterruptHandler		CODE           	1AA8	0000	9
		_EUSART_SetTxInterruptHandler		CODE           	1AB1	0000	9
		_putch         		CODE           	07F9	0000	7
		_EUSART_Read   		CODE           	1032	0000	47
		_EUSART_DefaultOverrunErrorHandler		CODE           	1A0F	0000	4
		_EUSART_Write  		CODE           	1FA3	0000	46
		_EUSART_DefaultErrorHandler		CODE           	1A0B	0000	4
		_EUSART_Transmit_ISR		CODE           	1E2F	0000	37
		_EUSART_Initialize		CODE           	1130	0000	73
		_EUSART_SetFramingErrorHandler		CODE           	1A96	0000	9
		_EUSART_SetErrorHandler		CODE           	1A8D	0000	9
		_EUSART_SetOverrunErrorHandler		CODE           	1A9F	0000	9
		_EUSART_Receive_ISR		CODE           	1061	0000	65
		_EUSART_RxDataHandler		CODE           	1CBA	0000	27
		_EUSART_DefaultFramingErrorHandler		CODE           	19F8	0000	1

mcc_generated_files/eusart.c estimated size: 356

C:\Program Files\Microchip\xc8\v2.32\pic\sources\c99\common\printf.c
		_printf        		CODE           	1C12	0000	22

C:\Program Files\Microchip\xc8\v2.32\pic\sources\c99\common\printf.c estimated size: 22

C:\Program Files\Microchip\xc8\v2.32\pic\sources\c99\common\nf_fputc.c
		_fputc         		CODE           	1214	0000	82

C:\Program Files\Microchip\xc8\v2.32\pic\sources\c99\common\nf_fputc.c estimated size: 82

tester.c
		_okAlert       		CODE           	1DA5	0000	33
		_testR3        		CODE           	1E0C	0000	35
		_alerteDefaut  		CODE           	13D7	0000	137
		_initialConditions		CODE           	1179	0000	74
		_attenteDemarrage3		CODE           	02B3	0000	439
		_setHorloge    		CODE           	1B65	0000	13
		_errorAlert    		CODE           	10E8	0000	72
		_alimenter     		CODE           	1AFD	0000	13
		_testR1        		CODE           	1DC6	0000	35
		_ledProgession 		CODE           	1B24	0000	13
		_attenteAquittement		CODE           	1370	0000	103
		_startAlert    		CODE           	1E54	0000	38
		_pressBP1      		CODE           	1B31	0000	13
		_pressBP2      		CODE           	1B3E	0000	13
		_testNOK       		CODE           	1CD5	0000	27
		_ledConforme   		CODE           	1B0A	0000	13
		_alerteDefautEtape16		CODE           	05DA	0000	338
		_testR2        		CODE           	1DE9	0000	35
		_ledNonConforme		CODE           	1B17	0000	13
		_setP1         		CODE           	1B4B	0000	13
		_testOK        		CODE           	1CF0	0000	27
		_activerTouche 		CODE           	1D46	0000	31
		_activerBuzzer 		CODE           	1F1C	0000	44
		_sortieErreur  		CODE           	12BD	0000	87
		_setP2         		CODE           	1B58	0000	13
		_reponseOperateur		CODE           	072C	0000	149

tester.c estimated size: 1821

C:\Program Files\Microchip\xc8\v2.32\pic\sources\c99\common\aodiv.c
		___aodiv       		CODE           	15D9	0000	261

C:\Program Files\Microchip\xc8\v2.32\pic\sources\c99\common\aodiv.c estimated size: 261

main.c
		_main          		CODE           	008C	0000	2538

main.c estimated size: 2538

C:\Program Files\Microchip\xc8\v2.32\pic\sources\c99\common\strlen.c
		_strlen        		CODE           	1CA0	0000	26

C:\Program Files\Microchip\xc8\v2.32\pic\sources\c99\common\strlen.c estimated size: 26

C:\Program Files\Microchip\xc8\v2.32\pic\sources\c99\common\strcpy.c
		_strcpy        		CODE           	1E7A	0000	39

C:\Program Files\Microchip\xc8\v2.32\pic\sources\c99\common\strcpy.c estimated size: 39

