Microchip MPLAB XC8 Compiler V2.32

Linker command line:

-W-3 --edf=C:\Program Files\Microchip\xc8\v2.32\pic\dat\en_msgs.txt -cn \
  -h+dist/default/production\galeoTesterBiModuleMaster.X.production.sym \
  --cmf=dist/default/production\galeoTesterBiModuleMaster.X.production.cmf \
  -z -Q16LF1939 -oC:\Users\Michel\AppData\Local\Temp\xcAsvc4.4 \
  --defsym=__MPLAB_BUILD=1 \
  -Mdist/default/production/galeoTesterBiModuleMaster.X.production.map -E1 \
  -ver=XC8 Compiler --acfsm=1493 -ASTACK=02188h-023EFh -pstack=STACK \
  -ACODE=00h-07FFhx8 -ASTRCODE=00h-03FFFh -ASTRING=00h-0FFhx64 \
  -ACONST=00h-0FFhx64 -AENTRY=00h-0FFhx64 -ACOMMON=070h-07Fh \
  -ABANK0=020h-06Fh -ABANK1=0A0h-0EFh -ABANK2=0120h-016Fh \
  -ABANK3=01A0h-01EFh -ABANK4=0220h-026Fh -ABANK5=02A0h-02EFh \
  -ABANK6=0320h-036Fh -ABANK7=03A0h-03EFh -ABANK8=0420h-046Fh \
  -ABANK9=04A0h-04EFh -ABANK10=0520h-056Fh -ABANK11=05A0h-05EFh \
  -ABANK12=0620h-064Fh -ABIGRAM=02000h-023EFh \
  -ARAM=020h-06Fh,0A0h-0EFh,0120h-016Fh,01A0h-01EFh,0220h-026Fh,02A0h-02EFh,0320h-036Fh,03A0h-03EFh,0420h-046Fh,04A0h-04EFh,0520h-056Fh,05A0h-05EFh,0620h-064Fh \
  -AABS1=020h-07Fh,0A0h-0EFh,0120h-016Fh,01A0h-01EFh,0220h-026Fh,02A0h-02EFh,0320h-036Fh,03A0h-03EFh,0420h-046Fh,04A0h-04EFh,0520h-056Fh,05A0h-05EFh,0620h-064Fh \
  -ASFR0=00h-01Fh -ASFR1=080h-09Fh -ASFR2=0100h-011Fh -ASFR3=0180h-019Fh \
  -ASFR4=0200h-021Fh -ASFR5=0280h-029Fh -ASFR6=0300h-031Fh \
  -ASFR7=0380h-039Fh -ASFR8=0400h-041Fh -ASFR9=0480h-049Fh \
  -ASFR10=0500h-051Fh -ASFR11=0580h-059Fh -ASFR12=0600h-061Fh \
  -ASFR13=0680h-06EFh -ASFR14=0700h-076Fh -ASFR15=0780h-07EFh \
  -ASFR16=0800h-086Fh -ASFR17=0880h-08EFh -ASFR18=0900h-096Fh \
  -ASFR19=0980h-09EFh -ASFR20=0A00h-0A6Fh -ASFR21=0A80h-0AEFh \
  -ASFR22=0B00h-0B6Fh -ASFR23=0B80h-0BEFh -ASFR24=0C00h-0C6Fh \
  -ASFR25=0C80h-0CEFh -ASFR26=0D00h-0D6Fh -ASFR27=0D80h-0DEFh \
  -ASFR28=0E00h-0E6Fh -ASFR29=0E80h-0EEFh -ASFR30=0F00h-0F6Fh \
  -ASFR31=0F80h-0FEFh -ACONFIG=08007h-08008h -DCONFIG=2 \
  -AIDLOC=08000h-08003h -DIDLOC=2 -AEEDATA=00h-0FFh/0F000h \
  -peeprom_data=EEDATA -DEEDATA=2 -DCODE=2 -DSTRCODE=2 -DSTRING=2 -DCONST=2 \
  -DENTRY=2 -preset_vec=00h,intentry=04h,init,end_init -ppowerup=CODE \
  -pcinit=CODE -pfunctab=ENTRY -k \
  C:\Users\Michel\AppData\Local\Temp\xcAsvc4.o \
  dist/default/production\galeoTesterBiModuleMaster.X.production.o 

Object code version is 3.11

Machine type is 16LF1939



                Name                               Link     Load   Length Selector   Space Scale
C:\Users\Michel\AppData\Local\Temp\xcAsvc4.o
                end_init                             4A       4A        2        8       0
                reset_vec                             0        0        2        0       0
                config                             8007     8007        2        0       4
                idloc                              8000     8000        4        0       5
dist/default/production\galeoTesterBiModuleMaster.X.production.o
                cinit                                4C       4C       46        8       0
                intentry                              4        4       46        8       0
                maintext_split_3                    87F      87F      781     10FE       0
                maintext_split_2                    406      406      306        8       0
                maintext_split_1                   1DC9     1DC9      115     3B92       0
                config                             8007     8007        2        0       4
                idloc                              8000     8000        4        0       5
                text126                            2353     2353       1B     46A6       0
                text125                            204F     204F        4     409E       0
                text124                            2FF3     2FF3        1     5FE6       0
                text123                            2053     2053        4     40A6       0
                text122                            2733     2733       41     4E66       0
                text121                            245F     245F       22     48BE       0
                text120                            2FF4     2FF4        3     5FE8       0
                text119                            2FF7     2FF7        3     5FEE       0
                text118                            21DC     21DC       10     43B8       0
                text117                            2588     2588       2A     4B10       0
                text116                            2149     2149        D     4292       0
                text115                            220C     220C       11     4418       0
                text114                            221D     221D       11     443A       0
                text113                            222E     222E       11     445C       0
                text112                            223F     223F       11     447E       0
                text111                            22A6     22A6       18     454C       0
                text110                            204A     204A        2     4094       0
                text109                               2        2        2        0       0
                text108                            2FFA     2FFA        3     5FF4       0
                text107                            2057     2057        4     40AE       0
                text106                            2FFD     2FFD        3     5FFA       0
                text105                            205B     205B        4     40B6       0
                text104                            2067     2067        5     40CE       0
                text103                            20B2     20B2        6     4164       0
                text102                            204C     204C        3     4098       0
                text101                            263A     263A       2F     4C74       0
                text100                            206C     206C        5     40D8       0
                text99                             20E7     20E7        9     41CE       0
                text98                             20D7     20D7        8     41AE       0
                text97                             19A9     19A9       57     3352       0
                text96                             2774     2774       46     4EE8       0
                text95                             20D0     20D0        7     41A0       0
                text94                             2071     2071        5     40E2       0
                text93                             2076     2076        5     40EC       0
                text92                             207B     207B        5     40F6       0
                text91                             2080     2080        5     4100       0
                text90                             2085     2085        5     410A       0
                text89                             208A     208A        5     4114       0
                text88                             208F     208F        5     411E       0
                text87                             2094     2094        5     4128       0
                text86                             25B2     25B2       2D     4B64       0
                text85                              800      800        3        8       0
                text84                             260C     260C       2E     4C18       0
                text83                             205F     205F        4     40BE       0
                text81                             241D     241D       21     483A       0
                text80                             2126     2126        B     424C       0
                text79                             21BE     21BE        F     437C       0
                text78                             20DF     20DF        8     41BE       0
                text77                             20F0     20F0        9     41E0       0
                text76                             20F9     20F9        9     41F2       0
                text75                             2102     2102        9     4204       0
                text74                             210B     210B        9     4216       0
                text73                             2114     2114        9     4228       0
                text72                             182C     182C       48     3058       0
                text71                             2131     2131        C     4262       0
                text70                             23C0     23C0       1F     4780       0
                text69                             2063     2063        4     40C6       0
                text68                             21EC     21EC       10     43D8       0
                text67                             23DF     23DF       1F     47BE       0
                text66                             2156     2156        D     42AC       0
                text65                             213D     213D        C     427A       0
                text64                             20B8     20B8        6     4170       0
                text63                             20BE     20BE        6     417C       0
                text62                             21FC     21FC       10     43F8       0
                text61                             2264     2264       15     44C8       0
                text60                             22BE     22BE       18     457C       0
                text59                             22D6     22D6       18     45AC       0
                text58                             211D     211D        9     423A       0
                text57                             2669     2669       2F     4CD2       0
                text56                             22EE     22EE       19     45DC       0
                text55                             23FE     23FE       1F     47FC       0
                text54                             1906     1906       51     320C       0
                text53                             1800     1800       2C     2A8A       0
                text52                             1874     1874       48     30E8       0
                text51                             2163     2163        D     42C6       0
                text50                             2170     2170        D     42E0       0
                text49                             217D     217D        D     42FA       0
                text48                             1CC4     1CC4      105     3988       0
                text47                              70C      70C       ED        8       0
                text46                             23A4     23A4       1C     4748       0
                text45                             25DF     25DF       2D     4BBE       0
                text44                              7F9      7F9        7        8       0
                text43                             1957     1957       52     32AE       0
                text42                             255F     255F       29     4ABE       0
                text41                             2339     2339       1A     4672       0
                text40                             1A57     1A57       5C     34AE       0
                text39                             1160     1160      170     22C0       0
                text38                             1EDE     1EDE      122     3DBC       0
                text37                             26C7     26C7       34     4D8E       0
                text36                             2279     2279       16     44F2       0
                text35                             2510     2510       27     4A20       0
                text34                             228F     228F       17     451E       0
                text33                             1B1A     1B1A       89     3634       0
                text32                             2698     2698       2F     4D30       0
                text31                             236E     236E       1B     46DC       0
                text30                             2389     2389       1B     4712       0
                text29                             1C2F     1C2F       95     385E       0
                text28                             1AB3     1AB3       67     3566       0
                text27                             218A     218A        D     4314       0
                text26                             2197     2197        D     432E       0
                text25                             21A4     21A4        D     4348       0
                text24                             21B1     21B1        D     4362       0
                text23                             18BC     18BC       4A     3178       0
                text22                             1A00     1A00       57     3400       0
                text21                             2481     2481       23     4902       0
                text20                             24A4     24A4       23     4948       0
                text19                             24C7     24C7       23     498E       0
                text18                             100E     100E      152     201C       0
                text17                             1BA3     1BA3       8C     3746       0
                text16                             2307     2307       19     460E       0
                text15                               92       92      374        8       0
                text14                             27BA     27BA       46     4F74       0
                text13                             2099     2099        5     4132       0
                text12                             209E     209E        5     413C       0
                text11                             20A3     20A3        5     4146       0
                text10                             20A8     20A8        5     4150       0
                text9                              1545     1545      2BB     2A8A       0
                text8                              2320     2320       19     4640       0
                text7                              21CD     21CD        F     439A       0
                text6                              20AD     20AD        5     415A       0
                text5                              24EA     24EA       26     49D4       0
                text4                              243E     243E       21     487C       0
                text3                               803      803       7C     1006       0
                text2                              1001     1001        D     2002       0
                text1                              26FB     26FB       38     4DF6       0
                maintext                           12D0     12D0      275     25A0       0
                cstackBANK0                          20       20       4A       20       1
                cstackCOMMON                         70       70        D       70       1
                cstackBANK1                          A0       A0       3F       A0       1
                cstackBANK2                         120      120       3B      120       1
                clrtext                            20C4     20C4        6     4188       0
                inittext                           20CA     20CA        6     4194       0
                dataBANK4                           220      220       28      220       1
                bssBANK4                            248      248       20      220       1
                dataBANK3                           1CD      1CD       14      1A0       1
                bssBANK3                            1A0      1A0       2D      1A0       1
                bssBANK2                            15B      15B       14      120       1
                dataBANK1                            EE       EE        1       A0       1
                bssBANK1                             DF       DF        F       A0       1
                bssBANK0                             6A       6A        3       20       1
                bssCOMMON                            7D       7D        1       70       1
                stringtext116                      2F0A     2F0A        3     5000       0
                stringtext115                      2F02     2F02        8     5000       0
                stringtext114                      2EFA     2EFA        8     5000       0
                stringtext113                      2EF2     2EF2        8     5000       0
                stringtext112                      2EEA     2EEA        8     5000       0
                stringtext111                      2EE2     2EE2        8     5000       0
                stringtext110                      2EDA     2EDA        8     5000       0
                stringtext109                      2ED2     2ED2        8     5000       0
                stringtext108                      2ECA     2ECA        8     5000       0
                stringtext107                      2EC2     2EC2        8     5000       0
                stringtext106                      2EBA     2EBA        8     5000       0
                stringtext105                      2EB2     2EB2        8     5000       0
                stringtext104                      2EA9     2EA9        9     5000       0
                stringtext103                      2EA0     2EA0        9     5000       0
                stringtext102                      2E97     2E97        9     5000       0
                stringtext101                      2E8E     2E8E        9     5000       0
                stringtext100                      2E85     2E85        9     5000       0
                stringtext99                       2E7C     2E7C        9     5000       0
                stringtext98                       2E73     2E73        9     5000       0
                stringtext97                       2E6A     2E6A        9     5000       0
                stringtext96                       2E61     2E61        9     5000       0
                stringtext95                       2E56     2E56        B     5000       0
                stringtext94                       2E4B     2E4B        B     5000       0
                stringtext93                       2E3F     2E3F        C     5000       0
                stringtext92                       2E33     2E33        C     5000       0
                stringtext91                       2E27     2E27        C     5000       0
                stringtext90                       2E1B     2E1B        C     5000       0
                stringtext89                       2E0F     2E0F        C     5000       0
                stringtext88                       2E03     2E03        C     5000       0
                stringtext87                       2DF7     2DF7        C     5000       0
                stringtext86                       2DEB     2DEB        C     5000       0
                stringtext85                       2DDF     2DDF        C     5000       0
                stringtext84                       2DD3     2DD3        C     5000       0
                stringtext83                       2DC7     2DC7        C     5000       0
                stringtext82                       2DBA     2DBA        D     5000       0
                stringtext81                       2DAD     2DAD        D     5000       0
                stringtext80                       2DA0     2DA0        D     5000       0
                stringtext79                       2D93     2D93        D     5000       0
                stringtext78                       2D86     2D86        D     5000       0
                stringtext77                       2D79     2D79        D     5000       0
                stringtext76                       2D6C     2D6C        D     5000       0
                stringtext75                       2D5F     2D5F        D     5000       0
                stringtext74                       2D52     2D52        D     5000       0
                stringtext73                       2D45     2D45        D     5000       0
                stringtext72                       2D37     2D37        E     5000       0
                stringtext71                       2D29     2D29        E     5000       0
                stringtext70                       2D1B     2D1B        E     5000       0
                stringtext69                       2D0C     2D0C        F     5000       0
                stringtext68                       2CFD     2CFD        F     5000       0
                stringtext67                       2CEE     2CEE        F     5000       0
                stringtext66                       2CDF     2CDF        F     5000       0
                stringtext65                       2CD0     2CD0        F     5000       0
                stringtext64                       2CC1     2CC1        F     5000       0
                stringtext63                       2CB2     2CB2        F     5000       0
                stringtext62                       2CA3     2CA3        F     5000       0
                stringtext61                       2C94     2C94        F     5000       0
                stringtext60                       2C84     2C84       10     5000       0
                stringtext59                       2C74     2C74       10     5000       0
                stringtext58                       2C63     2C63       11     5000       0
                stringtext57                       2C52     2C52       11     5000       0
                stringtext56                       2C41     2C41       11     5000       0
                stringtext55                       2C30     2C30       11     5000       0
                stringtext54                       2C1F     2C1F       11     5000       0
                stringtext53                       2C0E     2C0E       11     5000       0
                stringtext52                       2BFD     2BFD       11     5000       0
                stringtext51                       2BEC     2BEC       11     5000       0
                stringtext50                       2BDB     2BDB       11     5000       0
                stringtext49                       2BCA     2BCA       11     5000       0
                stringtext48                       2BB9     2BB9       11     5000       0
                stringtext47                       2BA8     2BA8       11     5000       0
                stringtext46                       2B97     2B97       11     5000       0
                stringtext45                       2B86     2B86       11     5000       0
                stringtext44                       2B75     2B75       11     5000       0
                stringtext43                       2B64     2B64       11     5000       0
                stringtext42                       2B52     2B52       12     5000       0
                stringtext41                       2B40     2B40       12     5000       0
                stringtext40                       2B2E     2B2E       12     5000       0
                stringtext39                       2B1C     2B1C       12     5000       0
                stringtext38                       2B0A     2B0A       12     5000       0
                stringtext37                       2AF8     2AF8       12     5000       0
                stringtext36                       2AE6     2AE6       12     5000       0
                stringtext35                       2AD4     2AD4       12     5000       0
                stringtext34                       2AC2     2AC2       12     5000       0
                stringtext33                       2AB0     2AB0       12     5000       0
                stringtext32                       2A9E     2A9E       12     5000       0
                stringtext31                       2A8C     2A8C       12     5000       0
                stringtext30                       2A7A     2A7A       12     5000       0
                stringtext29                       2A68     2A68       12     5000       0
                stringtext28                       2A56     2A56       12     5000       0
                stringtext27                       2A43     2A43       13     5000       0
                stringtext26                       2A30     2A30       13     5000       0
                stringtext25                       2A1D     2A1D       13     5000       0
                stringtext24                       2A09     2A09       14     5000       0
                stringtext23                       29F5     29F5       14     5000       0
                stringtext22                       29E1     29E1       14     5000       0
                stringtext21                       29CC     29CC       15     5000       0
                stringtext20                       29B7     29B7       15     5000       0
                stringtext19                       29A2     29A2       15     5000       0
                stringtext18                       298D     298D       15     5000       0
                stringtext17                       2978     2978       15     5000       0
                stringtext16                       2963     2963       15     5000       0
                stringtext15                       294C     294C       17     5000       0
                stringtext14                       2935     2935       17     5000       0
                stringtext13                       291E     291E       17     5000       0
                stringtext12                       2907     2907       17     5000       0
                stringtext11                       28EF     28EF       18     5000       0
                stringtext10                       28D7     28D7       18     5000       0
                stringtext9                        28BE     28BE       19     5000       0
                stringtext8                        28A5     28A5       19     5000       0
                stringtext7                        288B     288B       1A     5000       0
                stringtext6                        2871     2871       1A     5000       0
                stringtext5                        2857     2857       1A     5000       0
                stringtext4                        283B     283B       1C     5000       0
                stringtext3                        281F     281F       1C     5000       0
                stringtext2                        2800     2800       1F     5000       0
                stringtext1                        2000     2000       4A     4000       0
                idataBANK4                         2537     2537       28     4A6E       0
                idataBANK3                         2250     2250       14     44A0       0
                idataBANK1                         1000     1000        1     10FE       0

TOTAL           Name                               Link     Load   Length     Space
        CLASS   STACK          

        CLASS   CODE           
                end_init                             4A       4A        2         0
                cinit                                4C       4C       46         0
                intentry                              4        4       46         0
                reset_vec                             0        0        2         0
                maintext_split_3                    87F      87F      781         0
                maintext_split_2                    406      406      306         0
                maintext_split_1                   1DC9     1DC9      115         0
                text126                            2353     2353       1B         0
                text125                            204F     204F        4         0
                text124                            2FF3     2FF3        1         0
                text123                            2053     2053        4         0
                text122                            2733     2733       41         0
                text121                            245F     245F       22         0
                text120                            2FF4     2FF4        3         0
                text119                            2FF7     2FF7        3         0
                text118                            21DC     21DC       10         0
                text117                            2588     2588       2A         0
                text116                            2149     2149        D         0
                text115                            220C     220C       11         0
                text114                            221D     221D       11         0
                text113                            222E     222E       11         0
                text112                            223F     223F       11         0
                text111                            22A6     22A6       18         0
                text110                            204A     204A        2         0
                text109                               2        2        2         0
                text108                            2FFA     2FFA        3         0
                text107                            2057     2057        4         0
                text106                            2FFD     2FFD        3         0
                text105                            205B     205B        4         0
                text104                            2067     2067        5         0
                text103                            20B2     20B2        6         0
                text102                            204C     204C        3         0
                text101                            263A     263A       2F         0
                text100                            206C     206C        5         0
                text99                             20E7     20E7        9         0
                text98                             20D7     20D7        8         0
                text97                             19A9     19A9       57         0
                text96                             2774     2774       46         0
                text95                             20D0     20D0        7         0
                text94                             2071     2071        5         0
                text93                             2076     2076        5         0
                text92                             207B     207B        5         0
                text91                             2080     2080        5         0
                text90                             2085     2085        5         0
                text89                             208A     208A        5         0
                text88                             208F     208F        5         0
                text87                             2094     2094        5         0
                text86                             25B2     25B2       2D         0
                text85                              800      800        3         0
                text84                             260C     260C       2E         0
                text83                             205F     205F        4         0
                text81                             241D     241D       21         0
                text80                             2126     2126        B         0
                text79                             21BE     21BE        F         0
                text78                             20DF     20DF        8         0
                text77                             20F0     20F0        9         0
                text76                             20F9     20F9        9         0
                text75                             2102     2102        9         0
                text74                             210B     210B        9         0
                text73                             2114     2114        9         0
                text72                             182C     182C       48         0
                text71                             2131     2131        C         0
                text70                             23C0     23C0       1F         0
                text69                             2063     2063        4         0
                text68                             21EC     21EC       10         0
                text67                             23DF     23DF       1F         0
                text66                             2156     2156        D         0
                text65                             213D     213D        C         0
                text64                             20B8     20B8        6         0
                text63                             20BE     20BE        6         0
                text62                             21FC     21FC       10         0
                text61                             2264     2264       15         0
                text60                             22BE     22BE       18         0
                text59                             22D6     22D6       18         0
                text58                             211D     211D        9         0
                text57                             2669     2669       2F         0
                text56                             22EE     22EE       19         0
                text55                             23FE     23FE       1F         0
                text54                             1906     1906       51         0
                text53                             1800     1800       2C         0
                text52                             1874     1874       48         0
                text51                             2163     2163        D         0
                text50                             2170     2170        D         0
                text49                             217D     217D        D         0
                text48                             1CC4     1CC4      105         0
                text47                              70C      70C       ED         0
                text46                             23A4     23A4       1C         0
                text45                             25DF     25DF       2D         0
                text44                              7F9      7F9        7         0
                text43                             1957     1957       52         0
                text42                             255F     255F       29         0
                text41                             2339     2339       1A         0
                text40                             1A57     1A57       5C         0
                text39                             1160     1160      170         0
                text38                             1EDE     1EDE      122         0
                text37                             26C7     26C7       34         0
                text36                             2279     2279       16         0
                text35                             2510     2510       27         0
                text34                             228F     228F       17         0
                text33                             1B1A     1B1A       89         0
                text32                             2698     2698       2F         0
                text31                             236E     236E       1B         0
                text30                             2389     2389       1B         0
                text29                             1C2F     1C2F       95         0
                text28                             1AB3     1AB3       67         0
                text27                             218A     218A        D         0
                text26                             2197     2197        D         0
                text25                             21A4     21A4        D         0
                text24                             21B1     21B1        D         0
                text23                             18BC     18BC       4A         0
                text22                             1A00     1A00       57         0
                text21                             2481     2481       23         0
                text20                             24A4     24A4       23         0
                text19                             24C7     24C7       23         0
                text18                             100E     100E      152         0
                text17                             1BA3     1BA3       8C         0
                text16                             2307     2307       19         0
                text15                               92       92      374         0
                text14                             27BA     27BA       46         0
                text13                             2099     2099        5         0
                text12                             209E     209E        5         0
                text11                             20A3     20A3        5         0
                text10                             20A8     20A8        5         0
                text9                              1545     1545      2BB         0
                text8                              2320     2320       19         0
                text7                              21CD     21CD        F         0
                text6                              20AD     20AD        5         0
                text5                              24EA     24EA       26         0
                text4                              243E     243E       21         0
                text3                               803      803       7C         0
                text2                              1001     1001        D         0
                text1                              26FB     26FB       38         0
                maintext                           12D0     12D0      275         0
                clrtext                            20C4     20C4        6         0
                inittext                           20CA     20CA        6         0
                idataBANK4                         2537     2537       28         0
                idataBANK3                         2250     2250       14         0
                idataBANK1                         1000     1000        1         0

        CLASS   STRCODE        
                stringtext116                      2F0A     2F0A        3         0
                stringtext115                      2F02     2F02        8         0
                stringtext114                      2EFA     2EFA        8         0
                stringtext113                      2EF2     2EF2        8         0
                stringtext112                      2EEA     2EEA        8         0
                stringtext111                      2EE2     2EE2        8         0
                stringtext110                      2EDA     2EDA        8         0
                stringtext109                      2ED2     2ED2        8         0
                stringtext108                      2ECA     2ECA        8         0
                stringtext107                      2EC2     2EC2        8         0
                stringtext106                      2EBA     2EBA        8         0
                stringtext105                      2EB2     2EB2        8         0
                stringtext104                      2EA9     2EA9        9         0
                stringtext103                      2EA0     2EA0        9         0
                stringtext102                      2E97     2E97        9         0
                stringtext101                      2E8E     2E8E        9         0
                stringtext100                      2E85     2E85        9         0
                stringtext99                       2E7C     2E7C        9         0
                stringtext98                       2E73     2E73        9         0
                stringtext97                       2E6A     2E6A        9         0
                stringtext96                       2E61     2E61        9         0
                stringtext95                       2E56     2E56        B         0
                stringtext94                       2E4B     2E4B        B         0
                stringtext93                       2E3F     2E3F        C         0
                stringtext92                       2E33     2E33        C         0
                stringtext91                       2E27     2E27        C         0
                stringtext90                       2E1B     2E1B        C         0
                stringtext89                       2E0F     2E0F        C         0
                stringtext88                       2E03     2E03        C         0
                stringtext87                       2DF7     2DF7        C         0
                stringtext86                       2DEB     2DEB        C         0
                stringtext85                       2DDF     2DDF        C         0
                stringtext84                       2DD3     2DD3        C         0
                stringtext83                       2DC7     2DC7        C         0
                stringtext82                       2DBA     2DBA        D         0
                stringtext81                       2DAD     2DAD        D         0
                stringtext80                       2DA0     2DA0        D         0
                stringtext79                       2D93     2D93        D         0
                stringtext78                       2D86     2D86        D         0
                stringtext77                       2D79     2D79        D         0
                stringtext76                       2D6C     2D6C        D         0
                stringtext75                       2D5F     2D5F        D         0
                stringtext74                       2D52     2D52        D         0
                stringtext73                       2D45     2D45        D         0
                stringtext72                       2D37     2D37        E         0
                stringtext71                       2D29     2D29        E         0
                stringtext70                       2D1B     2D1B        E         0
                stringtext69                       2D0C     2D0C        F         0
                stringtext68                       2CFD     2CFD        F         0
                stringtext67                       2CEE     2CEE        F         0
                stringtext66                       2CDF     2CDF        F         0
                stringtext65                       2CD0     2CD0        F         0
                stringtext64                       2CC1     2CC1        F         0
                stringtext63                       2CB2     2CB2        F         0
                stringtext62                       2CA3     2CA3        F         0
                stringtext61                       2C94     2C94        F         0
                stringtext60                       2C84     2C84       10         0
                stringtext59                       2C74     2C74       10         0
                stringtext58                       2C63     2C63       11         0
                stringtext57                       2C52     2C52       11         0
                stringtext56                       2C41     2C41       11         0
                stringtext55                       2C30     2C30       11         0
                stringtext54                       2C1F     2C1F       11         0
                stringtext53                       2C0E     2C0E       11         0
                stringtext52                       2BFD     2BFD       11         0
                stringtext51                       2BEC     2BEC       11         0
                stringtext50                       2BDB     2BDB       11         0
                stringtext49                       2BCA     2BCA       11         0
                stringtext48                       2BB9     2BB9       11         0
                stringtext47                       2BA8     2BA8       11         0
                stringtext46                       2B97     2B97       11         0
                stringtext45                       2B86     2B86       11         0
                stringtext44                       2B75     2B75       11         0
                stringtext43                       2B64     2B64       11         0
                stringtext42                       2B52     2B52       12         0
                stringtext41                       2B40     2B40       12         0
                stringtext40                       2B2E     2B2E       12         0
                stringtext39                       2B1C     2B1C       12         0
                stringtext38                       2B0A     2B0A       12         0
                stringtext37                       2AF8     2AF8       12         0
                stringtext36                       2AE6     2AE6       12         0
                stringtext35                       2AD4     2AD4       12         0
                stringtext34                       2AC2     2AC2       12         0
                stringtext33                       2AB0     2AB0       12         0
                stringtext32                       2A9E     2A9E       12         0
                stringtext31                       2A8C     2A8C       12         0
                stringtext30                       2A7A     2A7A       12         0
                stringtext29                       2A68     2A68       12         0
                stringtext28                       2A56     2A56       12         0
                stringtext27                       2A43     2A43       13         0
                stringtext26                       2A30     2A30       13         0
                stringtext25                       2A1D     2A1D       13         0
                stringtext24                       2A09     2A09       14         0
                stringtext23                       29F5     29F5       14         0
                stringtext22                       29E1     29E1       14         0
                stringtext21                       29CC     29CC       15         0
                stringtext20                       29B7     29B7       15         0
                stringtext19                       29A2     29A2       15         0
                stringtext18                       298D     298D       15         0
                stringtext17                       2978     2978       15         0
                stringtext16                       2963     2963       15         0
                stringtext15                       294C     294C       17         0
                stringtext14                       2935     2935       17         0
                stringtext13                       291E     291E       17         0
                stringtext12                       2907     2907       17         0
                stringtext11                       28EF     28EF       18         0
                stringtext10                       28D7     28D7       18         0
                stringtext9                        28BE     28BE       19         0
                stringtext8                        28A5     28A5       19         0
                stringtext7                        288B     288B       1A         0
                stringtext6                        2871     2871       1A         0
                stringtext5                        2857     2857       1A         0
                stringtext4                        283B     283B       1C         0
                stringtext3                        281F     281F       1C         0
                stringtext2                        2800     2800       1F         0
                stringtext1                        2000     2000       4A         0

        CLASS   STRING         

        CLASS   CONST          

        CLASS   ENTRY          

        CLASS   COMMON         
                cstackCOMMON                         70       70        D         1
                bssCOMMON                            7D       7D        1         1

        CLASS   BANK0          
                cstackBANK0                          20       20       4A         1
                bssBANK0                             6A       6A        3         1

        CLASS   BANK1          
                cstackBANK1                          A0       A0       3F         1
                dataBANK1                            EE       EE        1         1
                bssBANK1                             DF       DF        F         1

        CLASS   BANK2          
                cstackBANK2                         120      120       3B         1
                bssBANK2                            15B      15B       14         1

        CLASS   BANK3          
                dataBANK3                           1CD      1CD       14         1
                bssBANK3                            1A0      1A0       2D         1

        CLASS   BANK4          
                dataBANK4                           220      220       28         1
                bssBANK4                            248      248       20         1

        CLASS   BANK5          

        CLASS   BANK6          

        CLASS   BANK7          

        CLASS   BANK8          

        CLASS   BANK9          

        CLASS   BANK10         

        CLASS   BANK11         

        CLASS   BANK12         

        CLASS   BIGRAM         

        CLASS   RAM            

        CLASS   ABS1           
                abs_s1                               7E       7E        2         1

        CLASS   SFR0           

        CLASS   SFR1           

        CLASS   SFR2           

        CLASS   SFR3           

        CLASS   SFR4           

        CLASS   SFR5           

        CLASS   SFR6           

        CLASS   SFR7           

        CLASS   SFR8           

        CLASS   SFR9           

        CLASS   SFR10          

        CLASS   SFR11          

        CLASS   SFR12          

        CLASS   SFR13          

        CLASS   SFR14          

        CLASS   SFR15          

        CLASS   SFR16          

        CLASS   SFR17          

        CLASS   SFR18          

        CLASS   SFR19          

        CLASS   SFR20          

        CLASS   SFR21          

        CLASS   SFR22          

        CLASS   SFR23          

        CLASS   SFR24          

        CLASS   SFR25          

        CLASS   SFR26          

        CLASS   SFR27          

        CLASS   SFR28          

        CLASS   SFR29          

        CLASS   SFR30          

        CLASS   SFR31          

        CLASS   CONFIG         
                config                             8007     8007        2         4

        CLASS   IDLOC          
                idloc                              8000     8000        4         5

        CLASS   EEDATA         

        CLASS   BANK31         

        CLASS   BANK30         

        CLASS   BANK29         

        CLASS   BANK28         

        CLASS   BANK27         

        CLASS   BANK26         

        CLASS   BANK25         

        CLASS   BANK24         

        CLASS   BANK23         

        CLASS   BANK22         

        CLASS   BANK21         

        CLASS   BANK20         

        CLASS   BANK19         

        CLASS   BANK18         

        CLASS   BANK17         

        CLASS   BANK16         

        CLASS   BANK15         

        CLASS   BANK14         

        CLASS   BANK13         



SEGMENTS        Name                           Load    Length   Top    Selector   Space  Class     Delta

                reset_vec                      000000  000004  000004         0       0  CODE        2
                intentry                       000004  0007FF  000803         8       0  CODE        2
                cstackBANK0                    000020  00004D  00006D        20       1  BANK0       1
                cstackCOMMON                   000070  00000E  00007E        70       1  COMMON      1
                cstackBANK1                    0000A0  00004F  0000EF        A0       1  BANK1       1
                cstackBANK2                    000120  00004F  00016F       120       1  BANK2       1
                bssBANK3                       0001A0  000041  0001E1       1A0       1  BANK3       1
                dataBANK4                      000220  000048  000268       220       1  BANK4       1
                text3                          000803  00007C  00087F      1006       0  CODE        2
                maintext_split_3               00087F  000782  001001      10FE       0  CODE        2
                text2                          001001  00000D  00100E      2002       0  CODE        2
                text18                         00100E  000152  001160      201C       0  CODE        2
                text39                         001160  000170  0012D0      22C0       0  CODE        2
                maintext                       0012D0  000275  001545      25A0       0  CODE        2
                text9                          001545  0002E7  00182C      2A8A       0  CODE        2
                text72                         00182C  000048  001874      3058       0  CODE        2
                text52                         001874  000048  0018BC      30E8       0  CODE        2
                text23                         0018BC  00004A  001906      3178       0  CODE        2
                text54                         001906  000051  001957      320C       0  CODE        2
                text43                         001957  000052  0019A9      32AE       0  CODE        2
                text97                         0019A9  000057  001A00      3352       0  CODE        2
                text22                         001A00  000057  001A57      3400       0  CODE        2
                text40                         001A57  00005C  001AB3      34AE       0  CODE        2
                text28                         001AB3  000067  001B1A      3566       0  CODE        2
                text33                         001B1A  000089  001BA3      3634       0  CODE        2
                text17                         001BA3  00008C  001C2F      3746       0  CODE        2
                text29                         001C2F  000095  001CC4      385E       0  CODE        2
                text48                         001CC4  000105  001DC9      3988       0  CODE        2
                maintext_split_1               001DC9  000115  001EDE      3B92       0  CODE        2
                text38                         001EDE  000122  002000      3DBC       0  CODE        2
                stringtext1                    002000  00004A  00204A      4000       0  STRCODE     2
                text110                        00204A  000002  00204C      4094       0  CODE        2
                text102                        00204C  000003  00204F      4098       0  CODE        2
                text125                        00204F  000004  002053      409E       0  CODE        2
                text123                        002053  000004  002057      40A6       0  CODE        2
                text107                        002057  000004  00205B      40AE       0  CODE        2
                text105                        00205B  000004  00205F      40B6       0  CODE        2
                text83                         00205F  000004  002063      40BE       0  CODE        2
                text69                         002063  000004  002067      40C6       0  CODE        2
                text104                        002067  000005  00206C      40CE       0  CODE        2
                text100                        00206C  000005  002071      40D8       0  CODE        2
                text94                         002071  000005  002076      40E2       0  CODE        2
                text93                         002076  000005  00207B      40EC       0  CODE        2
                text92                         00207B  000005  002080      40F6       0  CODE        2
                text91                         002080  000005  002085      4100       0  CODE        2
                text90                         002085  000005  00208A      410A       0  CODE        2
                text89                         00208A  000005  00208F      4114       0  CODE        2
                text88                         00208F  000005  002094      411E       0  CODE        2
                text87                         002094  000005  002099      4128       0  CODE        2
                text13                         002099  000005  00209E      4132       0  CODE        2
                text12                         00209E  000005  0020A3      413C       0  CODE        2
                text11                         0020A3  000005  0020A8      4146       0  CODE        2
                text10                         0020A8  000005  0020AD      4150       0  CODE        2
                text6                          0020AD  000005  0020B2      415A       0  CODE        2
                text103                        0020B2  000006  0020B8      4164       0  CODE        2
                text64                         0020B8  000006  0020BE      4170       0  CODE        2
                text63                         0020BE  000006  0020C4      417C       0  CODE        2
                clrtext                        0020C4  000006  0020CA      4188       0  CODE        2
                inittext                       0020CA  000006  0020D0      4194       0  CODE        2
                text95                         0020D0  000007  0020D7      41A0       0  CODE        2
                text98                         0020D7  000008  0020DF      41AE       0  CODE        2
                text78                         0020DF  000008  0020E7      41BE       0  CODE        2
                text99                         0020E7  000009  0020F0      41CE       0  CODE        2
                text77                         0020F0  000009  0020F9      41E0       0  CODE        2
                text76                         0020F9  000009  002102      41F2       0  CODE        2
                text75                         002102  000009  00210B      4204       0  CODE        2
                text74                         00210B  000009  002114      4216       0  CODE        2
                text73                         002114  000009  00211D      4228       0  CODE        2
                text58                         00211D  000009  002126      423A       0  CODE        2
                text80                         002126  00000B  002131      424C       0  CODE        2
                text71                         002131  00000C  00213D      4262       0  CODE        2
                text65                         00213D  00000C  002149      427A       0  CODE        2
                text116                        002149  00000D  002156      4292       0  CODE        2
                text66                         002156  00000D  002163      42AC       0  CODE        2
                text51                         002163  00000D  002170      42C6       0  CODE        2
                text50                         002170  00000D  00217D      42E0       0  CODE        2
                text49                         00217D  00000D  00218A      42FA       0  CODE        2
                text27                         00218A  00000D  002197      4314       0  CODE        2
                text26                         002197  00000D  0021A4      432E       0  CODE        2
                text25                         0021A4  00000D  0021B1      4348       0  CODE        2
                text24                         0021B1  00000D  0021BE      4362       0  CODE        2
                text79                         0021BE  00000F  0021CD      437C       0  CODE        2
                text7                          0021CD  00000F  0021DC      439A       0  CODE        2
                text118                        0021DC  000010  0021EC      43B8       0  CODE        2
                text68                         0021EC  000010  0021FC      43D8       0  CODE        2
                text62                         0021FC  000010  00220C      43F8       0  CODE        2
                text115                        00220C  000011  00221D      4418       0  CODE        2
                text114                        00221D  000011  00222E      443A       0  CODE        2
                text113                        00222E  000011  00223F      445C       0  CODE        2
                text112                        00223F  000011  002250      447E       0  CODE        2
                idataBANK3                     002250  000014  002264      44A0       0  CODE        2
                text61                         002264  000015  002279      44C8       0  CODE        2
                text36                         002279  000016  00228F      44F2       0  CODE        2
                text34                         00228F  000017  0022A6      451E       0  CODE        2
                text111                        0022A6  000018  0022BE      454C       0  CODE        2
                text60                         0022BE  000018  0022D6      457C       0  CODE        2
                text59                         0022D6  000018  0022EE      45AC       0  CODE        2
                text56                         0022EE  000019  002307      45DC       0  CODE        2
                text16                         002307  000019  002320      460E       0  CODE        2
                text8                          002320  000019  002339      4640       0  CODE        2
                text41                         002339  00001A  002353      4672       0  CODE        2
                text126                        002353  00001B  00236E      46A6       0  CODE        2
                text31                         00236E  00001B  002389      46DC       0  CODE        2
                text30                         002389  00001B  0023A4      4712       0  CODE        2
                text46                         0023A4  00001C  0023C0      4748       0  CODE        2
                text70                         0023C0  00001F  0023DF      4780       0  CODE        2
                text67                         0023DF  00001F  0023FE      47BE       0  CODE        2
                text55                         0023FE  00001F  00241D      47FC       0  CODE        2
                text81                         00241D  000021  00243E      483A       0  CODE        2
                text4                          00243E  000021  00245F      487C       0  CODE        2
                text121                        00245F  000022  002481      48BE       0  CODE        2
                text21                         002481  000023  0024A4      4902       0  CODE        2
                text20                         0024A4  000023  0024C7      4948       0  CODE        2
                text19                         0024C7  000023  0024EA      498E       0  CODE        2
                text5                          0024EA  000026  002510      49D4       0  CODE        2
                text35                         002510  000027  002537      4A20       0  CODE        2
                idataBANK4                     002537  000028  00255F      4A6E       0  CODE        2
                text42                         00255F  000029  002588      4ABE       0  CODE        2
                text117                        002588  00002A  0025B2      4B10       0  CODE        2
                text86                         0025B2  00002D  0025DF      4B64       0  CODE        2
                text45                         0025DF  00002D  00260C      4BBE       0  CODE        2
                text84                         00260C  00002E  00263A      4C18       0  CODE        2
                text101                        00263A  00002F  002669      4C74       0  CODE        2
                text57                         002669  00002F  002698      4CD2       0  CODE        2
                text32                         002698  00002F  0026C7      4D30       0  CODE        2
                text37                         0026C7  000034  0026FB      4D8E       0  CODE        2
                text1                          0026FB  000038  002733      4DF6       0  CODE        2
                text122                        002733  000041  002774      4E66       0  CODE        2
                text96                         002774  000046  0027BA      4EE8       0  CODE        2
                text14                         0027BA  000046  002800      4F74       0  CODE        2
                stringtext2                    002800  00070D  002F0D      5000       0  STRCODE     2
                text124                        002FF3  000001  002FF4      5FE6       0  CODE        2
                text120                        002FF4  000003  002FF7      5FE8       0  CODE        2
                text119                        002FF7  000003  002FFA      5FEE       0  CODE        2
                text108                        002FFA  000003  002FFD      5FF4       0  CODE        2
                text106                        002FFD  000003  003000      5FFA       0  CODE        2


UNUSED ADDRESS RANGES

        Name                Unused          Largest block    Delta
        BANK0            000006D-000006F                 3           1
        BANK1            00000EF-00000EF                 1           1
        BANK10           0000520-000056F                50           1
        BANK11           00005A0-00005EF                50           1
        BANK12           0000620-000064F                30           1
        BANK2            000016F-000016F                 1           1
        BANK3            00001E1-00001EF                 F           1
        BANK4            0000268-000026F                 8           1
        BANK5            00002A0-00002EF                50           1
        BANK6            0000320-000036F                50           1
        BANK7            00003A0-00003EF                50           1
        BANK8            0000420-000046F                50           1
        BANK9            00004A0-00004EF                50           1
        BIGRAM           0002000-00023EF               3F0           1
        CODE             0002F0D-0002FF2                E6           2
                         0003000-0003FFF               800
        CONST            0002F0D-0002FF2                E6           2
                         0003000-0003FFF               100
        EEDATA           000F000-000F0FF               100           2
        ENTRY            0002F0D-0002FF2                E6           2
                         0003000-0003FFF               100
        RAM              000006D-000006F                 3           1
                         00000EF-00000EF                 1
                         000016F-000016F                 1
                         00001E1-00001EF                 F
                         0000268-000026F                 8
                         00002A0-00002EF                50
                         0000320-000036F                50
                         00003A0-00003EF                50
                         0000420-000046F                50
                         00004A0-00004EF                50
                         0000520-000056F                50
                         00005A0-00005EF                50
                         0000620-000064F                30
        SFR0             0000000-000001F                20           1
        SFR1             0000080-000009F                20           1
        SFR10            0000500-000051F                20           1
        SFR11            0000580-000059F                20           1
        SFR12            0000600-000061F                20           1
        SFR13            0000680-00006EF                70           1
        SFR14            0000700-000076F                70           1
        SFR15            0000780-00007EF                70           1
        SFR16            0000800-000086F                70           1
        SFR17            0000880-00008EF                70           1
        SFR18            0000900-000096F                70           1
        SFR19            0000980-00009EF                70           1
        SFR2             0000100-000011F                20           1
        SFR20            0000A00-0000A6F                70           1
        SFR21            0000A80-0000AEF                70           1
        SFR22            0000B00-0000B6F                70           1
        SFR23            0000B80-0000BEF                70           1
        SFR24            0000C00-0000C6F                70           1
        SFR25            0000C80-0000CEF                70           1
        SFR26            0000D00-0000D6F                70           1
        SFR27            0000D80-0000DEF                70           1
        SFR28            0000E00-0000E6F                70           1
        SFR29            0000E80-0000EEF                70           1
        SFR3             0000180-000019F                20           1
        SFR30            0000F00-0000F6F                70           1
        SFR31            0000F80-0000FEF                70           1
        SFR4             0000200-000021F                20           1
        SFR5             0000280-000029F                20           1
        SFR6             0000300-000031F                20           1
        SFR7             0000380-000039F                20           1
        SFR8             0000400-000041F                20           1
        SFR9             0000480-000049F                20           1
        STACK            0002188-00023EF               268           1
        STRCODE          0002F0D-0002FF2                E6           2
                         0003000-0003FFF              1000
        STRING           0002F0D-0002FF2                E6           2
                         0003000-0003FFF               100

                                  Symbol Table

?_ADC_GetConversion                            cstackBANK0      0000023
?___aodiv                                      cstackBANK0      0000023
?___aomod                                      cstackBANK0      0000023
?_abs                                          cstackBANK0      0000036
?_dtoa                                         cstackBANK0      000003F
?_pad                                          cstackBANK0      0000036
?_printf                                       cstackBANK1      00000AD
?_sprintf                                      cstackBANK1      00000AD
?_strcat                                       cstackBANK0      0000033
?_strlen                                       cstackBANK0      0000023
?_vfpfcnvrt                                    cstackBANK0      000005D
?_vfprintf                                     cstackBANK0      0000064
ADC_GetConversion@channel                      cstackBANK0      0000026
EUSART_Read@readValue                          cstackBANK0      0000024
EUSART_SetErrorHandler@interruptHandler        cstackBANK0      0000023
EUSART_SetFramingErrorHandler@interruptHandler cstackBANK0      0000023
EUSART_SetOverrunErrorHandler@interruptHandler cstackBANK0      0000023
EUSART_SetRxInterruptHandler@interruptHandler  cstackBANK0      0000023
EUSART_SetTxInterruptHandler@interruptHandler  cstackBANK0      0000023
EUSART_Write@txData                            cstackBANK0      0000024
I2C_CallbackReturnReset@funPtr                 cstackCOMMON     0000079
I2C_MasterSendTxData@data                      cstackCOMMON     0000070
I2C_Master_Write@data                          cstackBANK0      0000023
I2C_SetBuffer@buffer                           cstackCOMMON     0000073
I2C_SetBuffer@bufferSize                       cstackCOMMON     0000070
I2C_SetCallback@cb                             cstackCOMMON     0000070
I2C_SetCallback@idx                            cstackCOMMON     0000074
I2C_SetCallback@ptr                            cstackCOMMON     0000072
I2C_SetDataCompleteCallback@cb                 cstackCOMMON     0000075
I2C_SetDataCompleteCallback@ptr                cstackCOMMON     0000077
IO_Expander_Write@Data                         cstackBANK0      0000024
LCD_CMD@CMD                                    cstackBANK0      0000028
LCD_Init@I2C_Add                               cstackBANK0      000002B
LCD_Set_Cursor@COL                             cstackBANK0      0000029
LCD_Set_Cursor@ROW                             cstackBANK0      000002C
LCD_Write_4Bit@Nibble                          cstackBANK0      0000026
LCD_Write_Char@Data                            cstackBANK0      0000028
LCD_Write_String@Str                           cstackBANK0      0000029
LCD_Write_String@i                             cstackBANK0      000002C
_ACKDT                                         (abs)            00010B5
_ACKEN                                         (abs)            00010B4
_ACKSTAT                                       (abs)            00010B6
_ADCON0                                        (abs)            000009D
_ADCON0bits                                    (abs)            000009D
_ADCON1                                        (abs)            000009E
_ADC_GetConversion                             text81           000241D
_ADC_Initialize                                text78           00020DF
_ADRESH                                        (abs)            000009C
_ADRESL                                        (abs)            000009B
_ANSELA                                        (abs)            000018C
_ANSELB                                        (abs)            000018D
_ANSELD                                        (abs)            000018F
_ANSELE                                        (abs)            0000190
_APFCON                                        (abs)            000011D
_BAUDCON                                       (abs)            000019F
_BORCON                                        (abs)            0000116
_BackLight_State                               dataBANK1        00000EE
_EEADRH                                        (abs)            0000192
_EEADRL                                        (abs)            0000191
_EECON1bits                                    (abs)            0000195
_EECON2                                        (abs)            0000196
_EEDATH                                        (abs)            0000194
_EEDATL                                        (abs)            0000193
_EUSART_DefaultErrorHandler                    text125          000204F
_EUSART_DefaultFramingErrorHandler             text124          0002FF3
_EUSART_DefaultOverrunErrorHandler             text123          0002053
_EUSART_ErrorHandler                           bssBANK2         0000165
_EUSART_FramingErrorHandler                    bssBANK2         0000169
_EUSART_Initialize                             text72           000182C
_EUSART_OverrunErrorHandler                    bssBANK2         0000167
_EUSART_Read                                   text32           0002698
_EUSART_Receive_ISR                            text122          0002733
_EUSART_RxDataHandler                          text126          0002353
_EUSART_RxDefaultInterruptHandler              bssBANK2         000016B
_EUSART_SetErrorHandler                        text77           00020F0
_EUSART_SetFramingErrorHandler                 text76           00020F9
_EUSART_SetOverrunErrorHandler                 text75           0002102
_EUSART_SetRxInterruptHandler                  text74           000210B
_EUSART_SetTxInterruptHandler                  text73           0002114
_EUSART_Transmit_ISR                           text121          000245F
_EUSART_TxDefaultInterruptHandler              bssBANK1         00000E5
_EUSART_Write                                  text45           00025DF
_GIE                                           (abs)            000005F
_I2C_CallbackReturnReset                       text109          0000002
_I2C_CallbackReturnStop                        text110          000204A
_I2C_DO_ADDRESS_NACK                           text86           00025B2
_I2C_DO_IDLE                                   text100          000206C
_I2C_DO_RCEN                                   text95           00020D0
_I2C_DO_RESET                                  text87           0002094
_I2C_DO_RX                                     text96           0002774
_I2C_DO_RX_ACK                                 text90           0002085
_I2C_DO_RX_NACK_RESTART                        text88           000208F
_I2C_DO_RX_NACK_STOP                           text89           000208A
_I2C_DO_SEND_ADR_READ                          text99           00020E7
_I2C_DO_SEND_ADR_WRITE                         text98           00020D7
_I2C_DO_SEND_RESTART                           text92           000207B
_I2C_DO_SEND_RESTART_READ                      text94           0002071
_I2C_DO_SEND_RESTART_WRITE                     text93           0002076
_I2C_DO_SEND_STOP                              text91           0002080
_I2C_DO_TX                                     text97           00019A9
_I2C_DO_TX_EMPTY                               text101          000263A
_I2C_MasterClearIrq                            text85           0000800
_I2C_MasterEnableRestart                       text120          0002FF4
_I2C_MasterFsm                                 text84           000260C
_I2C_MasterGetRxData                           text106          0002FFD
_I2C_MasterIsNack                              text103          00020B2
_I2C_MasterIsr                                 text83           000205F
_I2C_MasterSendAck                             text105          000205B
_I2C_MasterSendNack                            text107          0002057
_I2C_MasterSendTxData                          text104          0002067
_I2C_MasterSetIrq                              text102          000204C
_I2C_MasterStartRx                             text108          0002FFA
_I2C_MasterStop                                text119          0002FF7
_I2C_Master_Init                               text80           0002126
_I2C_Master_Start                              text64           00020B8
[...]
attenteDemarrage3@responseSlave_2089           cstackBANK1      00000BD
attenteDemarrage3@responseSlave_2092           cstackBANK1      00000BE
attenteDemarrage3@responseSlave_2095           cstackBANK1      00000BF
attenteDemarrage3@slaveIsWaiting               cstackBANK1      00000B8
attenteDemarrage3@testAct                      cstackBANK1      00000B5
attenteDemarrage3@testSlaveActive              cstackBANK1      00000B7
btemp                                          (abs)            000007E
clear_ram0                                     clrtext          00020C4
displayManager@s1                              cstackBANK0      000002E
displayManager@s2                              cstackBANK0      0000030
displayManager@s3                              cstackBANK0      0000032
displayManager@s4                              cstackBANK0      0000034
displayManagerMaster@s1                        cstackBANK0      0000038
displayManagerMaster@s2                        cstackBANK0      000003A
displayManagerMaster@s3                        cstackBANK0      000003C
displayManagerMaster@s4                        cstackBANK0      000003E
displayManagerSlave@s1                         cstackBANK0      0000038
displayManagerSlave@s2                         cstackBANK0      000003A
displayManagerSlave@s3                         cstackBANK0      000003C
displayManagerSlave@s4                         cstackBANK0      000003E
dtoa@d                                         cstackBANK0      000003F
dtoa@fp                                        cstackBANK0      000004A
dtoa@i                                         cstackBANK0      000005B
dtoa@n                                         cstackBANK0      0000053
dtoa@p                                         cstackBANK0      000004D
dtoa@s                                         cstackBANK0      0000051
dtoa@w                                         cstackBANK0      000004F
end_of_initialization                          cinit            000008E
errorAlert@i                                   cstackBANK0      000002A
errorAlert@j                                   cstackBANK0      0000028
fputc@c                                        cstackBANK0      0000026
fputc@fp                                       cstackBANK0      0000028
fputs@c                                        cstackBANK0      0000032
fputs@fp                                       cstackBANK0      000002E
fputs@i                                        cstackBANK0      0000033
fputs@s                                        cstackBANK0      0000035
getRS232@reception                             cstackBANK0      0000026
getSlaveStatus@code                            cstackBANK0      0000024
getSlaveStatus@slaveResponse                   cstackBANK0      0000025
init_ram                                       inittext         00020CA
initialConditions@autom                        cstackBANK1      00000B4
initialConditions@prog                         cstackBANK1      00000B6
initialConditions@testAct                      cstackBANK1      00000B0
initialConditions@testVoy                      cstackBANK1      00000B2
int$flags                                      (abs)            000007E
intlevel0                                      functab          0000000
intlevel1                                      functab          0000000
intlevel2                                      functab          0000000
intlevel3                                      functab          0000000
intlevel4                                      functab          0000000
intlevel5                                      functab          0000000
ledConforme@active                             cstackBANK0      0000023
ledNonConforme@active                          cstackBANK0      0000023
ledProgession@active                           cstackBANK0      0000023
main@automatique                               cstackBANK2      0000159
main@buffer                                    cstackBANK2      0000145
main@buffer_1723                               cstackBANK2      0000147
main@lectureAN1                                cstackBANK2      0000151
main@master                                    cstackBANK2      0000149
main@orderFormWin                              cstackBANK2      0000156
main@pap                                       cstackBANK2      000014F
main@programmation                             cstackBANK2      0000158
main@slaveInTest                               cstackBANK2      0000154
main@slaveSummary                              cstackBANK2      0000155
main@slaveWaiting                              cstackBANK2      0000153
main@slectureAN1                               cstackBANK2      000014A
main@testActif                                 cstackBANK2      000015A
main@testLeds                                  cstackBANK2      0000150
main@testVoyants                               cstackBANK2      0000157
okAlert@i                                      cstackBANK1      00000B1
pad@buf                                        cstackBANK0      0000036
pad@fp                                         cstackBANK0      000003E
pad@i                                          cstackBANK0      000003A
pad@p                                          cstackBANK0      0000037
pad@w                                          cstackBANK0      000003C
pnum$maintext                                  (abs)            000008A
pnum$maintext_split_1                          (abs)            000010B
pnum$maintext_split_2                          (abs)            000010C
pnum$maintext_split_3                          (abs)            000010D
pressBP1@active                                cstackBANK0      0000023
pressBP2@active                                cstackBANK0      0000023
printf@ap                                      cstackBANK1      00000AF
printf@fmt                                     cstackBANK1      00000AD
processActionForSlave@autom                    cstackBANK1      00000B8
processActionForSlave@echo_2279                cstackBANK1      00000B7
processActionForSlave@ordreFromWin             cstackBANK1      00000B3
processActionForSlave@prog                     cstackBANK1      00000B1
processActionForSlave@responseSlave            cstackBANK1      00000B6
processActionForSlave@testAct                  cstackBANK1      00000B0
processActionForSlave@testSlaveActive          cstackBANK1      00000B2
processSlaveResponse@repSlave                  cstackBANK1      00000B4
processSlaveResponse@slaveIsWaiting            cstackBANK1      00000B0
psplit$0                                       (abs)            08A010B
psplit$1                                       (abs)            10B010C
psplit$2                                       (abs)            10C010D
putch@txData                                   cstackBANK0      0000025
rd1RegCompleteHandler@ptr                      cstackCOMMON     0000079
rd2RegCompleteHandler@ptr                      cstackCOMMON     0000079
rdBlkRegCompleteHandler@ptr                    cstackCOMMON     0000079
reponseOperateur@automatique                   cstackBANK0      0000028
reponseOperateur@reception                     cstackBANK0      0000027
reponseOperateur@repOperateur                  cstackBANK0      000002A
reponseOperateur@reponse                       cstackBANK0      0000029
reset_vec                                      reset_vec        0000000
setHorloge@active                              cstackBANK0      0000023
setP1@active                                   cstackBANK0      0000023
setP2@active                                   cstackBANK0      0000023
sortieErreur@autom                             cstackBANK1      00000B8
sortieErreur@prog                              cstackBANK1      00000BE
sortieErreur@testAct                           cstackBANK1      00000BA
sortieErreur@testVoy                           cstackBANK1      00000BC
sprintf@ap                                     cstackBANK1      00000B3
sprintf@f                                      cstackBANK1      00000B5
sprintf@fmt                                    cstackBANK1      00000AD
sprintf@ret                                    cstackBANK1      00000B1
sprintf@s                                      cstackBANK1      00000B4
start                                          init             000004A
startAlert@i                                   cstackBANK0      0000028
start_initialization                           cinit            000004C
strcat@dest                                    cstackBANK0      0000033
strcat@src                                     cstackBANK0      0000035
strcpy@d                                       cstackBANK0      0000031
strcpy@dest                                    cstackBANK0      0000027
strcpy@s                                       cstackBANK0      000002F
strcpy@src                                     cstackBANK0      0000029
strlen@a                                       cstackBANK0      0000025
strlen@s                                       cstackBANK0      0000023
testNOK@active                                 cstackBANK0      0000024
testNOK@result                                 cstackBANK0      0000023
testOK@active                                  cstackBANK0      0000024
testOK@result                                  cstackBANK0      0000023
testR1@active                                  cstackBANK0      0000024
testR1@result                                  cstackBANK0      0000023
testR2@active                                  cstackBANK0      0000024
testR2@result                                  cstackBANK0      0000023
testR3@active                                  cstackBANK0      0000024
testR3@result                                  cstackBANK0      0000023
vfpfcnvrt@ap                                   cstackBANK0      000005E
vfpfcnvrt@fmt                                  cstackBANK0      000005D
vfpfcnvrt@fp                                   cstackBANK1      00000A9
vfpfcnvrt@ll                                   cstackBANK1      00000A0
vfpfcnvrt@vp                                   cstackBANK1      00000A8
vfprintf@ap                                    cstackBANK0      0000066
vfprintf@cfmt                                  cstackBANK1      00000AB
vfprintf@fmt                                   cstackBANK0      0000064
vfprintf@fp                                    cstackBANK1      00000AA
wr1RegCompleteHandler@ptr                      cstackCOMMON     0000079
wr2RegCompleteHandler@ptr                      cstackCOMMON     0000079
wtemp0                                         (abs)            000007E


MODULE INFORMATION

Module		Function		Class		Link	Load	Size
C:\Program Files\Microchip\xc8\v2.32\pic\sources\c99\common\nf_sprintf.c
		_sprintf       		CODE           	26FB	0000	56

C:\Program Files\Microchip\xc8\v2.32\pic\sources\c99\common\nf_sprintf.c estimated size: 56

C:\Program Files\Microchip\xc8\v2.32\pic\sources\c99\common\doprnt.c
		_vfpfcnvrt     		CODE           	1EDE	0000	290
		_pad           		CODE           	1A57	0000	92
		_dtoa          		CODE           	1160	0000	368
		_vfprintf      		CODE           	26C7	0000	52

C:\Program Files\Microchip\xc8\v2.32\pic\sources\c99\common\doprnt.c estimated size: 802

mcc_generated_files/interrupt_manager.c
		_INTERRUPT_InterruptManager		CODE           	0004	0000	70

mcc_generated_files/interrupt_manager.c estimated size: 70

mcc_generated_files/examples/i2c_master_example.c
		_wr1RegCompleteHandler		CODE           	223F	0000	17
		_wr2RegCompleteHandler		CODE           	220C	0000	17
		_rdBlkRegCompleteHandler		CODE           	22A6	0000	24
		_rd1RegCompleteHandler		CODE           	221D	0000	17
		_rd2RegCompleteHandler		CODE           	222E	0000	17

mcc_generated_files/examples/i2c_master_example.c estimated size: 92

mcc_generated_files/pin_manager.c
		_PIN_MANAGER_Initialize		CODE           	23C0	0000	31

mcc_generated_files/pin_manager.c estimated size: 31

C:\Program Files\Microchip\xc8\v2.32\pic\sources\c99\common\nf_fputs.c
		_fputs         		CODE           	255F	0000	41

C:\Program Files\Microchip\xc8\v2.32\pic\sources\c99\common\nf_fputs.c estimated size: 41

mcc_generated_files/adc.c
		_ADC_Initialize		CODE           	20DF	0000	8
		_ADC_GetConversion		CODE           	241D	0000	33

mcc_generated_files/adc.c estimated size: 41

I2C-tester.c
		_sendACQToSlave		CODE           	2099	0000	5
		_sendOKToSlave 		CODE           	20A3	0000	5
		_getSlaveSummary		CODE           	20AD	0000	5
		_sendNOKToSlave		CODE           	209E	0000	5
		_startTestSlave		CODE           	20A8	0000	5
		_getSlaveStatus		CODE           	27BA	0000	70

I2C-tester.c estimated size: 95

C:\Program Files\Microchip\xc8\v2.32\pic\sources\c99\common\abs.c
		_abs           		CODE           	23A4	0000	28

C:\Program Files\Microchip\xc8\v2.32\pic\sources\c99\common\abs.c estimated size: 28

C:\Program Files\Microchip\xc8\v2.32\pic\sources\c99\common\aomod.c
		___aomod       		CODE           	070C	0000	237

C:\Program Files\Microchip\xc8\v2.32\pic\sources\c99\common\aomod.c estimated size: 237

shared
		__initialization		CODE           	004C	0000	66
		_i2c_fsmStateTable		STRCODE        	2000	0000	32

shared estimated size: 98

I2C_LCD.c
		_LCD_Init      		CODE           	1BA3	0000	140
		_LCD_Write_4Bit		CODE           	22BE	0000	24
		_LCD_Write_Char		CODE           	22EE	0000	25
		_LCD_CMD       		CODE           	22D6	0000	24
		_I2C_Master_Wait		CODE           	213D	0000	12
		_I2C_Master_Init		CODE           	2126	0000	11
		_I2C_Master_Stop		CODE           	20BE	0000	6
		_I2C_Slave_Init		CODE           	21BE	0000	15
		_LCD_Set_Cursor		CODE           	2669	0000	47
		_LCD_Clear     		CODE           	211D	0000	9
		_IO_Expander_Write		CODE           	2264	0000	21
		_I2C_Master_Write		CODE           	21FC	0000	16
		_I2C_Master_Start		CODE           	20B8	0000	6
		_LCD_Write_String		CODE           	23FE	0000	31

I2C_LCD.c estimated size: 387

mcc_generated_files/mcc.c
		_WDT_Initialize		CODE           	2063	0000	4
		_OSCILLATOR_Initialize		CODE           	2131	0000	12
		_SYSTEM_Initialize		CODE           	21EC	0000	16

mcc_generated_files/mcc.c estimated size: 32

display.c
		_displayManagerMaster		CODE           	2320	0000	25
		_displayManagerSlave		CODE           	2307	0000	25
		_displayManager		CODE           	1906	0000	81

display.c estimated size: 131

C:\Program Files\Microchip\xc8\v2.32\pic\sources\c99\common\strcat.c
		_strcat        		CODE           	228F	0000	23

C:\Program Files\Microchip\xc8\v2.32\pic\sources\c99\common\strcat.c estimated size: 23

mcc_generated_files/i2c_master.c
		_I2C_MasterStartRx		CODE           	2FFA	0000	3
		_I2C_DO_SEND_ADR_WRITE		CODE           	20D7	0000	8
		_I2C_DO_SEND_STOP		CODE           	2080	0000	5
		_I2C_MasterSendNack		CODE           	2057	0000	4
		_I2C_CallbackReturnStop		CODE           	204A	0000	2
		_I2C_DO_SEND_ADR_READ		CODE           	20E7	0000	9
		_I2C_DO_RX_NACK_STOP		CODE           	208A	0000	5
		_I2C_DO_SEND_RESTART		CODE           	207B	0000	5
		_I2C_DO_RX     		CODE           	2774	0000	70
		_I2C_DO_TX     		CODE           	19A9	0000	87
		_I2C_DO_IDLE   		CODE           	206C	0000	5
		_I2C_DO_RCEN   		CODE           	20D0	0000	7
		_I2C_DO_RESET  		CODE           	2094	0000	5
		_I2C_DO_RX_ACK 		CODE           	2085	0000	5
		_I2C_MasterClearIrq		CODE           	0800	0000	3
		_I2C_MasterGetRxData		CODE           	2FFD	0000	3
		_I2C_SetCallback		CODE           	2588	0000	42
		_I2C_DO_ADDRESS_NACK		CODE           	25B2	0000	45
		_I2C_MasterEnableRestart		CODE           	2FF4	0000	3
		_I2C_CallbackReturnReset		CODE           	0002	0000	2
		_I2C_DO_TX_EMPTY		CODE           	263A	0000	47
		_I2C_DO_SEND_RESTART_WRITE		CODE           	2076	0000	5
		_I2C_MasterIsNack		CODE           	20B2	0000	6
		_I2C_SetDataCompleteCallback		CODE           	2149	0000	13
		_I2C_DO_RX_NACK_RESTART		CODE           	208F	0000	5
		_I2C_MasterSendAck		CODE           	205B	0000	4
		_I2C_MasterFsm 		CODE           	260C	0000	46
		_I2C_MasterIsr 		CODE           	205F	0000	4
		_I2C_MasterSetIrq		CODE           	204C	0000	3
		_I2C_DO_SEND_RESTART_READ		CODE           	2071	0000	5
		_I2C_SetBuffer 		CODE           	21DC	0000	16
		_I2C_MasterSendTxData		CODE           	2067	0000	5
		_I2C_MasterStop		CODE           	2FF7	0000	3

mcc_generated_files/i2c_master.c estimated size: 480

mcc_generated_files/eusart.c
		_EUSART_SetRxInterruptHandler		CODE           	210B	0000	9
		_EUSART_SetTxInterruptHandler		CODE           	2114	0000	9
		_putch         		CODE           	07F9	0000	7
		_EUSART_Read   		CODE           	2698	0000	47
		_EUSART_DefaultOverrunErrorHandler		CODE           	2053	0000	4
		_EUSART_Write  		CODE           	25DF	0000	45
		_EUSART_DefaultErrorHandler		CODE           	204F	0000	4
		_EUSART_Transmit_ISR		CODE           	245F	0000	34
		_EUSART_Initialize		CODE           	182C	0000	72
		_EUSART_SetFramingErrorHandler		CODE           	20F9	0000	9
		_EUSART_SetErrorHandler		CODE           	20F0	0000	9
		_EUSART_SetOverrunErrorHandler		CODE           	2102	0000	9
		_EUSART_Receive_ISR		CODE           	2733	0000	65
		_EUSART_RxDataHandler		CODE           	2353	0000	27
		_EUSART_DefaultFramingErrorHandler		CODE           	2FF3	0000	1

mcc_generated_files/eusart.c estimated size: 351

C:\Program Files\Microchip\xc8\v2.32\pic\sources\c99\common\printf.c
		_printf        		CODE           	2279	0000	22

C:\Program Files\Microchip\xc8\v2.32\pic\sources\c99\common\printf.c estimated size: 22

C:\Program Files\Microchip\xc8\v2.32\pic\sources\c99\common\nf_fputc.c
		_fputc         		CODE           	1957	0000	82

C:\Program Files\Microchip\xc8\v2.32\pic\sources\c99\common\nf_fputc.c estimated size: 82

tester.c
		_okAlert       		CODE           	243E	0000	33
		_testR3        		CODE           	24C7	0000	35
		_processActionForSlave		CODE           	0803	0000	124
		_alerteDefaut  		CODE           	1B1A	0000	137
		_initialConditions		CODE           	18BC	0000	74
		_attenteDemarrage3		CODE           	1545	0000	699
		_setHorloge    		CODE           	1001	0000	13
		_errorAlert    		CODE           	1874	0000	72
		_alimenter     		CODE           	2156	0000	13
		_testR1        		CODE           	2481	0000	35
		_ledProgession 		CODE           	217D	0000	13
		_attenteAquittement		CODE           	1AB3	0000	103
		_startAlert    		CODE           	24EA	0000	38
		_processSlaveResponse		CODE           	0092	0000	884
		_pressBP1      		CODE           	218A	0000	13
		_pressBP2      		CODE           	2197	0000	13
		_testNOK       		CODE           	236E	0000	27
		_ledConforme   		CODE           	2163	0000	13
		_alerteDefautEtape16		CODE           	100E	0000	338
		_testR2        		CODE           	24A4	0000	35
		_ledNonConforme		CODE           	2170	0000	13
		_setP1         		CODE           	21A4	0000	13
		_testOK        		CODE           	2389	0000	27
		_activerTouche 		CODE           	23DF	0000	31
		_activerBuzzer 		CODE           	1800	0000	44
		_sortieErreur  		CODE           	1A00	0000	87
		_setP2         		CODE           	21B1	0000	13
		_getRS232      		CODE           	21CD	0000	15
		_reponseOperateur		CODE           	1C2F	0000	149

tester.c estimated size: 3104

C:\Program Files\Microchip\xc8\v2.32\pic\sources\c99\common\aodiv.c
		___aodiv       		CODE           	1CC4	0000	261

C:\Program Files\Microchip\xc8\v2.32\pic\sources\c99\common\aodiv.c estimated size: 261

main.c
		_main          		CODE           	12D0	0000	3601

main.c estimated size: 3601

C:\Program Files\Microchip\xc8\v2.32\pic\sources\c99\common\strlen.c
		_strlen        		CODE           	2339	0000	26

C:\Program Files\Microchip\xc8\v2.32\pic\sources\c99\common\strlen.c estimated size: 26

C:\Program Files\Microchip\xc8\v2.32\pic\sources\c99\common\strcpy.c
		_strcpy        		CODE           	2510	0000	39

C:\Program Files\Microchip\xc8\v2.32\pic\sources\c99\common\strcpy.c estimated size: 39

